Component: Arm Compiler for Embedded 6.18 Tool: armlink [5e4cc100]

==============================================================================

Section Cross References

    stm32f3xx_hal_adc.o(.ARM.exidx.text.HAL_ADC_Init) refers to stm32f3xx_hal_adc.o(.text.HAL_ADC_Init) for [Anonymous Symbol]
    stm32f3xx_hal_adc.o(.ARM.exidx.text.HAL_ADC_DeInit) refers to stm32f3xx_hal_adc.o(.text.HAL_ADC_DeInit) for [Anonymous Symbol]
    stm32f3xx_hal_adc.o(.ARM.exidx.text.HAL_ADC_MspInit) refers to stm32f3xx_hal_adc.o(.text.HAL_ADC_MspInit) for [Anonymous Symbol]
    stm32f3xx_hal_adc.o(.ARM.exidx.text.HAL_ADC_MspDeInit) refers to stm32f3xx_hal_adc.o(.text.HAL_ADC_MspDeInit) for [Anonymous Symbol]
    stm32f3xx_hal_adc.o(.ARM.exidx.text.HAL_ADC_Start) refers to stm32f3xx_hal_adc.o(.text.HAL_ADC_Start) for [Anonymous Symbol]
    stm32f3xx_hal_adc.o(.ARM.exidx.text.HAL_ADC_Stop) refers to stm32f3xx_hal_adc.o(.text.HAL_ADC_Stop) for [Anonymous Symbol]
    stm32f3xx_hal_adc.o(.ARM.exidx.text.HAL_ADC_PollForConversion) refers to stm32f3xx_hal_adc.o(.text.HAL_ADC_PollForConversion) for [Anonymous Symbol]
    stm32f3xx_hal_adc.o(.ARM.exidx.text.HAL_ADC_PollForEvent) refers to stm32f3xx_hal_adc.o(.text.HAL_ADC_PollForEvent) for [Anonymous Symbol]
    stm32f3xx_hal_adc.o(.ARM.exidx.text.HAL_ADC_Start_IT) refers to stm32f3xx_hal_adc.o(.text.HAL_ADC_Start_IT) for [Anonymous Symbol]
    stm32f3xx_hal_adc.o(.ARM.exidx.text.HAL_ADC_Stop_IT) refers to stm32f3xx_hal_adc.o(.text.HAL_ADC_Stop_IT) for [Anonymous Symbol]
    stm32f3xx_hal_adc.o(.ARM.exidx.text.HAL_ADC_Start_DMA) refers to stm32f3xx_hal_adc.o(.text.HAL_ADC_Start_DMA) for [Anonymous Symbol]
    stm32f3xx_hal_adc.o(.ARM.exidx.text.HAL_ADC_Stop_DMA) refers to stm32f3xx_hal_adc.o(.text.HAL_ADC_Stop_DMA) for [Anonymous Symbol]
    stm32f3xx_hal_adc.o(.ARM.exidx.text.HAL_ADC_GetValue) refers to stm32f3xx_hal_adc.o(.text.HAL_ADC_GetValue) for [Anonymous Symbol]
    stm32f3xx_hal_adc.o(.ARM.exidx.text.HAL_ADC_IRQHandler) refers to stm32f3xx_hal_adc.o(.text.HAL_ADC_IRQHandler) for [Anonymous Symbol]
    stm32f3xx_hal_adc.o(.ARM.exidx.text.HAL_ADC_ConvCpltCallback) refers to stm32f3xx_hal_adc.o(.text.HAL_ADC_ConvCpltCallback) for [Anonymous Symbol]
    stm32f3xx_hal_adc.o(.ARM.exidx.text.HAL_ADC_ConvHalfCpltCallback) refers to stm32f3xx_hal_adc.o(.text.HAL_ADC_ConvHalfCpltCallback) for [Anonymous Symbol]
    stm32f3xx_hal_adc.o(.ARM.exidx.text.HAL_ADC_LevelOutOfWindowCallback) refers to stm32f3xx_hal_adc.o(.text.HAL_ADC_LevelOutOfWindowCallback) for [Anonymous Symbol]
    stm32f3xx_hal_adc.o(.ARM.exidx.text.HAL_ADC_ErrorCallback) refers to stm32f3xx_hal_adc.o(.text.HAL_ADC_ErrorCallback) for [Anonymous Symbol]
    stm32f3xx_hal_adc.o(.ARM.exidx.text.HAL_ADC_ConfigChannel) refers to stm32f3xx_hal_adc.o(.text.HAL_ADC_ConfigChannel) for [Anonymous Symbol]
    stm32f3xx_hal_adc.o(.ARM.exidx.text.HAL_ADC_AnalogWDGConfig) refers to stm32f3xx_hal_adc.o(.text.HAL_ADC_AnalogWDGConfig) for [Anonymous Symbol]
    stm32f3xx_hal_adc.o(.ARM.exidx.text.HAL_ADC_GetState) refers to stm32f3xx_hal_adc.o(.text.HAL_ADC_GetState) for [Anonymous Symbol]
    stm32f3xx_hal_adc.o(.ARM.exidx.text.HAL_ADC_GetError) refers to stm32f3xx_hal_adc.o(.text.HAL_ADC_GetError) for [Anonymous Symbol]
    stm32f3xx_hal_rcc.o(.text.HAL_RCC_DeInit) refers to system_stm32f3xx.o(.data.SystemCoreClock) for SystemCoreClock
    stm32f3xx_hal_rcc.o(.ARM.exidx.text.HAL_RCC_DeInit) refers to stm32f3xx_hal_rcc.o(.text.HAL_RCC_DeInit) for [Anonymous Symbol]
    stm32f3xx_hal_rcc.o(.text.HAL_RCC_OscConfig) refers to stm32f3xx_hal_rcc.o(.text.OUTLINED_FUNCTION_4) for OUTLINED_FUNCTION_4
    stm32f3xx_hal_rcc.o(.text.HAL_RCC_OscConfig) refers to stm32f3xx_hal_rcc.o(.text.OUTLINED_FUNCTION_1) for OUTLINED_FUNCTION_1
    stm32f3xx_hal_rcc.o(.text.HAL_RCC_OscConfig) refers to stm32f3xx_hal.o(.text.HAL_GetTick) for HAL_GetTick
    stm32f3xx_hal_rcc.o(.text.HAL_RCC_OscConfig) refers to stm32f3xx_hal_rcc.o(.text.OUTLINED_FUNCTION_0) for OUTLINED_FUNCTION_0
    stm32f3xx_hal_rcc.o(.text.HAL_RCC_OscConfig) refers to stm32f3xx_hal_rcc.o(.text.OUTLINED_FUNCTION_2) for OUTLINED_FUNCTION_2
    stm32f3xx_hal_rcc.o(.ARM.exidx.text.HAL_RCC_OscConfig) refers to stm32f3xx_hal_rcc.o(.text.HAL_RCC_OscConfig) for [Anonymous Symbol]
    stm32f3xx_hal_rcc.o(.text.HAL_RCC_ClockConfig) refers to stm32f3xx_hal_rcc.o(.text.HAL_RCC_GetSysClockFreq) for HAL_RCC_GetSysClockFreq
    stm32f3xx_hal_rcc.o(.text.HAL_RCC_ClockConfig) refers to stm32f3xx_hal.o(.text.HAL_InitTick) for HAL_InitTick
    stm32f3xx_hal_rcc.o(.text.HAL_RCC_ClockConfig) refers to stm32f3xx_hal_rcc.o(.text.OUTLINED_FUNCTION_1) for OUTLINED_FUNCTION_1
    stm32f3xx_hal_rcc.o(.text.HAL_RCC_ClockConfig) refers to stm32f3xx_hal.o(.text.HAL_GetTick) for HAL_GetTick
    stm32f3xx_hal_rcc.o(.text.HAL_RCC_ClockConfig) refers to system_stm32f3xx.o(.rodata.AHBPrescTable) for AHBPrescTable
[...]
    Removing stm32f3xx_hal_cortex.o(.ARM.exidx.text.HAL_NVIC_GetPendingIRQ), (8 bytes).
    Removing stm32f3xx_hal_cortex.o(.text.HAL_NVIC_ClearPendingIRQ), (20 bytes).
    Removing stm32f3xx_hal_cortex.o(.ARM.exidx.text.HAL_NVIC_ClearPendingIRQ), (8 bytes).
    Removing stm32f3xx_hal_cortex.o(.text.HAL_NVIC_GetActive), (12 bytes).
    Removing stm32f3xx_hal_cortex.o(.ARM.exidx.text.HAL_NVIC_GetActive), (8 bytes).
    Removing stm32f3xx_hal_cortex.o(.ARM.exidx.text.HAL_SYSTICK_CLKSourceConfig), (8 bytes).
    Removing stm32f3xx_hal_cortex.o(.ARM.exidx.text.HAL_SYSTICK_IRQHandler), (8 bytes).
    Removing stm32f3xx_hal_cortex.o(.ARM.exidx.text.HAL_SYSTICK_Callback), (8 bytes).
    Removing stm32f3xx_hal_cortex.o(.text.OUTLINED_FUNCTION_0), (20 bytes).
    Removing stm32f3xx_hal_cortex.o(.ARM.exidx.text.OUTLINED_FUNCTION_0), (8 bytes).
    Removing stm32f3xx_hal_cortex.o(.ARM.exidx.text.OUTLINED_FUNCTION_1), (8 bytes).
    Removing stm32f3xx_hal_cortex.o(.ARM.exidx.text.OUTLINED_FUNCTION_2), (8 bytes).
    Removing stm32f3xx_hal_i2c_ex.o(.text), (0 bytes).
    Removing stm32f3xx_hal_i2c_ex.o(.text.HAL_I2CEx_ConfigAnalogFilter), (60 bytes).
    Removing stm32f3xx_hal_i2c_ex.o(.ARM.exidx.text.HAL_I2CEx_ConfigAnalogFilter), (8 bytes).
    Removing stm32f3xx_hal_i2c_ex.o(.text.HAL_I2CEx_ConfigDigitalFilter), (58 bytes).
    Removing stm32f3xx_hal_i2c_ex.o(.ARM.exidx.text.HAL_I2CEx_ConfigDigitalFilter), (8 bytes).
    Removing stm32f3xx_hal_i2c_ex.o(.text.HAL_I2CEx_EnableWakeUp), (54 bytes).
    Removing stm32f3xx_hal_i2c_ex.o(.ARM.exidx.text.HAL_I2CEx_EnableWakeUp), (8 bytes).
    Removing stm32f3xx_hal_i2c_ex.o(.text.HAL_I2CEx_DisableWakeUp), (54 bytes).
    Removing stm32f3xx_hal_i2c_ex.o(.ARM.exidx.text.HAL_I2CEx_DisableWakeUp), (8 bytes).
    Removing stm32f3xx_hal_i2c_ex.o(.text.HAL_I2CEx_EnableFastModePlus), (44 bytes).
    Removing stm32f3xx_hal_i2c_ex.o(.ARM.exidx.text.HAL_I2CEx_EnableFastModePlus), (8 bytes).
    Removing stm32f3xx_hal_i2c_ex.o(.text.HAL_I2CEx_DisableFastModePlus), (44 bytes).
    Removing stm32f3xx_hal_i2c_ex.o(.ARM.exidx.text.HAL_I2CEx_DisableFastModePlus), (8 bytes).
    Removing stm32f3xx_hal_i2c_ex.o(.text.OUTLINED_FUNCTION_0), (24 bytes).
    Removing stm32f3xx_hal_i2c_ex.o(.ARM.exidx.text.OUTLINED_FUNCTION_0), (8 bytes).
    Removing stm32f3xx_hal_i2c_ex.o(.text.OUTLINED_FUNCTION_1), (24 bytes).
    Removing stm32f3xx_hal_i2c_ex.o(.ARM.exidx.text.OUTLINED_FUNCTION_1), (8 bytes).
    Removing stm32f3xx_hal_dma.o(.text), (0 bytes).
    Removing stm32f3xx_hal_dma.o(.ARM.exidx.text.HAL_DMA_Init), (8 bytes).
    Removing stm32f3xx_hal_dma.o(.ARM.exidx.text.DMA_CalcBaseAndBitshift), (8 bytes).
    Removing stm32f3xx_hal_dma.o(.text.HAL_DMA_DeInit), (54 bytes).
    Removing stm32f3xx_hal_dma.o(.ARM.exidx.text.HAL_DMA_DeInit), (8 bytes).
    Removing stm32f3xx_hal_dma.o(.text.HAL_DMA_Start), (76 bytes).
    Removing stm32f3xx_hal_dma.o(.ARM.exidx.text.HAL_DMA_Start), (8 bytes).
    Removing stm32f3xx_hal_dma.o(.ARM.exidx.text.DMA_SetConfig), (8 bytes).
    Removing stm32f3xx_hal_dma.o(.ARM.exidx.text.HAL_DMA_Start_IT), (8 bytes).
    Removing stm32f3xx_hal_dma.o(.text.HAL_DMA_Abort), (40 bytes).
    Removing stm32f3xx_hal_dma.o(.ARM.exidx.text.HAL_DMA_Abort), (8 bytes).
    Removing stm32f3xx_hal_dma.o(.text.HAL_DMA_Abort_IT), (62 bytes).
    Removing stm32f3xx_hal_dma.o(.ARM.exidx.text.HAL_DMA_Abort_IT), (8 bytes).
    Removing stm32f3xx_hal_dma.o(.text.HAL_DMA_PollForTransfer), (172 bytes).
    Removing stm32f3xx_hal_dma.o(.ARM.exidx.text.HAL_DMA_PollForTransfer), (8 bytes).
    Removing stm32f3xx_hal_dma.o(.ARM.exidx.text.HAL_DMA_IRQHandler), (8 bytes).
    Removing stm32f3xx_hal_dma.o(.text.HAL_DMA_RegisterCallback), (72 bytes).
    Removing stm32f3xx_hal_dma.o(.ARM.exidx.text.HAL_DMA_RegisterCallback), (8 bytes).
    Removing stm32f3xx_hal_dma.o(.text.HAL_DMA_UnRegisterCallback), (80 bytes).
    Removing stm32f3xx_hal_dma.o(.ARM.exidx.text.HAL_DMA_UnRegisterCallback), (8 bytes).
    Removing stm32f3xx_hal_dma.o(.text.HAL_DMA_GetState), (6 bytes).
    Removing stm32f3xx_hal_dma.o(.ARM.exidx.text.HAL_DMA_GetState), (8 bytes).
    Removing stm32f3xx_hal_dma.o(.text.HAL_DMA_GetError), (4 bytes).
    Removing stm32f3xx_hal_dma.o(.ARM.exidx.text.HAL_DMA_GetError), (8 bytes).
    Removing stm32f3xx_hal_rcc_ex.o(.text), (0 bytes).
    Removing stm32f3xx_hal_rcc_ex.o(.text.HAL_RCCEx_PeriphCLKConfig), (480 bytes).
    Removing stm32f3xx_hal_rcc_ex.o(.ARM.exidx.text.HAL_RCCEx_PeriphCLKConfig), (8 bytes).
    Removing stm32f3xx_hal_rcc_ex.o(.text.HAL_RCCEx_GetPeriphCLKConfig), (128 bytes).
    Removing stm32f3xx_hal_rcc_ex.o(.ARM.exidx.text.HAL_RCCEx_GetPeriphCLKConfig), (8 bytes).
    Removing stm32f3xx_hal_rcc_ex.o(.text.HAL_RCCEx_GetPeriphCLKFreq), (600 bytes).
    Removing stm32f3xx_hal_rcc_ex.o(.ARM.exidx.text.HAL_RCCEx_GetPeriphCLKFreq), (8 bytes).
    Removing stm32f3xx_hal_rcc_ex.o(.text.RCC_GetPLLCLKFreq), (52 bytes).
    Removing stm32f3xx_hal_rcc_ex.o(.ARM.exidx.text.RCC_GetPLLCLKFreq), (8 bytes).
    Removing stm32f3xx_hal_rcc_ex.o(.rodata.cst32), (32 bytes).
    Removing stm32f3xx_hal_tim.o(.text), (0 bytes).
    Removing stm32f3xx_hal_i2c.o(.text), (0 bytes).
    Removing stm32f3xx_hal_i2c.o(.text.HAL_I2C_Init), (156 bytes).
    Removing stm32f3xx_hal_i2c.o(.ARM.exidx.text.HAL_I2C_Init), (8 bytes).
    Removing stm32f3xx_hal_i2c.o(.text.HAL_I2C_MspInit), (2 bytes).
    Removing stm32f3xx_hal_i2c.o(.ARM.exidx.text.HAL_I2C_MspInit), (8 bytes).
    Removing stm32f3xx_hal_i2c.o(.text.HAL_I2C_DeInit), (52 bytes).
    Removing stm32f3xx_hal_i2c.o(.ARM.exidx.text.HAL_I2C_DeInit), (8 bytes).
    Removing stm32f3xx_hal_i2c.o(.text.HAL_I2C_MspDeInit), (2 bytes).
    Removing stm32f3xx_hal_i2c.o(.ARM.exidx.text.HAL_I2C_MspDeInit), (8 bytes).
    Removing stm32f3xx_hal_i2c.o(.text.HAL_I2C_Master_Transmit), (224 bytes).
    Removing stm32f3xx_hal_i2c.o(.ARM.exidx.text.HAL_I2C_Master_Transmit), (8 bytes).
    Removing stm32f3xx_hal_i2c.o(.text.I2C_WaitOnFlagUntilTimeout), (68 bytes).
    Removing stm32f3xx_hal_i2c.o(.ARM.exidx.text.I2C_WaitOnFlagUntilTimeout), (8 bytes).
    Removing stm32f3xx_hal_i2c.o(.text.I2C_TransferConfig), (40 bytes).
    Removing stm32f3xx_hal_i2c.o(.ARM.exidx.text.I2C_TransferConfig), (8 bytes).
    Removing stm32f3xx_hal_i2c.o(.text.I2C_WaitOnTXISFlagUntilTimeout), (62 bytes).
    Removing stm32f3xx_hal_i2c.o(.ARM.exidx.text.I2C_WaitOnTXISFlagUntilTimeout), (8 bytes).
    Removing stm32f3xx_hal_i2c.o(.text.I2C_WaitOnSTOPFlagUntilTimeout), (56 bytes).
    Removing stm32f3xx_hal_i2c.o(.ARM.exidx.text.I2C_WaitOnSTOPFlagUntilTimeout), (8 bytes).
    Removing stm32f3xx_hal_i2c.o(.text.HAL_I2C_Master_Receive), (224 bytes).
    Removing stm32f3xx_hal_i2c.o(.ARM.exidx.text.HAL_I2C_Master_Receive), (8 bytes).
    Removing stm32f3xx_hal_i2c.o(.text.I2C_WaitOnRXNEFlagUntilTimeout), (116 bytes).
    Removing stm32f3xx_hal_i2c.o(.ARM.exidx.text.I2C_WaitOnRXNEFlagUntilTimeout), (8 bytes).
    Removing stm32f3xx_hal_i2c.o(.text.HAL_I2C_Slave_Transmit), (218 bytes).
    Removing stm32f3xx_hal_i2c.o(.ARM.exidx.text.HAL_I2C_Slave_Transmit), (8 bytes).
    Removing stm32f3xx_hal_i2c.o(.text.HAL_I2C_Slave_Receive), (196 bytes).
    Removing stm32f3xx_hal_i2c.o(.ARM.exidx.text.HAL_I2C_Slave_Receive), (8 bytes).
    Removing stm32f3xx_hal_i2c.o(.text.HAL_I2C_Master_Transmit_IT), (100 bytes).
    Removing stm32f3xx_hal_i2c.o(.ARM.exidx.text.HAL_I2C_Master_Transmit_IT), (8 bytes).
    Removing stm32f3xx_hal_i2c.o(.text.I2C_Master_ISR_IT), (246 bytes).
    Removing stm32f3xx_hal_i2c.o(.ARM.exidx.text.I2C_Master_ISR_IT), (8 bytes).
    Removing stm32f3xx_hal_i2c.o(.text.I2C_Enable_IRQ), (104 bytes).
    Removing stm32f3xx_hal_i2c.o(.ARM.exidx.text.I2C_Enable_IRQ), (8 bytes).
    Removing stm32f3xx_hal_i2c.o(.text.HAL_I2C_Master_Receive_IT), (100 bytes).
    Removing stm32f3xx_hal_i2c.o(.ARM.exidx.text.HAL_I2C_Master_Receive_IT), (8 bytes).
    Removing stm32f3xx_hal_i2c.o(.text.HAL_I2C_Slave_Transmit_IT), (64 bytes).
    Removing stm32f3xx_hal_i2c.o(.ARM.exidx.text.HAL_I2C_Slave_Transmit_IT), (8 bytes).
    Removing stm32f3xx_hal_i2c.o(.text.I2C_Slave_ISR_IT), (366 bytes).
    Removing stm32f3xx_hal_i2c.o(.ARM.exidx.text.I2C_Slave_ISR_IT), (8 bytes).
    Removing stm32f3xx_hal_i2c.o(.text.HAL_I2C_Slave_Receive_IT), (64 bytes).
    Removing stm32f3xx_hal_i2c.o(.ARM.exidx.text.HAL_I2C_Slave_Receive_IT), (8 bytes).
    Removing stm32f3xx_hal_i2c.o(.text.HAL_I2C_Master_Transmit_DMA), (160 bytes).
    Removing stm32f3xx_hal_i2c.o(.ARM.exidx.text.HAL_I2C_Master_Transmit_DMA), (8 bytes).
    Removing stm32f3xx_hal_i2c.o(.text.I2C_Master_ISR_DMA), (172 bytes).
    Removing stm32f3xx_hal_i2c.o(.ARM.exidx.text.I2C_Master_ISR_DMA), (8 bytes).
    Removing stm32f3xx_hal_i2c.o(.text.I2C_DMAMasterTransmitCplt), (58 bytes).
    Removing stm32f3xx_hal_i2c.o(.ARM.exidx.text.I2C_DMAMasterTransmitCplt), (8 bytes).
    Removing stm32f3xx_hal_i2c.o(.text.I2C_DMAError), (18 bytes).
    Removing stm32f3xx_hal_i2c.o(.ARM.exidx.text.I2C_DMAError), (8 bytes).
    Removing stm32f3xx_hal_i2c.o(.text.HAL_I2C_Master_Receive_DMA), (180 bytes).
    Removing stm32f3xx_hal_i2c.o(.ARM.exidx.text.HAL_I2C_Master_Receive_DMA), (8 bytes).
    Removing stm32f3xx_hal_i2c.o(.text.I2C_DMAMasterReceiveCplt), (58 bytes).
    Removing stm32f3xx_hal_i2c.o(.ARM.exidx.text.I2C_DMAMasterReceiveCplt), (8 bytes).
    Removing stm32f3xx_hal_i2c.o(.text.HAL_I2C_Slave_Transmit_DMA), (112 bytes).
    Removing stm32f3xx_hal_i2c.o(.ARM.exidx.text.HAL_I2C_Slave_Transmit_DMA), (8 bytes).
    Removing stm32f3xx_hal_i2c.o(.text.I2C_Slave_ISR_DMA), (96 bytes).
    Removing stm32f3xx_hal_i2c.o(.ARM.exidx.text.I2C_Slave_ISR_DMA), (8 bytes).
    Removing stm32f3xx_hal_i2c.o(.text.I2C_DMASlaveTransmitCplt), (2 bytes).
    Removing stm32f3xx_hal_i2c.o(.ARM.exidx.text.I2C_DMASlaveTransmitCplt), (8 bytes).
    Removing stm32f3xx_hal_i2c.o(.text.HAL_I2C_Slave_Receive_DMA), (116 bytes).
    Removing stm32f3xx_hal_i2c.o(.ARM.exidx.text.HAL_I2C_Slave_Receive_DMA), (8 bytes).
    Removing stm32f3xx_hal_i2c.o(.text.I2C_DMASlaveReceiveCplt), (2 bytes).
    Removing stm32f3xx_hal_i2c.o(.ARM.exidx.text.I2C_DMASlaveReceiveCplt), (8 bytes).
    Removing stm32f3xx_hal_i2c.o(.text.HAL_I2C_Mem_Write), (236 bytes).
    Removing stm32f3xx_hal_i2c.o(.ARM.exidx.text.HAL_I2C_Mem_Write), (8 bytes).
    Removing stm32f3xx_hal_i2c.o(.text.I2C_RequestMemoryWrite), (80 bytes).
    Removing stm32f3xx_hal_i2c.o(.ARM.exidx.text.I2C_RequestMemoryWrite), (8 bytes).
    Removing stm32f3xx_hal_i2c.o(.text.HAL_I2C_Mem_Read), (244 bytes).
    Removing stm32f3xx_hal_i2c.o(.ARM.exidx.text.HAL_I2C_Mem_Read), (8 bytes).
    Removing stm32f3xx_hal_i2c.o(.text.I2C_RequestMemoryRead), (80 bytes).
    Removing stm32f3xx_hal_i2c.o(.ARM.exidx.text.I2C_RequestMemoryRead), (8 bytes).
    Removing stm32f3xx_hal_i2c.o(.text.HAL_I2C_Mem_Write_IT), (144 bytes).
    Removing stm32f3xx_hal_i2c.o(.ARM.exidx.text.HAL_I2C_Mem_Write_IT), (8 bytes).
    Removing stm32f3xx_hal_i2c.o(.text.HAL_I2C_Mem_Read_IT), (160 bytes).
    Removing stm32f3xx_hal_i2c.o(.ARM.exidx.text.HAL_I2C_Mem_Read_IT), (8 bytes).
    Removing stm32f3xx_hal_i2c.o(.text.HAL_I2C_Mem_Write_DMA), (180 bytes).
    Removing stm32f3xx_hal_i2c.o(.ARM.exidx.text.HAL_I2C_Mem_Write_DMA), (8 bytes).
    Removing stm32f3xx_hal_i2c.o(.text.HAL_I2C_Mem_Read_DMA), (208 bytes).
    Removing stm32f3xx_hal_i2c.o(.ARM.exidx.text.HAL_I2C_Mem_Read_DMA), (8 bytes).
    Removing stm32f3xx_hal_i2c.o(.text.HAL_I2C_IsDeviceReady), (256 bytes).
    Removing stm32f3xx_hal_i2c.o(.ARM.exidx.text.HAL_I2C_IsDeviceReady), (8 bytes).
    Removing stm32f3xx_hal_i2c.o(.text.HAL_I2C_Master_Sequential_Transmit_IT), (80 bytes).
    Removing stm32f3xx_hal_i2c.o(.ARM.exidx.text.HAL_I2C_Master_Sequential_Transmit_IT), (8 bytes).
    Removing stm32f3xx_hal_i2c.o(.text.HAL_I2C_Master_Sequential_Receive_IT), (80 bytes).
    Removing stm32f3xx_hal_i2c.o(.ARM.exidx.text.HAL_I2C_Master_Sequential_Receive_IT), (8 bytes).
    Removing stm32f3xx_hal_i2c.o(.text.HAL_I2C_Slave_Sequential_Transmit_IT), (100 bytes).
    Removing stm32f3xx_hal_i2c.o(.ARM.exidx.text.HAL_I2C_Slave_Sequential_Transmit_IT), (8 bytes).
    Removing stm32f3xx_hal_i2c.o(.text.I2C_Disable_IRQ), (66 bytes).
    Removing stm32f3xx_hal_i2c.o(.ARM.exidx.text.I2C_Disable_IRQ), (8 bytes).
    Removing stm32f3xx_hal_i2c.o(.text.HAL_I2C_Slave_Sequential_Receive_IT), (100 bytes).
    Removing stm32f3xx_hal_i2c.o(.ARM.exidx.text.HAL_I2C_Slave_Sequential_Receive_IT), (8 bytes).
    Removing stm32f3xx_hal_i2c.o(.text.HAL_I2C_EnableListen_IT), (40 bytes).
    Removing stm32f3xx_hal_i2c.o(.ARM.exidx.text.HAL_I2C_EnableListen_IT), (8 bytes).
    Removing stm32f3xx_hal_i2c.o(.text.HAL_I2C_DisableListen_IT), (58 bytes).
    Removing stm32f3xx_hal_i2c.o(.ARM.exidx.text.HAL_I2C_DisableListen_IT), (8 bytes).
    Removing stm32f3xx_hal_i2c.o(.text.HAL_I2C_Master_Abort_IT), (92 bytes).
    Removing stm32f3xx_hal_i2c.o(.ARM.exidx.text.HAL_I2C_Master_Abort_IT), (8 bytes).
    Removing stm32f3xx_hal_i2c.o(.text.HAL_I2C_EV_IRQHandler), (14 bytes).
    Removing stm32f3xx_hal_i2c.o(.ARM.exidx.text.HAL_I2C_EV_IRQHandler), (8 bytes).
    Removing stm32f3xx_hal_i2c.o(.text.HAL_I2C_ER_IRQHandler), (94 bytes).
    Removing stm32f3xx_hal_i2c.o(.ARM.exidx.text.HAL_I2C_ER_IRQHandler), (8 bytes).
    Removing stm32f3xx_hal_i2c.o(.text.I2C_ITError), (208 bytes).
    Removing stm32f3xx_hal_i2c.o(.ARM.exidx.text.I2C_ITError), (8 bytes).
    Removing stm32f3xx_hal_i2c.o(.text.HAL_I2C_MasterTxCpltCallback), (2 bytes).
    Removing stm32f3xx_hal_i2c.o(.ARM.exidx.text.HAL_I2C_MasterTxCpltCallback), (8 bytes).
    Removing stm32f3xx_hal_i2c.o(.text.HAL_I2C_MasterRxCpltCallback), (2 bytes).
    Removing stm32f3xx_hal_i2c.o(.ARM.exidx.text.HAL_I2C_MasterRxCpltCallback), (8 bytes).
    Removing stm32f3xx_hal_i2c.o(.text.HAL_I2C_SlaveTxCpltCallback), (2 bytes).
    Removing stm32f3xx_hal_i2c.o(.ARM.exidx.text.HAL_I2C_SlaveTxCpltCallback), (8 bytes).
    Removing stm32f3xx_hal_i2c.o(.text.HAL_I2C_SlaveRxCpltCallback), (2 bytes).
    Removing stm32f3xx_hal_i2c.o(.ARM.exidx.text.HAL_I2C_SlaveRxCpltCallback), (8 bytes).
    Removing stm32f3xx_hal_i2c.o(.text.HAL_I2C_AddrCallback), (2 bytes).
    Removing stm32f3xx_hal_i2c.o(.ARM.exidx.text.HAL_I2C_AddrCallback), (8 bytes).
    Removing stm32f3xx_hal_i2c.o(.text.HAL_I2C_ListenCpltCallback), (2 bytes).
    Removing stm32f3xx_hal_i2c.o(.ARM.exidx.text.HAL_I2C_ListenCpltCallback), (8 bytes).
    Removing stm32f3xx_hal_i2c.o(.text.HAL_I2C_MemTxCpltCallback), (2 bytes).
    Removing stm32f3xx_hal_i2c.o(.ARM.exidx.text.HAL_I2C_MemTxCpltCallback), (8 bytes).
    Removing stm32f3xx_hal_i2c.o(.text.HAL_I2C_MemRxCpltCallback), (2 bytes).
    Removing stm32f3xx_hal_i2c.o(.ARM.exidx.text.HAL_I2C_MemRxCpltCallback), (8 bytes).
    Removing stm32f3xx_hal_i2c.o(.text.HAL_I2C_ErrorCallback), (2 bytes).
    Removing stm32f3xx_hal_i2c.o(.ARM.exidx.text.HAL_I2C_ErrorCallback), (8 bytes).
    Removing stm32f3xx_hal_i2c.o(.text.HAL_I2C_AbortCpltCallback), (2 bytes).
    Removing stm32f3xx_hal_i2c.o(.ARM.exidx.text.HAL_I2C_AbortCpltCallback), (8 bytes).
    Removing stm32f3xx_hal_i2c.o(.text.HAL_I2C_GetState), (6 bytes).
    Removing stm32f3xx_hal_i2c.o(.ARM.exidx.text.HAL_I2C_GetState), (8 bytes).
    Removing stm32f3xx_hal_i2c.o(.text.HAL_I2C_GetMode), (6 bytes).
    Removing stm32f3xx_hal_i2c.o(.ARM.exidx.text.HAL_I2C_GetMode), (8 bytes).
    Removing stm32f3xx_hal_i2c.o(.text.HAL_I2C_GetError), (4 bytes).
    Removing stm32f3xx_hal_i2c.o(.ARM.exidx.text.HAL_I2C_GetError), (8 bytes).
    Removing stm32f3xx_hal_i2c.o(.text.I2C_Flush_TXDR), (28 bytes).
    Removing stm32f3xx_hal_i2c.o(.ARM.exidx.text.I2C_Flush_TXDR), (8 bytes).
    Removing stm32f3xx_hal_i2c.o(.text.I2C_ITMasterSequentialCplt), (72 bytes).
    Removing stm32f3xx_hal_i2c.o(.ARM.exidx.text.I2C_ITMasterSequentialCplt), (8 bytes).
    Removing stm32f3xx_hal_i2c.o(.text.I2C_ITMasterCplt), (136 bytes).
    Removing stm32f3xx_hal_i2c.o(.ARM.exidx.text.I2C_ITMasterCplt), (8 bytes).
    Removing stm32f3xx_hal_i2c.o(.text.I2C_ITListenCplt), (80 bytes).
    Removing stm32f3xx_hal_i2c.o(.ARM.exidx.text.I2C_ITListenCplt), (8 bytes).
    Removing stm32f3xx_hal_i2c.o(.text.I2C_ITSlaveSequentialCplt), (82 bytes).
    Removing stm32f3xx_hal_i2c.o(.ARM.exidx.text.I2C_ITSlaveSequentialCplt), (8 bytes).
    Removing stm32f3xx_hal_i2c.o(.text.I2C_ITSlaveCplt), (224 bytes).
    Removing stm32f3xx_hal_i2c.o(.ARM.exidx.text.I2C_ITSlaveCplt), (8 bytes).
    Removing stm32f3xx_hal_i2c.o(.text.I2C_DMAAbort), (54 bytes).
    Removing stm32f3xx_hal_i2c.o(.ARM.exidx.text.I2C_DMAAbort), (8 bytes).
    Removing stm32f3xx_hal_i2c.o(.text.I2C_IsAcknowledgeFailed), (104 bytes).
    Removing stm32f3xx_hal_i2c.o(.ARM.exidx.text.I2C_IsAcknowledgeFailed), (8 bytes).
    Removing stm32f3xx_hal_i2c.o(.text.OUTLINED_FUNCTION_0), (10 bytes).
    Removing stm32f3xx_hal_i2c.o(.ARM.exidx.text.OUTLINED_FUNCTION_0), (8 bytes).
    Removing stm32f3xx_hal_i2c.o(.text.OUTLINED_FUNCTION_1), (48 bytes).
    Removing stm32f3xx_hal_i2c.o(.ARM.exidx.text.OUTLINED_FUNCTION_1), (8 bytes).
    Removing stm32f3xx_hal_i2c.o(.text.OUTLINED_FUNCTION_2), (46 bytes).
    Removing stm32f3xx_hal_i2c.o(.ARM.exidx.text.OUTLINED_FUNCTION_2), (8 bytes).
    Removing stm32f3xx_hal_i2c.o(.text.OUTLINED_FUNCTION_3), (16 bytes).
    Removing stm32f3xx_hal_i2c.o(.ARM.exidx.text.OUTLINED_FUNCTION_3), (8 bytes).
    Removing stm32f3xx_hal_i2c.o(.text.OUTLINED_FUNCTION_4), (8 bytes).
    Removing stm32f3xx_hal_i2c.o(.ARM.exidx.text.OUTLINED_FUNCTION_4), (8 bytes).
    Removing stm32f3xx_hal_i2c.o(.text.OUTLINED_FUNCTION_5), (8 bytes).
    Removing stm32f3xx_hal_i2c.o(.ARM.exidx.text.OUTLINED_FUNCTION_5), (8 bytes).
    Removing stm32f3xx_hal_i2c.o(.text.OUTLINED_FUNCTION_6), (42 bytes).
    Removing stm32f3xx_hal_i2c.o(.ARM.exidx.text.OUTLINED_FUNCTION_6), (8 bytes).
    Removing stm32f3xx_hal_i2c.o(.text.OUTLINED_FUNCTION_7), (16 bytes).
    Removing stm32f3xx_hal_i2c.o(.ARM.exidx.text.OUTLINED_FUNCTION_7), (8 bytes).
    Removing stm32f3xx_hal_i2c.o(.text.OUTLINED_FUNCTION_8), (16 bytes).
    Removing stm32f3xx_hal_i2c.o(.ARM.exidx.text.OUTLINED_FUNCTION_8), (8 bytes).
    Removing stm32f3xx_hal_i2c.o(.text.OUTLINED_FUNCTION_9), (20 bytes).
    Removing stm32f3xx_hal_i2c.o(.ARM.exidx.text.OUTLINED_FUNCTION_9), (8 bytes).
    Removing stm32f3xx_hal_i2c.o(.text.OUTLINED_FUNCTION_10), (10 bytes).
    Removing stm32f3xx_hal_i2c.o(.ARM.exidx.text.OUTLINED_FUNCTION_10), (8 bytes).
    Removing stm32f3xx_hal_i2c.o(.text.OUTLINED_FUNCTION_11), (26 bytes).
    Removing stm32f3xx_hal_i2c.o(.ARM.exidx.text.OUTLINED_FUNCTION_11), (8 bytes).
    Removing stm32f3xx_hal_i2c.o(.text.OUTLINED_FUNCTION_12), (26 bytes).
    Removing stm32f3xx_hal_i2c.o(.ARM.exidx.text.OUTLINED_FUNCTION_12), (8 bytes).
    Removing stm32f3xx_hal_i2c.o(.text.OUTLINED_FUNCTION_13), (30 bytes).
    Removing stm32f3xx_hal_i2c.o(.ARM.exidx.text.OUTLINED_FUNCTION_13), (8 bytes).
    Removing stm32f3xx_hal_i2c.o(.text.OUTLINED_FUNCTION_14), (30 bytes).
    Removing stm32f3xx_hal_i2c.o(.ARM.exidx.text.OUTLINED_FUNCTION_14), (8 bytes).
    Removing stm32f3xx_hal_i2c.o(.text.OUTLINED_FUNCTION_15), (14 bytes).
    Removing stm32f3xx_hal_i2c.o(.ARM.exidx.text.OUTLINED_FUNCTION_15), (8 bytes).
    Removing stm32f3xx_hal_i2c.o(.text.OUTLINED_FUNCTION_16), (8 bytes).
    Removing stm32f3xx_hal_i2c.o(.ARM.exidx.text.OUTLINED_FUNCTION_16), (8 bytes).
    Removing stm32f3xx_hal_i2c.o(.text.OUTLINED_FUNCTION_17), (28 bytes).
    Removing stm32f3xx_hal_i2c.o(.ARM.exidx.text.OUTLINED_FUNCTION_17), (8 bytes).
    Removing stm32f3xx_hal_i2c.o(.text.OUTLINED_FUNCTION_18), (8 bytes).
    Removing stm32f3xx_hal_i2c.o(.ARM.exidx.text.OUTLINED_FUNCTION_18), (8 bytes).
    Removing stm32f3xx_hal_i2c.o(.text.OUTLINED_FUNCTION_19), (26 bytes).
    Removing stm32f3xx_hal_i2c.o(.ARM.exidx.text.OUTLINED_FUNCTION_19), (8 bytes).
    Removing stm32f3xx_hal_i2c.o(.text.OUTLINED_FUNCTION_20), (6 bytes).
    Removing stm32f3xx_hal_i2c.o(.ARM.exidx.text.OUTLINED_FUNCTION_20), (8 bytes).
    Removing stm32f3xx_hal_i2c.o(.text.OUTLINED_FUNCTION_21), (12 bytes).
    Removing stm32f3xx_hal_i2c.o(.ARM.exidx.text.OUTLINED_FUNCTION_21), (8 bytes).
    Removing stm32f3xx_hal_i2c.o(.text.OUTLINED_FUNCTION_22), (12 bytes).
    Removing stm32f3xx_hal_i2c.o(.ARM.exidx.text.OUTLINED_FUNCTION_22), (8 bytes).
    Removing stm32f3xx_hal_i2c.o(.text.OUTLINED_FUNCTION_23), (20 bytes).
    Removing stm32f3xx_hal_i2c.o(.ARM.exidx.text.OUTLINED_FUNCTION_23), (8 bytes).
    Removing stm32f3xx_hal_i2c.o(.text.OUTLINED_FUNCTION_24), (12 bytes).
    Removing stm32f3xx_hal_i2c.o(.ARM.exidx.text.OUTLINED_FUNCTION_24), (8 bytes).
    Removing stm32f3xx_hal_i2c.o(.text.OUTLINED_FUNCTION_25), (40 bytes).
    Removing stm32f3xx_hal_i2c.o(.ARM.exidx.text.OUTLINED_FUNCTION_25), (8 bytes).
    Removing stm32f3xx_hal_i2c.o(.text.OUTLINED_FUNCTION_26), (14 bytes).
    Removing stm32f3xx_hal_i2c.o(.ARM.exidx.text.OUTLINED_FUNCTION_26), (8 bytes).
    Removing stm32f3xx_hal_i2c.o(.text.OUTLINED_FUNCTION_27), (18 bytes).
    Removing stm32f3xx_hal_i2c.o(.ARM.exidx.text.OUTLINED_FUNCTION_27), (8 bytes).
    Removing stm32f3xx_hal_i2c.o(.text.OUTLINED_FUNCTION_28), (14 bytes).
    Removing stm32f3xx_hal_i2c.o(.ARM.exidx.text.OUTLINED_FUNCTION_28), (8 bytes).
    Removing stm32f3xx_hal_i2c.o(.text.OUTLINED_FUNCTION_29), (10 bytes).
    Removing stm32f3xx_hal_i2c.o(.ARM.exidx.text.OUTLINED_FUNCTION_29), (8 bytes).
    Removing stm32f3xx_hal_i2c.o(.text.OUTLINED_FUNCTION_30), (8 bytes).
    Removing stm32f3xx_hal_i2c.o(.ARM.exidx.text.OUTLINED_FUNCTION_30), (8 bytes).
    Removing stm32f3xx_hal_i2c.o(.text.OUTLINED_FUNCTION_31), (10 bytes).
    Removing stm32f3xx_hal_i2c.o(.ARM.exidx.text.OUTLINED_FUNCTION_31), (8 bytes).
    Removing stm32f3xx_hal_i2c.o(.text.OUTLINED_FUNCTION_32), (18 bytes).
    Removing stm32f3xx_hal_i2c.o(.ARM.exidx.text.OUTLINED_FUNCTION_32), (8 bytes).
    Removing stm32f3xx_hal_i2c.o(.text.OUTLINED_FUNCTION_33), (14 bytes).
    Removing stm32f3xx_hal_i2c.o(.ARM.exidx.text.OUTLINED_FUNCTION_33), (8 bytes).
    Removing stm32f3xx_hal_i2c.o(.text.OUTLINED_FUNCTION_34), (36 bytes).
    Removing stm32f3xx_hal_i2c.o(.ARM.exidx.text.OUTLINED_FUNCTION_34), (8 bytes).
    Removing stm32f3xx_hal_i2c.o(.text.OUTLINED_FUNCTION_35), (16 bytes).
    Removing stm32f3xx_hal_i2c.o(.ARM.exidx.text.OUTLINED_FUNCTION_35), (8 bytes).
    Removing stm32f3xx_hal_i2c.o(.text.OUTLINED_FUNCTION_36), (8 bytes).
    Removing stm32f3xx_hal_i2c.o(.ARM.exidx.text.OUTLINED_FUNCTION_36), (8 bytes).
    Removing stm32f3xx_hal_i2c.o(.text.OUTLINED_FUNCTION_37), (16 bytes).
    Removing stm32f3xx_hal_i2c.o(.ARM.exidx.text.OUTLINED_FUNCTION_37), (8 bytes).
    Removing stm32f3xx_hal_i2c.o(.text.OUTLINED_FUNCTION_38), (16 bytes).
    Removing stm32f3xx_hal_i2c.o(.ARM.exidx.text.OUTLINED_FUNCTION_38), (8 bytes).
    Removing stm32f3xx_hal_i2c.o(.text.OUTLINED_FUNCTION_39), (10 bytes).
    Removing stm32f3xx_hal_i2c.o(.ARM.exidx.text.OUTLINED_FUNCTION_39), (8 bytes).
    Removing stm32f3xx_hal_i2c.o(.text.OUTLINED_FUNCTION_40), (12 bytes).
    Removing stm32f3xx_hal_i2c.o(.ARM.exidx.text.OUTLINED_FUNCTION_40), (8 bytes).
    Removing stm32f3xx_hal_i2c.o(.text.OUTLINED_FUNCTION_41), (10 bytes).
    Removing stm32f3xx_hal_i2c.o(.ARM.exidx.text.OUTLINED_FUNCTION_41), (8 bytes).
    Removing stm32f3xx_hal_i2c.o(.text.OUTLINED_FUNCTION_42), (10 bytes).
    Removing stm32f3xx_hal_i2c.o(.ARM.exidx.text.OUTLINED_FUNCTION_42), (8 bytes).
    Removing stm32f3xx_hal_i2c.o(.text.OUTLINED_FUNCTION_43), (18 bytes).
    Removing stm32f3xx_hal_i2c.o(.ARM.exidx.text.OUTLINED_FUNCTION_43), (8 bytes).
    Removing stm32f3xx_hal_i2c.o(.text.OUTLINED_FUNCTION_44), (14 bytes).
    Removing stm32f3xx_hal_i2c.o(.ARM.exidx.text.OUTLINED_FUNCTION_44), (8 bytes).
    Removing stm32f3xx_hal_i2c.o(.text.OUTLINED_FUNCTION_45), (18 bytes).
    Removing stm32f3xx_hal_i2c.o(.ARM.exidx.text.OUTLINED_FUNCTION_45), (8 bytes).
    Removing stm32f3xx_hal_i2c.o(.text.OUTLINED_FUNCTION_46), (18 bytes).
    Removing stm32f3xx_hal_i2c.o(.ARM.exidx.text.OUTLINED_FUNCTION_46), (8 bytes).
    Removing stm32f3xx_hal_i2c.o(.text.OUTLINED_FUNCTION_47), (14 bytes).
    Removing stm32f3xx_hal_i2c.o(.ARM.exidx.text.OUTLINED_FUNCTION_47), (8 bytes).
    Removing stm32f3xx_hal_i2c.o(.text.OUTLINED_FUNCTION_48), (10 bytes).
    Removing stm32f3xx_hal_i2c.o(.ARM.exidx.text.OUTLINED_FUNCTION_48), (8 bytes).
    Removing stm32f3xx_hal_i2c.o(.text.OUTLINED_FUNCTION_49), (8 bytes).
    Removing stm32f3xx_hal_i2c.o(.ARM.exidx.text.OUTLINED_FUNCTION_49), (8 bytes).
    Removing stm32f3xx_hal_i2c.o(.text.OUTLINED_FUNCTION_50), (8 bytes).
    Removing stm32f3xx_hal_i2c.o(.ARM.exidx.text.OUTLINED_FUNCTION_50), (8 bytes).
    Removing stm32f3xx_hal_i2c.o(.text.OUTLINED_FUNCTION_51), (16 bytes).
    Removing stm32f3xx_hal_i2c.o(.ARM.exidx.text.OUTLINED_FUNCTION_51), (8 bytes).
    Removing stm32f3xx_hal_i2c.o(.text.OUTLINED_FUNCTION_52), (16 bytes).
    Removing stm32f3xx_hal_i2c.o(.ARM.exidx.text.OUTLINED_FUNCTION_52), (8 bytes).
    Removing stm32f3xx_hal_i2c.o(.text.OUTLINED_FUNCTION_53), (16 bytes).
    Removing stm32f3xx_hal_i2c.o(.ARM.exidx.text.OUTLINED_FUNCTION_53), (8 bytes).
    Removing stm32f3xx_hal_i2c.o(.text.OUTLINED_FUNCTION_54), (16 bytes).
    Removing stm32f3xx_hal_i2c.o(.ARM.exidx.text.OUTLINED_FUNCTION_54), (8 bytes).
    Removing stm32f3xx_hal_i2c.o(.text.OUTLINED_FUNCTION_55), (8 bytes).
    Removing stm32f3xx_hal_i2c.o(.ARM.exidx.text.OUTLINED_FUNCTION_55), (8 bytes).
    Removing stm32f3xx_hal_i2c.o(.text.OUTLINED_FUNCTION_56), (16 bytes).
    Removing stm32f3xx_hal_i2c.o(.ARM.exidx.text.OUTLINED_FUNCTION_56), (8 bytes).
    Removing stm32f3xx_hal_i2c.o(.text.OUTLINED_FUNCTION_57), (14 bytes).
    Removing stm32f3xx_hal_i2c.o(.ARM.exidx.text.OUTLINED_FUNCTION_57), (8 bytes).
    Removing stm32f3xx_hal_i2c.o(.text.OUTLINED_FUNCTION_58), (14 bytes).
    Removing stm32f3xx_hal_i2c.o(.ARM.exidx.text.OUTLINED_FUNCTION_58), (8 bytes).
    Removing stm32f3xx_hal_i2c.o(.text.OUTLINED_FUNCTION_59), (14 bytes).
    Removing stm32f3xx_hal_i2c.o(.ARM.exidx.text.OUTLINED_FUNCTION_59), (8 bytes).
    Removing stm32f3xx_hal_i2c.o(.text.OUTLINED_FUNCTION_60), (14 bytes).
    Removing stm32f3xx_hal_i2c.o(.ARM.exidx.text.OUTLINED_FUNCTION_60), (8 bytes).
    Removing stm32f3xx_hal_i2c.o(.text.OUTLINED_FUNCTION_61), (14 bytes).
    Removing stm32f3xx_hal_i2c.o(.ARM.exidx.text.OUTLINED_FUNCTION_61), (8 bytes).
    Removing stm32f3xx_hal_i2c.o(.text.OUTLINED_FUNCTION_62), (14 bytes).
    Removing stm32f3xx_hal_i2c.o(.ARM.exidx.text.OUTLINED_FUNCTION_62), (8 bytes).
    Removing stm32f3xx_hal_i2c.o(.text.OUTLINED_FUNCTION_63), (14 bytes).
    Removing stm32f3xx_hal_i2c.o(.ARM.exidx.text.OUTLINED_FUNCTION_63), (8 bytes).
    Removing stm32f3xx_hal_i2c.o(.text.OUTLINED_FUNCTION_64), (10 bytes).
    Removing stm32f3xx_hal_i2c.o(.ARM.exidx.text.OUTLINED_FUNCTION_64), (8 bytes).
    Removing stm32f3xx_hal_i2c.o(.text.OUTLINED_FUNCTION_65), (6 bytes).
    Removing stm32f3xx_hal_i2c.o(.ARM.exidx.text.OUTLINED_FUNCTION_65), (8 bytes).
    Removing stm32f3xx_hal_i2c.o(.text.OUTLINED_FUNCTION_66), (10 bytes).
    Removing stm32f3xx_hal_i2c.o(.ARM.exidx.text.OUTLINED_FUNCTION_66), (8 bytes).
    Removing stm32f3xx_hal_i2c.o(.text.OUTLINED_FUNCTION_67), (10 bytes).
    Removing stm32f3xx_hal_i2c.o(.ARM.exidx.text.OUTLINED_FUNCTION_67), (8 bytes).
    Removing stm32f3xx_hal_i2c.o(.text.OUTLINED_FUNCTION_68), (10 bytes).
    Removing stm32f3xx_hal_i2c.o(.ARM.exidx.text.OUTLINED_FUNCTION_68), (8 bytes).
    Removing stm32f3xx_hal_i2c.o(.text.OUTLINED_FUNCTION_69), (10 bytes).
    Removing stm32f3xx_hal_i2c.o(.ARM.exidx.text.OUTLINED_FUNCTION_69), (8 bytes).
    Removing stm32f3xx_hal_i2c.o(.text.OUTLINED_FUNCTION_70), (14 bytes).
    Removing stm32f3xx_hal_i2c.o(.ARM.exidx.text.OUTLINED_FUNCTION_70), (8 bytes).
    Removing stm32f3xx_hal_pwr_ex.o(.text), (0 bytes).
    Removing stm32f3xx_hal_pwr_ex.o(.text.HAL_PWR_ConfigPVD), (108 bytes).
    Removing stm32f3xx_hal_pwr_ex.o(.ARM.exidx.text.HAL_PWR_ConfigPVD), (8 bytes).
    Removing stm32f3xx_hal_pwr_ex.o(.text.HAL_PWR_EnablePVD), (16 bytes).
    Removing stm32f3xx_hal_pwr_ex.o(.ARM.exidx.text.HAL_PWR_EnablePVD), (8 bytes).
    Removing stm32f3xx_hal_pwr_ex.o(.text.HAL_PWR_DisablePVD), (16 bytes).
    Removing stm32f3xx_hal_pwr_ex.o(.ARM.exidx.text.HAL_PWR_DisablePVD), (8 bytes).
    Removing stm32f3xx_hal_pwr_ex.o(.text.HAL_PWR_PVD_IRQHandler), (28 bytes).
    Removing stm32f3xx_hal_pwr_ex.o(.ARM.exidx.text.HAL_PWR_PVD_IRQHandler), (8 bytes).
    Removing stm32f3xx_hal_pwr_ex.o(.text.HAL_PWR_PVDCallback), (2 bytes).
    Removing stm32f3xx_hal_pwr_ex.o(.ARM.exidx.text.HAL_PWR_PVDCallback), (8 bytes).
    Removing stm32f3xx_hal_tim_ex.o(.text), (0 bytes).
    Removing stm32f3xx_hal_flash.o(.text), (0 bytes).
    Removing stm32f3xx_hal_flash.o(.text.HAL_FLASH_Program), (144 bytes).
    Removing stm32f3xx_hal_flash.o(.ARM.exidx.text.HAL_FLASH_Program), (8 bytes).
    Removing stm32f3xx_hal_flash.o(.text.FLASH_WaitForLastOperation), (80 bytes).
    Removing stm32f3xx_hal_flash.o(.ARM.exidx.text.FLASH_WaitForLastOperation), (8 bytes).
    Removing stm32f3xx_hal_flash.o(.text.HAL_FLASH_Program_IT), (84 bytes).
    Removing stm32f3xx_hal_flash.o(.ARM.exidx.text.HAL_FLASH_Program_IT), (8 bytes).
    Removing stm32f3xx_hal_flash.o(.text.HAL_FLASH_IRQHandler), (292 bytes).
    Removing stm32f3xx_hal_flash.o(.ARM.exidx.text.HAL_FLASH_IRQHandler), (8 bytes).
    Removing stm32f3xx_hal_flash.o(.text.FLASH_SetErrorCode), (56 bytes).
    Removing stm32f3xx_hal_flash.o(.ARM.exidx.text.FLASH_SetErrorCode), (8 bytes).
    Removing stm32f3xx_hal_flash.o(.text.HAL_FLASH_OperationErrorCallback), (2 bytes).
    Removing stm32f3xx_hal_flash.o(.ARM.exidx.text.HAL_FLASH_OperationErrorCallback), (8 bytes).
    Removing stm32f3xx_hal_flash.o(.text.HAL_FLASH_EndOfOperationCallback), (2 bytes).
    Removing stm32f3xx_hal_flash.o(.ARM.exidx.text.HAL_FLASH_EndOfOperationCallback), (8 bytes).
    Removing stm32f3xx_hal_flash.o(.text.HAL_FLASH_Unlock), (40 bytes).
    Removing stm32f3xx_hal_flash.o(.ARM.exidx.text.HAL_FLASH_Unlock), (8 bytes).
    Removing stm32f3xx_hal_flash.o(.text.HAL_FLASH_Lock), (20 bytes).
    Removing stm32f3xx_hal_flash.o(.ARM.exidx.text.HAL_FLASH_Lock), (8 bytes).
    Removing stm32f3xx_hal_flash.o(.text.HAL_FLASH_OB_Unlock), (36 bytes).
    Removing stm32f3xx_hal_flash.o(.ARM.exidx.text.HAL_FLASH_OB_Unlock), (8 bytes).
    Removing stm32f3xx_hal_flash.o(.text.HAL_FLASH_OB_Lock), (20 bytes).
    Removing stm32f3xx_hal_flash.o(.ARM.exidx.text.HAL_FLASH_OB_Lock), (8 bytes).
    Removing stm32f3xx_hal_flash.o(.text.HAL_FLASH_OB_Launch), (24 bytes).
    Removing stm32f3xx_hal_flash.o(.ARM.exidx.text.HAL_FLASH_OB_Launch), (8 bytes).
    Removing stm32f3xx_hal_flash.o(.text.HAL_FLASH_GetError), (12 bytes).
    Removing stm32f3xx_hal_flash.o(.ARM.exidx.text.HAL_FLASH_GetError), (8 bytes).
    Removing stm32f3xx_hal_flash.o(.bss.pFlash), (32 bytes).
    Removing stm32f3xx_hal_gpio.o(.text), (0 bytes).
    Removing stm32f3xx_hal_gpio.o(.ARM.exidx.text.HAL_GPIO_Init), (8 bytes).
    Removing stm32f3xx_hal_gpio.o(.text.HAL_GPIO_DeInit), (232 bytes).
    Removing stm32f3xx_hal_gpio.o(.ARM.exidx.text.HAL_GPIO_DeInit), (8 bytes).
    Removing stm32f3xx_hal_gpio.o(.text.HAL_GPIO_ReadPin), (10 bytes).
    Removing stm32f3xx_hal_gpio.o(.ARM.exidx.text.HAL_GPIO_ReadPin), (8 bytes).
    Removing stm32f3xx_hal_gpio.o(.text.HAL_GPIO_WritePin), (12 bytes).
    Removing stm32f3xx_hal_gpio.o(.ARM.exidx.text.HAL_GPIO_WritePin), (8 bytes).
    Removing stm32f3xx_hal_gpio.o(.text.HAL_GPIO_TogglePin), (8 bytes).
    Removing stm32f3xx_hal_gpio.o(.ARM.exidx.text.HAL_GPIO_TogglePin), (8 bytes).
    Removing stm32f3xx_hal_gpio.o(.text.HAL_GPIO_LockPin), (40 bytes).
    Removing stm32f3xx_hal_gpio.o(.ARM.exidx.text.HAL_GPIO_LockPin), (8 bytes).
    Removing stm32f3xx_hal_gpio.o(.text.HAL_GPIO_EXTI_IRQHandler), (20 bytes).
    Removing stm32f3xx_hal_gpio.o(.ARM.exidx.text.HAL_GPIO_EXTI_IRQHandler), (8 bytes).
    Removing stm32f3xx_hal_gpio.o(.text.HAL_GPIO_EXTI_Callback), (2 bytes).
    Removing stm32f3xx_hal_gpio.o(.ARM.exidx.text.HAL_GPIO_EXTI_Callback), (8 bytes).
    Removing stm32f3xx_hal_pwr.o(.text), (0 bytes).
    Removing stm32f3xx_hal_pwr.o(.text.HAL_PWR_DeInit), (24 bytes).
    Removing stm32f3xx_hal_pwr.o(.ARM.exidx.text.HAL_PWR_DeInit), (8 bytes).
    Removing stm32f3xx_hal_pwr.o(.text.HAL_PWR_EnableBkUpAccess), (16 bytes).
    Removing stm32f3xx_hal_pwr.o(.ARM.exidx.text.HAL_PWR_EnableBkUpAccess), (8 bytes).
    Removing stm32f3xx_hal_pwr.o(.text.HAL_PWR_DisableBkUpAccess), (16 bytes).
    Removing stm32f3xx_hal_pwr.o(.ARM.exidx.text.HAL_PWR_DisableBkUpAccess), (8 bytes).
    Removing stm32f3xx_hal_pwr.o(.text.HAL_PWR_EnableWakeUpPin), (16 bytes).
    Removing stm32f3xx_hal_pwr.o(.ARM.exidx.text.HAL_PWR_EnableWakeUpPin), (8 bytes).
    Removing stm32f3xx_hal_pwr.o(.text.HAL_PWR_DisableWakeUpPin), (16 bytes).
    Removing stm32f3xx_hal_pwr.o(.ARM.exidx.text.HAL_PWR_DisableWakeUpPin), (8 bytes).
    Removing stm32f3xx_hal_pwr.o(.text.HAL_PWR_EnterSLEEPMode), (28 bytes).
    Removing stm32f3xx_hal_pwr.o(.ARM.exidx.text.HAL_PWR_EnterSLEEPMode), (8 bytes).
    Removing stm32f3xx_hal_pwr.o(.text.HAL_PWR_EnterSTOPMode), (52 bytes).
    Removing stm32f3xx_hal_pwr.o(.ARM.exidx.text.HAL_PWR_EnterSTOPMode), (8 bytes).
    Removing stm32f3xx_hal_pwr.o(.text.HAL_PWR_EnterSTANDBYMode), (32 bytes).
    Removing stm32f3xx_hal_pwr.o(.ARM.exidx.text.HAL_PWR_EnterSTANDBYMode), (8 bytes).
    Removing stm32f3xx_hal_pwr.o(.text.HAL_PWR_EnableSleepOnExit), (16 bytes).
    Removing stm32f3xx_hal_pwr.o(.ARM.exidx.text.HAL_PWR_EnableSleepOnExit), (8 bytes).
    Removing stm32f3xx_hal_pwr.o(.text.HAL_PWR_DisableSleepOnExit), (16 bytes).
    Removing stm32f3xx_hal_pwr.o(.ARM.exidx.text.HAL_PWR_DisableSleepOnExit), (8 bytes).
    Removing stm32f3xx_hal_pwr.o(.text.HAL_PWR_EnableSEVOnPend), (16 bytes).
    Removing stm32f3xx_hal_pwr.o(.ARM.exidx.text.HAL_PWR_EnableSEVOnPend), (8 bytes).
    Removing stm32f3xx_hal_pwr.o(.text.HAL_PWR_DisableSEVOnPend), (16 bytes).
    Removing stm32f3xx_hal_pwr.o(.ARM.exidx.text.HAL_PWR_DisableSEVOnPend), (8 bytes).
    Removing stm32f3xx_hal.o(.text), (0 bytes).
    Removing stm32f3xx_hal.o(.ARM.exidx.text.HAL_Init), (8 bytes).
    Removing stm32f3xx_hal.o(.ARM.exidx.text.HAL_InitTick), (8 bytes).
    Removing stm32f3xx_hal.o(.text.HAL_MspInit), (2 bytes).
    Removing stm32f3xx_hal.o(.ARM.exidx.text.HAL_MspInit), (8 bytes).
    Removing stm32f3xx_hal.o(.text.HAL_DeInit), (36 bytes).
    Removing stm32f3xx_hal.o(.ARM.exidx.text.HAL_DeInit), (8 bytes).
    Removing stm32f3xx_hal.o(.text.HAL_MspDeInit), (2 bytes).
    Removing stm32f3xx_hal.o(.ARM.exidx.text.HAL_MspDeInit), (8 bytes).
    Removing stm32f3xx_hal.o(.ARM.exidx.text.HAL_IncTick), (8 bytes).
    Removing stm32f3xx_hal.o(.ARM.exidx.text.HAL_GetTick), (8 bytes).
    Removing stm32f3xx_hal.o(.text.HAL_GetTickPrio), (12 bytes).
    Removing stm32f3xx_hal.o(.ARM.exidx.text.HAL_GetTickPrio), (8 bytes).
    Removing stm32f3xx_hal.o(.text.HAL_SetTickFreq), (24 bytes).
    Removing stm32f3xx_hal.o(.ARM.exidx.text.HAL_SetTickFreq), (8 bytes).
    Removing stm32f3xx_hal.o(.text.HAL_GetTickFreq), (12 bytes).
    Removing stm32f3xx_hal.o(.ARM.exidx.text.HAL_GetTickFreq), (8 bytes).
    Removing stm32f3xx_hal.o(.text.HAL_Delay), (36 bytes).
    Removing stm32f3xx_hal.o(.ARM.exidx.text.HAL_Delay), (8 bytes).
    Removing stm32f3xx_hal.o(.text.HAL_SuspendTick), (12 bytes).
    Removing stm32f3xx_hal.o(.ARM.exidx.text.HAL_SuspendTick), (8 bytes).
    Removing stm32f3xx_hal.o(.text.HAL_ResumeTick), (12 bytes).
    Removing stm32f3xx_hal.o(.ARM.exidx.text.HAL_ResumeTick), (8 bytes).
    Removing stm32f3xx_hal.o(.text.HAL_GetHalVersion), (8 bytes).
    Removing stm32f3xx_hal.o(.ARM.exidx.text.HAL_GetHalVersion), (8 bytes).
    Removing stm32f3xx_hal.o(.text.HAL_GetREVID), (12 bytes).
    Removing stm32f3xx_hal.o(.ARM.exidx.text.HAL_GetREVID), (8 bytes).
    Removing stm32f3xx_hal.o(.text.HAL_GetDEVID), (16 bytes).
    Removing stm32f3xx_hal.o(.ARM.exidx.text.HAL_GetDEVID), (8 bytes).
    Removing stm32f3xx_hal.o(.text.HAL_GetUIDw0), (12 bytes).
    Removing stm32f3xx_hal.o(.ARM.exidx.text.HAL_GetUIDw0), (8 bytes).
    Removing stm32f3xx_hal.o(.text.HAL_GetUIDw1), (12 bytes).
    Removing stm32f3xx_hal.o(.ARM.exidx.text.HAL_GetUIDw1), (8 bytes).
    Removing stm32f3xx_hal.o(.text.HAL_GetUIDw2), (12 bytes).
    Removing stm32f3xx_hal.o(.ARM.exidx.text.HAL_GetUIDw2), (8 bytes).
    Removing stm32f3xx_hal.o(.text.HAL_DBGMCU_EnableDBGSleepMode), (16 bytes).
    Removing stm32f3xx_hal.o(.ARM.exidx.text.HAL_DBGMCU_EnableDBGSleepMode), (8 bytes).
    Removing stm32f3xx_hal.o(.text.HAL_DBGMCU_DisableDBGSleepMode), (16 bytes).
    Removing stm32f3xx_hal.o(.ARM.exidx.text.HAL_DBGMCU_DisableDBGSleepMode), (8 bytes).
    Removing stm32f3xx_hal.o(.text.HAL_DBGMCU_EnableDBGStopMode), (12 bytes).
    Removing stm32f3xx_hal.o(.ARM.exidx.text.HAL_DBGMCU_EnableDBGStopMode), (8 bytes).
    Removing stm32f3xx_hal.o(.text.HAL_DBGMCU_DisableDBGStopMode), (12 bytes).
    Removing stm32f3xx_hal.o(.ARM.exidx.text.HAL_DBGMCU_DisableDBGStopMode), (8 bytes).
    Removing stm32f3xx_hal.o(.text.HAL_DBGMCU_EnableDBGStandbyMode), (16 bytes).
    Removing stm32f3xx_hal.o(.ARM.exidx.text.HAL_DBGMCU_EnableDBGStandbyMode), (8 bytes).
    Removing stm32f3xx_hal.o(.text.HAL_DBGMCU_DisableDBGStandbyMode), (16 bytes).
    Removing stm32f3xx_hal.o(.ARM.exidx.text.HAL_DBGMCU_DisableDBGStandbyMode), (8 bytes).
    Removing stm32f3xx_hal.o(.text.OUTLINED_FUNCTION_0), (10 bytes).
    Removing stm32f3xx_hal.o(.ARM.exidx.text.OUTLINED_FUNCTION_0), (8 bytes).
    Removing stm32f3xx_hal.o(.text.OUTLINED_FUNCTION_1), (10 bytes).
    Removing stm32f3xx_hal.o(.ARM.exidx.text.OUTLINED_FUNCTION_1), (8 bytes).
    Removing startup_stm32f303xc.o(HEAP), (512 bytes).
    Removing system_stm32f3xx.o(.text), (0 bytes).
    Removing system_stm32f3xx.o(.ARM.exidx.text.SystemInit), (8 bytes).
    Removing system_stm32f3xx.o(.text.SystemCoreClockUpdate), (88 bytes).
    Removing system_stm32f3xx.o(.ARM.exidx.text.SystemCoreClockUpdate), (8 bytes).
    Removing system_stm32f3xx.o(.rodata.APBPrescTable), (8 bytes).
    Removing main.o(.text), (0 bytes).
    Removing main.o(.ARM.exidx.text.main), (8 bytes).
    Removing main.o(.ARM.exidx.text.SystemClock_Config), (8 bytes).
    Removing main.o(.ARM.exidx.text._Error_Handler), (8 bytes).
    Removing main.o(.ARM.use_no_argv), (4 bytes).
    Removing stm32f3xx_it.o(.text), (0 bytes).
    Removing stm32f3xx_it.o(.ARM.exidx.text.NMI_Handler), (8 bytes).
    Removing stm32f3xx_it.o(.ARM.exidx.text.HardFault_Handler), (8 bytes).
    Removing stm32f3xx_it.o(.ARM.exidx.text.MemManage_Handler), (8 bytes).
    Removing stm32f3xx_it.o(.ARM.exidx.text.BusFault_Handler), (8 bytes).
    Removing stm32f3xx_it.o(.ARM.exidx.text.UsageFault_Handler), (8 bytes).
    Removing stm32f3xx_it.o(.ARM.exidx.text.SVC_Handler), (8 bytes).
    Removing stm32f3xx_it.o(.ARM.exidx.text.DebugMon_Handler), (8 bytes).
    Removing stm32f3xx_it.o(.ARM.exidx.text.PendSV_Handler), (8 bytes).
    Removing stm32f3xx_it.o(.ARM.exidx.text.SysTick_Handler), (8 bytes).
    Removing stm32f3xx_it.o(.ARM.exidx.text.DMA1_Channel1_IRQHandler), (8 bytes).
    Removing dma.o(.text), (0 bytes).
    Removing dma.o(.ARM.exidx.text.MX_DMA_Init), (8 bytes).
    Removing stm32f3xx_hal_msp.o(.text), (0 bytes).
    Removing stm32f3xx_hal_msp.o(.ARM.exidx.text.HAL_MspInit), (8 bytes).
    Removing stm32f3xx_hal_msp.o(.ARM.exidx.text.OUTLINED_FUNCTION_0), (8 bytes).
    Removing adc.o(.text), (0 bytes).
    Removing adc.o(.ARM.exidx.text.MX_ADC1_Init), (8 bytes).
    Removing adc.o(.ARM.exidx.text.HAL_ADC_MspInit), (8 bytes).
    Removing adc.o(.text.HAL_ADC_MspDeInit), (48 bytes).
    Removing adc.o(.ARM.exidx.text.HAL_ADC_MspDeInit), (8 bytes).
    Removing gpio.o(.text), (0 bytes).
    Removing gpio.o(.ARM.exidx.text.MX_GPIO_Init), (8 bytes).

752 unused section(s) (total 23910 bytes) removed from the image.

==============================================================================

Image Symbol Table

    Local Symbols

    Symbol Name                              Value     Ov Type        Size  Object(Section)

    ../clib/microlib/init/entry.s            0x00000000   Number         0  entry.o ABSOLUTE
    ../clib/microlib/init/entry.s            0x00000000   Number         0  entry2.o ABSOLUTE
    ../clib/microlib/init/entry.s            0x00000000   Number         0  entry5.o ABSOLUTE
    ../clib/microlib/init/entry.s            0x00000000   Number         0  entry7a.o ABSOLUTE
    ../clib/microlib/init/entry.s            0x00000000   Number         0  entry7b.o ABSOLUTE
    ../clib/microlib/init/entry.s            0x00000000   Number         0  entry8a.o ABSOLUTE
    ../clib/microlib/init/entry.s            0x00000000   Number         0  entry8b.o ABSOLUTE
    ../clib/microlib/init/entry.s            0x00000000   Number         0  entry9a.o ABSOLUTE
    ../clib/microlib/init/entry.s            0x00000000   Number         0  entry9b.o ABSOLUTE
    ../clib/microlib/init/entry.s            0x00000000   Number         0  entry10a.o ABSOLUTE
    ../clib/microlib/init/entry.s            0x00000000   Number         0  entry10b.o ABSOLUTE
    ../clib/microlib/init/entry.s            0x00000000   Number         0  entry11a.o ABSOLUTE
    ../clib/microlib/init/entry.s            0x00000000   Number         0  entry11b.o ABSOLUTE
    ../clib/microlib/longlong.c              0x00000000   Number         0  llushr.o ABSOLUTE
    adc.c                                    0x00000000   Number         0  adc.o ABSOLUTE
    dc.s                                     0x00000000   Number         0  dc.o ABSOLUTE
    dma.c                                    0x00000000   Number         0  dma.o ABSOLUTE
    gpio.c                                   0x00000000   Number         0  gpio.o ABSOLUTE
    handlers.s                               0x00000000   Number         0  handlers.o ABSOLUTE
    init.s                                   0x00000000   Number         0  init.o ABSOLUTE
    main.c                                   0x00000000   Number         0  main.o ABSOLUTE
    startup_stm32f303xc.s                    0x00000000   Number         0  startup_stm32f303xc.o ABSOLUTE
    stm32f3xx_hal.c                          0x00000000   Number         0  stm32f3xx_hal.o ABSOLUTE
    stm32f3xx_hal_adc.c                      0x00000000   Number         0  stm32f3xx_hal_adc.o ABSOLUTE
    stm32f3xx_hal_adc_ex.c                   0x00000000   Number         0  stm32f3xx_hal_adc_ex.o ABSOLUTE
    stm32f3xx_hal_cortex.c                   0x00000000   Number         0  stm32f3xx_hal_cortex.o ABSOLUTE
    stm32f3xx_hal_dma.c                      0x00000000   Number         0  stm32f3xx_hal_dma.o ABSOLUTE
    stm32f3xx_hal_flash.c                    0x00000000   Number         0  stm32f3xx_hal_flash.o ABSOLUTE
    stm32f3xx_hal_flash_ex.c                 0x00000000   Number         0  stm32f3xx_hal_flash_ex.o ABSOLUTE
    stm32f3xx_hal_gpio.c                     0x00000000   Number         0  stm32f3xx_hal_gpio.o ABSOLUTE
    stm32f3xx_hal_i2c.c                      0x00000000   Number         0  stm32f3xx_hal_i2c.o ABSOLUTE
    stm32f3xx_hal_i2c_ex.c                   0x00000000   Number         0  stm32f3xx_hal_i2c_ex.o ABSOLUTE
    stm32f3xx_hal_msp.c                      0x00000000   Number         0  stm32f3xx_hal_msp.o ABSOLUTE
    stm32f3xx_hal_pwr.c                      0x00000000   Number         0  stm32f3xx_hal_pwr.o ABSOLUTE
    stm32f3xx_hal_pwr_ex.c                   0x00000000   Number         0  stm32f3xx_hal_pwr_ex.o ABSOLUTE
    stm32f3xx_hal_rcc.c                      0x00000000   Number         0  stm32f3xx_hal_rcc.o ABSOLUTE
    stm32f3xx_hal_rcc_ex.c                   0x00000000   Number         0  stm32f3xx_hal_rcc_ex.o ABSOLUTE
    stm32f3xx_hal_tim.c                      0x00000000   Number         0  stm32f3xx_hal_tim.o ABSOLUTE
    stm32f3xx_hal_tim_ex.c                   0x00000000   Number         0  stm32f3xx_hal_tim_ex.o ABSOLUTE
    stm32f3xx_it.c                           0x00000000   Number         0  stm32f3xx_it.o ABSOLUTE
    system_stm32f3xx.c                       0x00000000   Number         0  system_stm32f3xx.o ABSOLUTE
    RESET                                    0x08000000   Section      392  startup_stm32f303xc.o(RESET)
    .ARM.Collect$$$$00000000                 0x08000188   Section        0  entry.o(.ARM.Collect$$$$00000000)
    .ARM.Collect$$$$00000001                 0x08000188   Section        4  entry2.o(.ARM.Collect$$$$00000001)
    .ARM.Collect$$$$00000004                 0x0800018c   Section        4  entry5.o(.ARM.Collect$$$$00000004)
    .ARM.Collect$$$$00000008                 0x08000190   Section        0  entry7b.o(.ARM.Collect$$$$00000008)
    .ARM.Collect$$$$0000000A                 0x08000190   Section        0  entry8b.o(.ARM.Collect$$$$0000000A)
    .ARM.Collect$$$$0000000B                 0x08000190   Section        8  entry9a.o(.ARM.Collect$$$$0000000B)
    __lit__00000000                          0x08000198   Data           4  entry2.o(.ARM.Collect$$$$00002712)
    .ARM.Collect$$$$0000000D                 0x08000198   Section        0  entry10a.o(.ARM.Collect$$$$0000000D)
    .ARM.Collect$$$$0000000F                 0x08000198   Section        0  entry11a.o(.ARM.Collect$$$$0000000F)
    .ARM.Collect$$$$00002712                 0x08000198   Section        4  entry2.o(.ARM.Collect$$$$00002712)
    $v0                                      0x0800019c   Number         0  startup_stm32f303xc.o(.text)
    .text                                    0x0800019c   Section       36  startup_stm32f303xc.o(.text)
    .text                                    0x080001c0   Section       36  init.o(.text)
    ADC_DMAConvCplt                          0x080001e5   Thumb Code    74  stm32f3xx_hal_adc_ex.o(.text.ADC_DMAConvCplt)
    [Anonymous Symbol]                       0x080001e4   Section        0  stm32f3xx_hal_adc_ex.o(.text.ADC_DMAConvCplt)
    ADC_DMAError                             0x0800022f   Thumb Code    22  stm32f3xx_hal_adc_ex.o(.text.ADC_DMAError)
    [Anonymous Symbol]                       0x0800022e   Section        0  stm32f3xx_hal_adc_ex.o(.text.ADC_DMAError)
    ADC_DMAHalfConvCplt                      0x08000245   Thumb Code     6  stm32f3xx_hal_adc_ex.o(.text.ADC_DMAHalfConvCplt)
    [Anonymous Symbol]                       0x08000244   Section        0  stm32f3xx_hal_adc_ex.o(.text.ADC_DMAHalfConvCplt)
    ADC_Disable                              0x0800024b   Thumb Code    68  stm32f3xx_hal_adc_ex.o(.text.ADC_Disable)
    [Anonymous Symbol]                       0x0800024a   Section        0  stm32f3xx_hal_adc_ex.o(.text.ADC_Disable)
    ADC_Enable                               0x08000291   Thumb Code    64  stm32f3xx_hal_adc_ex.o(.text.ADC_Enable)
    [Anonymous Symbol]                       0x08000290   Section        0  stm32f3xx_hal_adc_ex.o(.text.ADC_Enable)
    __arm_cp.5_0                             0x080002d0   Number         4  stm32f3xx_hal_adc_ex.o(.text.ADC_Enable)
    [Anonymous Symbol]                       0x080002d4   Section        0  stm32f3xx_it.o(.text.BusFault_Handler)
    [Anonymous Symbol]                       0x080002d8   Section        0  stm32f3xx_it.o(.text.DMA1_Channel1_IRQHandler)
    __arm_cp.9_0                             0x080002e0   Number         4  stm32f3xx_it.o(.text.DMA1_Channel1_IRQHandler)
    DMA_CalcBaseAndBitshift                  0x080002e5   Thumb Code    40  stm32f3xx_hal_dma.o(.text.DMA_CalcBaseAndBitshift)
    [Anonymous Symbol]                       0x080002e4   Section        0  stm32f3xx_hal_dma.o(.text.DMA_CalcBaseAndBitshift)
    __arm_cp.1_0                             0x0800030c   Number         4  stm32f3xx_hal_dma.o(.text.DMA_CalcBaseAndBitshift)
    __arm_cp.1_1                             0x08000310   Number         4  stm32f3xx_hal_dma.o(.text.DMA_CalcBaseAndBitshift)
    DMA_SetConfig                            0x08000315   Thumb Code    38  stm32f3xx_hal_dma.o(.text.DMA_SetConfig)
    [Anonymous Symbol]                       0x08000314   Section        0  stm32f3xx_hal_dma.o(.text.DMA_SetConfig)
    [Anonymous Symbol]                       0x0800033a   Section        0  stm32f3xx_it.o(.text.DebugMon_Handler)
    [Anonymous Symbol]                       0x0800033c   Section        0  stm32f3xx_hal_adc_ex.o(.text.HAL_ADCEx_MultiModeConfigChannel)
    [Anonymous Symbol]                       0x0800042c   Section        0  stm32f3xx_hal_adc_ex.o(.text.HAL_ADC_ConfigChannel)
    __arm_cp.38_0                            0x08000714   Number         4  stm32f3xx_hal_adc_ex.o(.text.HAL_ADC_ConfigChannel)
    __arm_cp.38_1                            0x08000718   Number         4  stm32f3xx_hal_adc_ex.o(.text.HAL_ADC_ConfigChannel)
    [Anonymous Symbol]                       0x0800071c   Section        0  stm32f3xx_hal_adc.o(.text.HAL_ADC_ConvCpltCallback)
    [Anonymous Symbol]                       0x0800071e   Section        0  stm32f3xx_hal_adc.o(.text.HAL_ADC_ConvHalfCpltCallback)
    [Anonymous Symbol]                       0x08000720   Section        0  stm32f3xx_hal_adc.o(.text.HAL_ADC_ErrorCallback)
    [Anonymous Symbol]                       0x08000724   Section        0  stm32f3xx_hal_adc_ex.o(.text.HAL_ADC_Init)
    __arm_cp.0_0                             0x08000934   Number         4  stm32f3xx_hal_adc_ex.o(.text.HAL_ADC_Init)
    __arm_cp.0_1                             0x08000938   Number         4  stm32f3xx_hal_adc_ex.o(.text.HAL_ADC_Init)
    __arm_cp.0_2                             0x0800093c   Number         4  stm32f3xx_hal_adc_ex.o(.text.HAL_ADC_Init)
    __arm_cp.0_3                             0x08000940   Number         4  stm32f3xx_hal_adc_ex.o(.text.HAL_ADC_Init)
    __arm_cp.0_4                             0x08000944   Number         4  stm32f3xx_hal_adc_ex.o(.text.HAL_ADC_Init)
    __arm_cp.0_5                             0x08000948   Number         4  stm32f3xx_hal_adc_ex.o(.text.HAL_ADC_Init)
    [Anonymous Symbol]                       0x0800094c   Section        0  adc.o(.text.HAL_ADC_MspInit)
    __arm_cp.1_0                             0x080009b4   Number         4  adc.o(.text.HAL_ADC_MspInit)
    __arm_cp.1_1                             0x080009b8   Number         4  adc.o(.text.HAL_ADC_MspInit)
    __arm_cp.1_2                             0x080009bc   Number         4  adc.o(.text.HAL_ADC_MspInit)
    __arm_cp.1_3                             0x080009c0   Number         4  adc.o(.text.HAL_ADC_MspInit)
    [Anonymous Symbol]                       0x080009c4   Section        0  stm32f3xx_hal_adc_ex.o(.text.HAL_ADC_Start_DMA)
    __arm_cp.11_0                            0x08000acc   Number         4  stm32f3xx_hal_adc_ex.o(.text.HAL_ADC_Start_DMA)
    __arm_cp.11_1                            0x08000ad0   Number         4  stm32f3xx_hal_adc_ex.o(.text.HAL_ADC_Start_DMA)
    __arm_cp.11_2                            0x08000ad4   Number         4  stm32f3xx_hal_adc_ex.o(.text.HAL_ADC_Start_DMA)
    __arm_cp.11_3                            0x08000ad8   Number         4  stm32f3xx_hal_adc_ex.o(.text.HAL_ADC_Start_DMA)
    __arm_cp.11_4                            0x08000adc   Number         4  stm32f3xx_hal_adc_ex.o(.text.HAL_ADC_Start_DMA)
    __arm_cp.11_5                            0x08000ae0   Number         4  stm32f3xx_hal_adc_ex.o(.text.HAL_ADC_Start_DMA)
    __arm_cp.11_6                            0x08000ae4   Number         4  stm32f3xx_hal_adc_ex.o(.text.HAL_ADC_Start_DMA)
    [Anonymous Symbol]                       0x08000ae8   Section        0  stm32f3xx_hal_dma.o(.text.HAL_DMA_IRQHandler)
    [Anonymous Symbol]                       0x08000b72   Section        0  stm32f3xx_hal_dma.o(.text.HAL_DMA_Init)
    [Anonymous Symbol]                       0x08000bce   Section        0  stm32f3xx_hal_dma.o(.text.HAL_DMA_Start_IT)
    [Anonymous Symbol]                       0x08000c34   Section        0  stm32f3xx_hal_gpio.o(.text.HAL_GPIO_Init)
    __arm_cp.0_0                             0x08000d88   Number         4  stm32f3xx_hal_gpio.o(.text.HAL_GPIO_Init)
    __arm_cp.0_1                             0x08000d8c   Number         4  stm32f3xx_hal_gpio.o(.text.HAL_GPIO_Init)
    __arm_cp.0_2                             0x08000d90   Number         4  stm32f3xx_hal_gpio.o(.text.HAL_GPIO_Init)
    __arm_cp.0_4                             0x08000d94   Number         4  stm32f3xx_hal_gpio.o(.text.HAL_GPIO_Init)
    [Anonymous Symbol]                       0x08000d98   Section        0  stm32f3xx_hal.o(.text.HAL_GetTick)
    [Anonymous Symbol]                       0x08000da0   Section        0  stm32f3xx_hal.o(.text.HAL_IncTick)
    __arm_cp.5_1                             0x08000db0   Number         4  stm32f3xx_hal.o(.text.HAL_IncTick)
    [Anonymous Symbol]                       0x08000db4   Section        0  stm32f3xx_hal.o(.text.HAL_Init)
    [Anonymous Symbol]                       0x08000dd4   Section        0  stm32f3xx_hal.o(.text.HAL_InitTick)
    __arm_cp.1_0                             0x08000e0c   Number         4  stm32f3xx_hal.o(.text.HAL_InitTick)
    [Anonymous Symbol]                       0x08000e10   Section        0  stm32f3xx_hal_msp.o(.text.HAL_MspInit)
    __arm_cp.0_0                             0x08000e70   Number         4  stm32f3xx_hal_msp.o(.text.HAL_MspInit)
    __arm_cp.0_1                             0x08000e74   Number         4  stm32f3xx_hal_msp.o(.text.HAL_MspInit)
    [Anonymous Symbol]                       0x08000e78   Section        0  stm32f3xx_hal_cortex.o(.text.HAL_NVIC_EnableIRQ)
    __arm_cp.2_0                             0x08000e88   Number         4  stm32f3xx_hal_cortex.o(.text.HAL_NVIC_EnableIRQ)
    [Anonymous Symbol]                       0x08000e8c   Section        0  stm32f3xx_hal_cortex.o(.text.HAL_NVIC_SetPriority)
    __arm_cp.1_1                             0x08000ed4   Number         4  stm32f3xx_hal_cortex.o(.text.HAL_NVIC_SetPriority)
    [Anonymous Symbol]                       0x08000ed8   Section        0  stm32f3xx_hal_cortex.o(.text.HAL_NVIC_SetPriorityGrouping)
    __arm_cp.0_0                             0x08000ef0   Number         4  stm32f3xx_hal_cortex.o(.text.HAL_NVIC_SetPriorityGrouping)
    __arm_cp.0_1                             0x08000ef4   Number         4  stm32f3xx_hal_cortex.o(.text.HAL_NVIC_SetPriorityGrouping)
    [Anonymous Symbol]                       0x08000ef8   Section        0  stm32f3xx_hal_rcc.o(.text.HAL_RCC_ClockConfig)
    __arm_cp.2_0                             0x08001050   Number         4  stm32f3xx_hal_rcc.o(.text.HAL_RCC_ClockConfig)
    __arm_cp.2_2                             0x08001054   Number         4  stm32f3xx_hal_rcc.o(.text.HAL_RCC_ClockConfig)
    [Anonymous Symbol]                       0x08001058   Section        0  stm32f3xx_hal_rcc.o(.text.HAL_RCC_GetHCLKFreq)
    __arm_cp.7_0                             0x08001060   Number         4  stm32f3xx_hal_rcc.o(.text.HAL_RCC_GetHCLKFreq)
    [Anonymous Symbol]                       0x08001064   Section        0  stm32f3xx_hal_rcc.o(.text.HAL_RCC_GetSysClockFreq)
    __arm_cp.3_0                             0x080010b4   Number         4  stm32f3xx_hal_rcc.o(.text.HAL_RCC_GetSysClockFreq)
    __arm_cp.3_1                             0x080010b8   Number         4  stm32f3xx_hal_rcc.o(.text.HAL_RCC_GetSysClockFreq)
    __arm_cp.3_2                             0x080010bc   Number         4  stm32f3xx_hal_rcc.o(.text.HAL_RCC_GetSysClockFreq)
    __arm_cp.3_3                             0x080010c0   Number         4  stm32f3xx_hal_rcc.o(.text.HAL_RCC_GetSysClockFreq)
    __arm_cp.3_4                             0x080010c4   Number         4  stm32f3xx_hal_rcc.o(.text.HAL_RCC_GetSysClockFreq)
    [Anonymous Symbol]                       0x080010c8   Section        0  stm32f3xx_hal_rcc.o(.text.HAL_RCC_OscConfig)
    __arm_cp.1_1                             0x080014c8   Number         4  stm32f3xx_hal_rcc.o(.text.HAL_RCC_OscConfig)
    __arm_cp.1_2                             0x080014cc   Number         4  stm32f3xx_hal_rcc.o(.text.HAL_RCC_OscConfig)
    [Anonymous Symbol]                       0x080014d0   Section        0  stm32f3xx_hal_cortex.o(.text.HAL_SYSTICK_CLKSourceConfig)
    [Anonymous Symbol]                       0x080014e4   Section        0  stm32f3xx_hal_cortex.o(.text.HAL_SYSTICK_Callback)
    [Anonymous Symbol]                       0x080014e8   Section        0  stm32f3xx_hal_cortex.o(.text.HAL_SYSTICK_Config)
    __arm_cp.5_0                             0x08001508   Number         4  stm32f3xx_hal_cortex.o(.text.HAL_SYSTICK_Config)
    __arm_cp.5_1                             0x0800150c   Number         4  stm32f3xx_hal_cortex.o(.text.HAL_SYSTICK_Config)
    [Anonymous Symbol]                       0x08001510   Section        0  stm32f3xx_hal_cortex.o(.text.HAL_SYSTICK_IRQHandler)
    [Anonymous Symbol]                       0x08001514   Section        0  stm32f3xx_it.o(.text.HardFault_Handler)
    [Anonymous Symbol]                       0x08001518   Section        0  adc.o(.text.MX_ADC1_Init)
    __arm_cp.0_1                             0x080015c8   Number         4  adc.o(.text.MX_ADC1_Init)
    [Anonymous Symbol]                       0x080015cc   Section        0  dma.o(.text.MX_DMA_Init)
    [Anonymous Symbol]                       0x080015f8   Section        0  gpio.o(.text.MX_GPIO_Init)
    __arm_cp.0_0                             0x08001614   Number         4  gpio.o(.text.MX_GPIO_Init)
    [Anonymous Symbol]                       0x08001618   Section        0  stm32f3xx_it.o(.text.MemManage_Handler)
    [Anonymous Symbol]                       0x0800161a   Section        0  stm32f3xx_it.o(.text.NMI_Handler)
    OUTLINED_FUNCTION_0                      0x0800161d   Thumb Code    14  stm32f3xx_hal_rcc.o(.text.OUTLINED_FUNCTION_0)
    [Anonymous Symbol]                       0x0800161c   Section        0  stm32f3xx_hal_rcc.o(.text.OUTLINED_FUNCTION_0)
    OUTLINED_FUNCTION_0                      0x0800162b   Thumb Code     6  stm32f3xx_hal_msp.o(.text.OUTLINED_FUNCTION_0)
    [Anonymous Symbol]                       0x0800162a   Section        0  stm32f3xx_hal_msp.o(.text.OUTLINED_FUNCTION_0)
    OUTLINED_FUNCTION_1                      0x08001631   Thumb Code    16  stm32f3xx_hal_rcc.o(.text.OUTLINED_FUNCTION_1)
    [Anonymous Symbol]                       0x08001630   Section        0  stm32f3xx_hal_rcc.o(.text.OUTLINED_FUNCTION_1)
    OUTLINED_FUNCTION_1                      0x08001641   Thumb Code    14  stm32f3xx_hal_cortex.o(.text.OUTLINED_FUNCTION_1)
    [Anonymous Symbol]                       0x08001640   Section        0  stm32f3xx_hal_cortex.o(.text.OUTLINED_FUNCTION_1)
    OUTLINED_FUNCTION_13                     0x0800164f   Thumb Code    10  stm32f3xx_hal_adc_ex.o(.text.OUTLINED_FUNCTION_13)
    [Anonymous Symbol]                       0x0800164e   Section        0  stm32f3xx_hal_adc_ex.o(.text.OUTLINED_FUNCTION_13)
    OUTLINED_FUNCTION_2                      0x08001659   Thumb Code    16  stm32f3xx_hal_rcc.o(.text.OUTLINED_FUNCTION_2)
    [Anonymous Symbol]                       0x08001658   Section        0  stm32f3xx_hal_rcc.o(.text.OUTLINED_FUNCTION_2)
    OUTLINED_FUNCTION_2                      0x08001669   Thumb Code     6  stm32f3xx_hal_cortex.o(.text.OUTLINED_FUNCTION_2)
    [Anonymous Symbol]                       0x08001668   Section        0  stm32f3xx_hal_cortex.o(.text.OUTLINED_FUNCTION_2)
    OUTLINED_FUNCTION_22                     0x0800166f   Thumb Code    14  stm32f3xx_hal_adc_ex.o(.text.OUTLINED_FUNCTION_22)
    [Anonymous Symbol]                       0x0800166e   Section        0  stm32f3xx_hal_adc_ex.o(.text.OUTLINED_FUNCTION_22)
    OUTLINED_FUNCTION_3                      0x0800167d   Thumb Code     6  stm32f3xx_hal_adc_ex.o(.text.OUTLINED_FUNCTION_3)
    [Anonymous Symbol]                       0x0800167c   Section        0  stm32f3xx_hal_adc_ex.o(.text.OUTLINED_FUNCTION_3)
    OUTLINED_FUNCTION_4                      0x08001683   Thumb Code    10  stm32f3xx_hal_rcc.o(.text.OUTLINED_FUNCTION_4)
    [Anonymous Symbol]                       0x08001682   Section        0  stm32f3xx_hal_rcc.o(.text.OUTLINED_FUNCTION_4)
    OUTLINED_FUNCTION_5                      0x0800168d   Thumb Code    20  stm32f3xx_hal_adc_ex.o(.text.OUTLINED_FUNCTION_5)
    [Anonymous Symbol]                       0x0800168c   Section        0  stm32f3xx_hal_adc_ex.o(.text.OUTLINED_FUNCTION_5)
    OUTLINED_FUNCTION_8                      0x080016a1   Thumb Code    20  stm32f3xx_hal_adc_ex.o(.text.OUTLINED_FUNCTION_8)
    [Anonymous Symbol]                       0x080016a0   Section        0  stm32f3xx_hal_adc_ex.o(.text.OUTLINED_FUNCTION_8)
    [Anonymous Symbol]                       0x080016b4   Section        0  stm32f3xx_it.o(.text.PendSV_Handler)
    [Anonymous Symbol]                       0x080016b6   Section        0  stm32f3xx_it.o(.text.SVC_Handler)
    [Anonymous Symbol]                       0x080016b8   Section        0  stm32f3xx_it.o(.text.SysTick_Handler)
    [Anonymous Symbol]                       0x080016c6   Section        0  main.o(.text.SystemClock_Config)
    [Anonymous Symbol]                       0x08001724   Section        0  system_stm32f3xx.o(.text.SystemInit)
    __arm_cp.0_0                             0x08001778   Number         4  system_stm32f3xx.o(.text.SystemInit)
    __arm_cp.0_1                             0x0800177c   Number         4  system_stm32f3xx.o(.text.SystemInit)
    __arm_cp.0_2                             0x08001780   Number         4  system_stm32f3xx.o(.text.SystemInit)
    __arm_cp.0_3                             0x08001784   Number         4  system_stm32f3xx.o(.text.SystemInit)
    __arm_cp.0_4                             0x08001788   Number         4  system_stm32f3xx.o(.text.SystemInit)
    [Anonymous Symbol]                       0x0800178c   Section        0  stm32f3xx_it.o(.text.UsageFault_Handler)
    [Anonymous Symbol]                       0x0800178e   Section        0  main.o(.text._Error_Handler)
    [Anonymous Symbol]                       0x08001790   Section        0  main.o(.text.main)
    __arm_cp.0_0                             0x080017b0   Number         4  main.o(.text.main)
    __arm_cp.0_1                             0x080017b4   Number         4  main.o(.text.main)
    i.__scatterload_copy                     0x080017b8   Section       14  handlers.o(i.__scatterload_copy)
    i.__scatterload_null                     0x080017c6   Section        2  handlers.o(i.__scatterload_null)
    i.__scatterload_zeroinit                 0x080017c8   Section       14  handlers.o(i.__scatterload_zeroinit)
    [Anonymous Symbol]                       0x08001806   Section        0  adc.o(.rodata.str1.1)
    [Anonymous Symbol]                       0x20000000   Section        0  stm32f3xx_hal.o(.data..L_MergedGlobals)
    STACK                                    0x200000b0   Section     1024  startup_stm32f303xc.o(STACK)

    Global Symbols

    Symbol Name                              Value     Ov Type        Size  Object(Section)

    BuildAttributes$$THM_ISAv4$E$P$D$K$B$S$7EM$VFPi3$EXTD16$VFPS$VFMA$PE$A:L22UL41UL21$X:L11$S22US41US21$IEEE1$IW$~IW$USESV6$~STKCKD$USESV7$~SHL$OSPACE$EBA8$MICROLIB$REQ8$PRES8$EABIv2 0x00000000   Number         0  anon$$obj.o ABSOLUTE
    __cpp_initialize__aeabi_                  - Undefined Weak Reference
    __cxa_finalize                            - Undefined Weak Reference
    __decompress                              - Undefined Weak Reference
    _clock_init                               - Undefined Weak Reference
    _microlib_exit                            - Undefined Weak Reference
    __Vectors_Size                           0x00000188   Number         0  startup_stm32f303xc.o ABSOLUTE
    __Vectors                                0x08000000   Data           4  startup_stm32f303xc.o(RESET)
    __Vectors_End                            0x08000188   Data           0  startup_stm32f303xc.o(RESET)
    __main                                   0x08000189   Thumb Code     0  entry.o(.ARM.Collect$$$$00000000)
    _main_stk                                0x08000189   Thumb Code     0  entry2.o(.ARM.Collect$$$$00000001)
    _main_scatterload                        0x0800018d   Thumb Code     0  entry5.o(.ARM.Collect$$$$00000004)
    __main_after_scatterload                 0x08000191   Thumb Code     0  entry5.o(.ARM.Collect$$$$00000004)
    _main_clock                              0x08000191   Thumb Code     0  entry7b.o(.ARM.Collect$$$$00000008)
    _main_cpp_init                           0x08000191   Thumb Code     0  entry8b.o(.ARM.Collect$$$$0000000A)
    _main_init                               0x08000191   Thumb Code     0  entry9a.o(.ARM.Collect$$$$0000000B)
    __rt_final_cpp                           0x08000199   Thumb Code     0  entry10a.o(.ARM.Collect$$$$0000000D)
    __rt_final_exit                          0x08000199   Thumb Code     0  entry11a.o(.ARM.Collect$$$$0000000F)
    Reset_Handler                            0x0800019d   Thumb Code     8  startup_stm32f303xc.o(.text)
    ADC1_2_IRQHandler                        0x080001b7   Thumb Code     0  startup_stm32f303xc.o(.text)
    ADC3_IRQHandler                          0x080001b7   Thumb Code     0  startup_stm32f303xc.o(.text)
    ADC4_IRQHandler                          0x080001b7   Thumb Code     0  startup_stm32f303xc.o(.text)
    CAN_RX1_IRQHandler                       0x080001b7   Thumb Code     0  startup_stm32f303xc.o(.text)
    CAN_SCE_IRQHandler                       0x080001b7   Thumb Code     0  startup_stm32f303xc.o(.text)
    COMP1_2_3_IRQHandler                     0x080001b7   Thumb Code     0  startup_stm32f303xc.o(.text)
    COMP4_5_6_IRQHandler                     0x080001b7   Thumb Code     0  startup_stm32f303xc.o(.text)
    COMP7_IRQHandler                         0x080001b7   Thumb Code     0  startup_stm32f303xc.o(.text)
    DMA1_Channel2_IRQHandler                 0x080001b7   Thumb Code     0  startup_stm32f303xc.o(.text)
    DMA1_Channel3_IRQHandler                 0x080001b7   Thumb Code     0  startup_stm32f303xc.o(.text)
    DMA1_Channel4_IRQHandler                 0x080001b7   Thumb Code     0  startup_stm32f303xc.o(.text)
    DMA1_Channel5_IRQHandler                 0x080001b7   Thumb Code     0  startup_stm32f303xc.o(.text)
    DMA1_Channel6_IRQHandler                 0x080001b7   Thumb Code     0  startup_stm32f303xc.o(.text)
    DMA1_Channel7_IRQHandler                 0x080001b7   Thumb Code     0  startup_stm32f303xc.o(.text)
    DMA2_Channel1_IRQHandler                 0x080001b7   Thumb Code     0  startup_stm32f303xc.o(.text)
    DMA2_Channel2_IRQHandler                 0x080001b7   Thumb Code     0  startup_stm32f303xc.o(.text)
    DMA2_Channel3_IRQHandler                 0x080001b7   Thumb Code     0  startup_stm32f303xc.o(.text)
    DMA2_Channel4_IRQHandler                 0x080001b7   Thumb Code     0  startup_stm32f303xc.o(.text)
    DMA2_Channel5_IRQHandler                 0x080001b7   Thumb Code     0  startup_stm32f303xc.o(.text)
    EXTI0_IRQHandler                         0x080001b7   Thumb Code     0  startup_stm32f303xc.o(.text)
    EXTI15_10_IRQHandler                     0x080001b7   Thumb Code     0  startup_stm32f303xc.o(.text)
    EXTI1_IRQHandler                         0x080001b7   Thumb Code     0  startup_stm32f303xc.o(.text)
    EXTI2_TSC_IRQHandler                     0x080001b7   Thumb Code     0  startup_stm32f303xc.o(.text)
    EXTI3_IRQHandler                         0x080001b7   Thumb Code     0  startup_stm32f303xc.o(.text)
    EXTI4_IRQHandler                         0x080001b7   Thumb Code     0  startup_stm32f303xc.o(.text)
    EXTI9_5_IRQHandler                       0x080001b7   Thumb Code     0  startup_stm32f303xc.o(.text)
    FLASH_IRQHandler                         0x080001b7   Thumb Code     0  startup_stm32f303xc.o(.text)
    FPU_IRQHandler                           0x080001b7   Thumb Code     0  startup_stm32f303xc.o(.text)
    I2C1_ER_IRQHandler                       0x080001b7   Thumb Code     0  startup_stm32f303xc.o(.text)
    I2C1_EV_IRQHandler                       0x080001b7   Thumb Code     0  startup_stm32f303xc.o(.text)
    I2C2_ER_IRQHandler                       0x080001b7   Thumb Code     0  startup_stm32f303xc.o(.text)
    I2C2_EV_IRQHandler                       0x080001b7   Thumb Code     0  startup_stm32f303xc.o(.text)
    PVD_IRQHandler                           0x080001b7   Thumb Code     0  startup_stm32f303xc.o(.text)
    RCC_IRQHandler                           0x080001b7   Thumb Code     0  startup_stm32f303xc.o(.text)
    RTC_Alarm_IRQHandler                     0x080001b7   Thumb Code     0  startup_stm32f303xc.o(.text)
    RTC_WKUP_IRQHandler                      0x080001b7   Thumb Code     0  startup_stm32f303xc.o(.text)
    SPI1_IRQHandler                          0x080001b7   Thumb Code     0  startup_stm32f303xc.o(.text)
    SPI2_IRQHandler                          0x080001b7   Thumb Code     0  startup_stm32f303xc.o(.text)
    SPI3_IRQHandler                          0x080001b7   Thumb Code     0  startup_stm32f303xc.o(.text)
    TAMP_STAMP_IRQHandler                    0x080001b7   Thumb Code     0  startup_stm32f303xc.o(.text)
    TIM1_BRK_TIM15_IRQHandler                0x080001b7   Thumb Code     0  startup_stm32f303xc.o(.text)
    TIM1_CC_IRQHandler                       0x080001b7   Thumb Code     0  startup_stm32f303xc.o(.text)
    TIM1_TRG_COM_TIM17_IRQHandler            0x080001b7   Thumb Code     0  startup_stm32f303xc.o(.text)
    TIM1_UP_TIM16_IRQHandler                 0x080001b7   Thumb Code     0  startup_stm32f303xc.o(.text)
    TIM2_IRQHandler                          0x080001b7   Thumb Code     0  startup_stm32f303xc.o(.text)
    TIM3_IRQHandler                          0x080001b7   Thumb Code     0  startup_stm32f303xc.o(.text)
    TIM4_IRQHandler                          0x080001b7   Thumb Code     0  startup_stm32f303xc.o(.text)
    TIM6_DAC_IRQHandler                      0x080001b7   Thumb Code     0  startup_stm32f303xc.o(.text)
    TIM7_IRQHandler                          0x080001b7   Thumb Code     0  startup_stm32f303xc.o(.text)
    TIM8_BRK_IRQHandler                      0x080001b7   Thumb Code     0  startup_stm32f303xc.o(.text)
    TIM8_CC_IRQHandler                       0x080001b7   Thumb Code     0  startup_stm32f303xc.o(.text)
    TIM8_TRG_COM_IRQHandler                  0x080001b7   Thumb Code     0  startup_stm32f303xc.o(.text)
    TIM8_UP_IRQHandler                       0x080001b7   Thumb Code     0  startup_stm32f303xc.o(.text)
    UART4_IRQHandler                         0x080001b7   Thumb Code     0  startup_stm32f303xc.o(.text)
    UART5_IRQHandler                         0x080001b7   Thumb Code     0  startup_stm32f303xc.o(.text)
    USART1_IRQHandler                        0x080001b7   Thumb Code     0  startup_stm32f303xc.o(.text)
    USART2_IRQHandler                        0x080001b7   Thumb Code     0  startup_stm32f303xc.o(.text)
    USART3_IRQHandler                        0x080001b7   Thumb Code     0  startup_stm32f303xc.o(.text)
    USBWakeUp_IRQHandler                     0x080001b7   Thumb Code     0  startup_stm32f303xc.o(.text)
    USBWakeUp_RMP_IRQHandler                 0x080001b7   Thumb Code     0  startup_stm32f303xc.o(.text)
    USB_HP_CAN_TX_IRQHandler                 0x080001b7   Thumb Code     0  startup_stm32f303xc.o(.text)
    USB_HP_IRQHandler                        0x080001b7   Thumb Code     0  startup_stm32f303xc.o(.text)
    USB_LP_CAN_RX0_IRQHandler                0x080001b7   Thumb Code     0  startup_stm32f303xc.o(.text)
    USB_LP_IRQHandler                        0x080001b7   Thumb Code     0  startup_stm32f303xc.o(.text)
    WWDG_IRQHandler                          0x080001b7   Thumb Code     0  startup_stm32f303xc.o(.text)
    __scatterload                            0x080001c1   Thumb Code    28  init.o(.text)
    __scatterload_rt2                        0x080001c1   Thumb Code     0  init.o(.text)
    BusFault_Handler                         0x080002d5   Thumb Code     2  stm32f3xx_it.o(.text.BusFault_Handler)
    DMA1_Channel1_IRQHandler                 0x080002d9   Thumb Code     8  stm32f3xx_it.o(.text.DMA1_Channel1_IRQHandler)
    DebugMon_Handler                         0x0800033b   Thumb Code     2  stm32f3xx_it.o(.text.DebugMon_Handler)
    HAL_ADCEx_MultiModeConfigChannel         0x0800033d   Thumb Code   240  stm32f3xx_hal_adc_ex.o(.text.HAL_ADCEx_MultiModeConfigChannel)
    HAL_ADC_ConfigChannel                    0x0800042d   Thumb Code   744  stm32f3xx_hal_adc_ex.o(.text.HAL_ADC_ConfigChannel)
    HAL_ADC_ConvCpltCallback                 0x0800071d   Thumb Code     2  stm32f3xx_hal_adc.o(.text.HAL_ADC_ConvCpltCallback)
    HAL_ADC_ConvHalfCpltCallback             0x0800071f   Thumb Code     2  stm32f3xx_hal_adc.o(.text.HAL_ADC_ConvHalfCpltCallback)
    HAL_ADC_ErrorCallback                    0x08000721   Thumb Code     2  stm32f3xx_hal_adc.o(.text.HAL_ADC_ErrorCallback)
    HAL_ADC_Init                             0x08000725   Thumb Code   528  stm32f3xx_hal_adc_ex.o(.text.HAL_ADC_Init)
    HAL_ADC_MspInit                          0x0800094d   Thumb Code   104  adc.o(.text.HAL_ADC_MspInit)
    HAL_ADC_Start_DMA                        0x080009c5   Thumb Code   264  stm32f3xx_hal_adc_ex.o(.text.HAL_ADC_Start_DMA)
    HAL_DMA_IRQHandler                       0x08000ae9   Thumb Code   138  stm32f3xx_hal_dma.o(.text.HAL_DMA_IRQHandler)
    HAL_DMA_Init                             0x08000b73   Thumb Code    92  stm32f3xx_hal_dma.o(.text.HAL_DMA_Init)
    HAL_DMA_Start_IT                         0x08000bcf   Thumb Code   102  stm32f3xx_hal_dma.o(.text.HAL_DMA_Start_IT)
    HAL_GPIO_Init                            0x08000c35   Thumb Code   340  stm32f3xx_hal_gpio.o(.text.HAL_GPIO_Init)
    HAL_GetTick                              0x08000d99   Thumb Code     8  stm32f3xx_hal.o(.text.HAL_GetTick)
    HAL_IncTick                              0x08000da1   Thumb Code    16  stm32f3xx_hal.o(.text.HAL_IncTick)
    HAL_Init                                 0x08000db5   Thumb Code    32  stm32f3xx_hal.o(.text.HAL_Init)
    HAL_InitTick                             0x08000dd5   Thumb Code    56  stm32f3xx_hal.o(.text.HAL_InitTick)
    HAL_MspInit                              0x08000e11   Thumb Code    96  stm32f3xx_hal_msp.o(.text.HAL_MspInit)
    HAL_NVIC_EnableIRQ                       0x08000e79   Thumb Code    16  stm32f3xx_hal_cortex.o(.text.HAL_NVIC_EnableIRQ)
    HAL_NVIC_SetPriority                     0x08000e8d   Thumb Code    72  stm32f3xx_hal_cortex.o(.text.HAL_NVIC_SetPriority)
    HAL_NVIC_SetPriorityGrouping             0x08000ed9   Thumb Code    24  stm32f3xx_hal_cortex.o(.text.HAL_NVIC_SetPriorityGrouping)
    HAL_RCC_ClockConfig                      0x08000ef9   Thumb Code   344  stm32f3xx_hal_rcc.o(.text.HAL_RCC_ClockConfig)
    HAL_RCC_GetHCLKFreq                      0x08001059   Thumb Code     8  stm32f3xx_hal_rcc.o(.text.HAL_RCC_GetHCLKFreq)
    HAL_RCC_GetSysClockFreq                  0x08001065   Thumb Code    80  stm32f3xx_hal_rcc.o(.text.HAL_RCC_GetSysClockFreq)
    HAL_RCC_OscConfig                        0x080010c9   Thumb Code  1024  stm32f3xx_hal_rcc.o(.text.HAL_RCC_OscConfig)
    HAL_SYSTICK_CLKSourceConfig              0x080014d1   Thumb Code    20  stm32f3xx_hal_cortex.o(.text.HAL_SYSTICK_CLKSourceConfig)
    HAL_SYSTICK_Callback                     0x080014e5   Thumb Code     2  stm32f3xx_hal_cortex.o(.text.HAL_SYSTICK_Callback)
    HAL_SYSTICK_Config                       0x080014e9   Thumb Code    32  stm32f3xx_hal_cortex.o(.text.HAL_SYSTICK_Config)
    HAL_SYSTICK_IRQHandler                   0x08001511   Thumb Code     4  stm32f3xx_hal_cortex.o(.text.HAL_SYSTICK_IRQHandler)
    HardFault_Handler                        0x08001515   Thumb Code     2  stm32f3xx_it.o(.text.HardFault_Handler)
    MX_ADC1_Init                             0x08001519   Thumb Code   176  adc.o(.text.MX_ADC1_Init)
    MX_DMA_Init                              0x080015cd   Thumb Code    44  dma.o(.text.MX_DMA_Init)
    MX_GPIO_Init                             0x080015f9   Thumb Code    28  gpio.o(.text.MX_GPIO_Init)
    MemManage_Handler                        0x08001619   Thumb Code     2  stm32f3xx_it.o(.text.MemManage_Handler)
    NMI_Handler                              0x0800161b   Thumb Code     2  stm32f3xx_it.o(.text.NMI_Handler)
    PendSV_Handler                           0x080016b5   Thumb Code     2  stm32f3xx_it.o(.text.PendSV_Handler)
    SVC_Handler                              0x080016b7   Thumb Code     2  stm32f3xx_it.o(.text.SVC_Handler)
    SysTick_Handler                          0x080016b9   Thumb Code    14  stm32f3xx_it.o(.text.SysTick_Handler)
    SystemClock_Config                       0x080016c7   Thumb Code    92  main.o(.text.SystemClock_Config)
    SystemInit                               0x08001725   Thumb Code    84  system_stm32f3xx.o(.text.SystemInit)
    UsageFault_Handler                       0x0800178d   Thumb Code     2  stm32f3xx_it.o(.text.UsageFault_Handler)
    _Error_Handler                           0x0800178f   Thumb Code     2  main.o(.text._Error_Handler)
    main                                     0x08001791   Thumb Code    32  main.o(.text.main)
    __scatterload_copy                       0x080017b9   Thumb Code    14  handlers.o(i.__scatterload_copy)
    __scatterload_null                       0x080017c7   Thumb Code     2  handlers.o(i.__scatterload_null)
    __scatterload_zeroinit                   0x080017c9   Thumb Code    14  handlers.o(i.__scatterload_zeroinit)
    AHBPrescTable                            0x080017d6   Data          16  system_stm32f3xx.o(.rodata.AHBPrescTable)
    aPLLMULFactorTable                       0x080017e6   Data          16  stm32f3xx_hal_rcc.o(.rodata.aPLLMULFactorTable)
    aPredivFactorTable                       0x080017f6   Data          16  stm32f3xx_hal_rcc.o(.rodata.aPredivFactorTable)
    Region$$Table$$Base                      0x08001814   Number         0  anon$$obj.o(Region$$Table)
    Region$$Table$$Limit                     0x08001834   Number         0  anon$$obj.o(Region$$Table)
    uwTickFreq                               0x20000000   Data           1  stm32f3xx_hal.o(.data..L_MergedGlobals)
    uwTickPrio                               0x20000004   Data           4  stm32f3xx_hal.o(.data..L_MergedGlobals)
    SystemCoreClock                          0x20000008   Data           4  system_stm32f3xx.o(.data.SystemCoreClock)
    adc_Valores_Arreglo                      0x20000010   Data           3  main.o(.bss.adc_Valores_Arreglo)
    hadc1                                    0x20000014   Data          84  adc.o(.bss.hadc1)
    hdma_adc1                                0x20000068   Data          68  adc.o(.bss.hdma_adc1)
    uwTick                                   0x200000ac   Data           4  stm32f3xx_hal.o(.bss.uwTick)
    __initial_sp                             0x200004b0   Data           0  startup_stm32f303xc.o(STACK)



==============================================================================

Memory Map of the image

  Image Entry point : 0x08000189

  Load Region LR_IROM1 (Base: 0x08000000, Size: 0x00001848, Max: 0x00040000, ABSOLUTE)

    Execution Region ER_IROM1 (Exec base: 0x08000000, Load base: 0x08000000, Size: 0x00001834, Max: 0x00040000, ABSOLUTE)

    Exec Addr    Load Addr    Size         Type   Attr      Idx    E Section Name        Object

    0x08000000   0x08000000   0x00000188   Data   RO          867    RESET               startup_stm32f303xc.o
    0x08000188   0x08000188   0x00000000   Code   RO          976  * .ARM.Collect$$$$00000000  mc_w.l(entry.o)
    0x08000188   0x08000188   0x00000004   Code   RO          981    .ARM.Collect$$$$00000001  mc_w.l(entry2.o)
    0x0800018c   0x0800018c   0x00000004   Code   RO          984    .ARM.Collect$$$$00000004  mc_w.l(entry5.o)
    0x08000190   0x08000190   0x00000000   Code   RO          986    .ARM.Collect$$$$00000008  mc_w.l(entry7b.o)
    0x08000190   0x08000190   0x00000000   Code   RO          988    .ARM.Collect$$$$0000000A  mc_w.l(entry8b.o)
    0x08000190   0x08000190   0x00000008   Code   RO          989    .ARM.Collect$$$$0000000B  mc_w.l(entry9a.o)
    0x08000198   0x08000198   0x00000000   Code   RO          991    .ARM.Collect$$$$0000000D  mc_w.l(entry10a.o)
    0x08000198   0x08000198   0x00000000   Code   RO          993    .ARM.Collect$$$$0000000F  mc_w.l(entry11a.o)
    0x08000198   0x08000198   0x00000004   Code   RO          982    .ARM.Collect$$$$00002712  mc_w.l(entry2.o)
    0x0800019c   0x0800019c   0x00000024   Code   RO          868    .text               startup_stm32f303xc.o
    0x080001c0   0x080001c0   0x00000024   Code   RO          995    .text               mc_w.l(init.o)
    0x080001e4   0x080001e4   0x0000004a   Code   RO          156    .text.ADC_DMAConvCplt  stm32f3xx_hal_adc_ex.o
    0x0800022e   0x0800022e   0x00000016   Code   RO          160    .text.ADC_DMAError  stm32f3xx_hal_adc_ex.o
    0x08000244   0x08000244   0x00000006   Code   RO          158    .text.ADC_DMAHalfConvCplt  stm32f3xx_hal_adc_ex.o
    0x0800024a   0x0800024a   0x00000044   Code   RO          134    .text.ADC_Disable   stm32f3xx_hal_adc_ex.o
    0x0800028e   0x0800028e   0x00000002   PAD
    0x08000290   0x08000290   0x00000044   Code   RO          142    .text.ADC_Enable    stm32f3xx_hal_adc_ex.o
    0x080002d4   0x080002d4   0x00000002   Code   RO          911    .text.BusFault_Handler  stm32f3xx_it.o
    0x080002d6   0x080002d6   0x00000002   PAD
    0x080002d8   0x080002d8   0x0000000c   Code   RO          923    .text.DMA1_Channel1_IRQHandler  stm32f3xx_it.o
    0x080002e4   0x080002e4   0x00000030   Code   RO          346    .text.DMA_CalcBaseAndBitshift  stm32f3xx_hal_dma.o
    0x08000314   0x08000314   0x00000026   Code   RO          352    .text.DMA_SetConfig  stm32f3xx_hal_dma.o
    0x0800033a   0x0800033a   0x00000002   Code   RO          917    .text.DebugMon_Handler  stm32f3xx_it.o
    0x0800033c   0x0800033c   0x000000f0   Code   RO          214    .text.HAL_ADCEx_MultiModeConfigChannel  stm32f3xx_hal_adc_ex.o
    0x0800042c   0x0800042c   0x000002f0   Code   RO          208    .text.HAL_ADC_ConfigChannel  stm32f3xx_hal_adc_ex.o
    0x0800071c   0x0800071c   0x00000002   Code   RO           30    .text.HAL_ADC_ConvCpltCallback  stm32f3xx_hal_adc.o
    0x0800071e   0x0800071e   0x00000002   Code   RO           32    .text.HAL_ADC_ConvHalfCpltCallback  stm32f3xx_hal_adc.o
    0x08000720   0x08000720   0x00000002   Code   RO           36    .text.HAL_ADC_ErrorCallback  stm32f3xx_hal_adc.o
    0x08000722   0x08000722   0x00000002   PAD
    0x08000724   0x08000724   0x00000228   Code   RO          132    .text.HAL_ADC_Init  stm32f3xx_hal_adc_ex.o
    0x0800094c   0x0800094c   0x00000078   Code   RO          954    .text.HAL_ADC_MspInit  adc.o
    0x080009c4   0x080009c4   0x00000124   Code   RO          154    .text.HAL_ADC_Start_DMA  stm32f3xx_hal_adc_ex.o
    0x08000ae8   0x08000ae8   0x0000008a   Code   RO          362    .text.HAL_DMA_IRQHandler  stm32f3xx_hal_dma.o
    0x08000b72   0x08000b72   0x0000005c   Code   RO          344    .text.HAL_DMA_Init  stm32f3xx_hal_dma.o
    0x08000bce   0x08000bce   0x00000066   Code   RO          354    .text.HAL_DMA_Start_IT  stm32f3xx_hal_dma.o
    0x08000c34   0x08000c34   0x00000164   Code   RO          746    .text.HAL_GPIO_Init  stm32f3xx_hal_gpio.o
    0x08000d98   0x08000d98   0x00000008   Code   RO          814    .text.HAL_GetTick   stm32f3xx_hal.o
    0x08000da0   0x08000da0   0x00000014   Code   RO          812    .text.HAL_IncTick   stm32f3xx_hal.o
    0x08000db4   0x08000db4   0x00000020   Code   RO          802    .text.HAL_Init      stm32f3xx_hal.o
    0x08000dd4   0x08000dd4   0x0000003c   Code   RO          804    .text.HAL_InitTick  stm32f3xx_hal.o
    0x08000e10   0x08000e10   0x00000068   Code   RO          941    .text.HAL_MspInit   stm32f3xx_hal_msp.o
    0x08000e78   0x08000e78   0x00000014   Code   RO          274    .text.HAL_NVIC_EnableIRQ  stm32f3xx_hal_cortex.o
    0x08000e8c   0x08000e8c   0x0000004c   Code   RO          272    .text.HAL_NVIC_SetPriority  stm32f3xx_hal_cortex.o
    0x08000ed8   0x08000ed8   0x00000020   Code   RO          270    .text.HAL_NVIC_SetPriorityGrouping  stm32f3xx_hal_cortex.o
    0x08000ef8   0x08000ef8   0x00000160   Code   RO           58    .text.HAL_RCC_ClockConfig  stm32f3xx_hal_rcc.o
    0x08001058   0x08001058   0x0000000c   Code   RO           68    .text.HAL_RCC_GetHCLKFreq  stm32f3xx_hal_rcc.o
    0x08001064   0x08001064   0x00000064   Code   RO           60    .text.HAL_RCC_GetSysClockFreq  stm32f3xx_hal_rcc.o
    0x080010c8   0x080010c8   0x00000408   Code   RO           56    .text.HAL_RCC_OscConfig  stm32f3xx_hal_rcc.o
    0x080014d0   0x080014d0   0x00000014   Code   RO          300    .text.HAL_SYSTICK_CLKSourceConfig  stm32f3xx_hal_cortex.o
    0x080014e4   0x080014e4   0x00000002   Code   RO          304    .text.HAL_SYSTICK_Callback  stm32f3xx_hal_cortex.o
    0x080014e6   0x080014e6   0x00000002   PAD
    0x080014e8   0x080014e8   0x00000028   Code   RO          280    .text.HAL_SYSTICK_Config  stm32f3xx_hal_cortex.o
    0x08001510   0x08001510   0x00000004   Code   RO          302    .text.HAL_SYSTICK_IRQHandler  stm32f3xx_hal_cortex.o
    0x08001514   0x08001514   0x00000002   Code   RO          907    .text.HardFault_Handler  stm32f3xx_it.o
    0x08001516   0x08001516   0x00000002   PAD
    0x08001518   0x08001518   0x000000b4   Code   RO          952    .text.MX_ADC1_Init  adc.o
    0x080015cc   0x080015cc   0x0000002c   Code   RO          932    .text.MX_DMA_Init   dma.o
    0x080015f8   0x080015f8   0x00000020   Code   RO          969    .text.MX_GPIO_Init  gpio.o
    0x08001618   0x08001618   0x00000002   Code   RO          909    .text.MemManage_Handler  stm32f3xx_it.o
    0x0800161a   0x0800161a   0x00000002   Code   RO          905    .text.NMI_Handler   stm32f3xx_it.o
    0x0800161c   0x0800161c   0x0000000e   Code   RO           82    .text.OUTLINED_FUNCTION_0  stm32f3xx_hal_rcc.o
    0x0800162a   0x0800162a   0x00000006   Code   RO          943    .text.OUTLINED_FUNCTION_0  stm32f3xx_hal_msp.o
    0x08001630   0x08001630   0x00000010   Code   RO           84    .text.OUTLINED_FUNCTION_1  stm32f3xx_hal_rcc.o
    0x08001640   0x08001640   0x0000000e   Code   RO          308    .text.OUTLINED_FUNCTION_1  stm32f3xx_hal_cortex.o
    0x0800164e   0x0800164e   0x0000000a   Code   RO          242    .text.OUTLINED_FUNCTION_13  stm32f3xx_hal_adc_ex.o
    0x08001658   0x08001658   0x00000010   Code   RO           86    .text.OUTLINED_FUNCTION_2  stm32f3xx_hal_rcc.o
    0x08001668   0x08001668   0x00000006   Code   RO          310    .text.OUTLINED_FUNCTION_2  stm32f3xx_hal_cortex.o
    0x0800166e   0x0800166e   0x0000000e   Code   RO          260    .text.OUTLINED_FUNCTION_22  stm32f3xx_hal_adc_ex.o
    0x0800167c   0x0800167c   0x00000006   Code   RO          222    .text.OUTLINED_FUNCTION_3  stm32f3xx_hal_adc_ex.o
    0x08001682   0x08001682   0x0000000a   Code   RO           90    .text.OUTLINED_FUNCTION_4  stm32f3xx_hal_rcc.o
    0x0800168c   0x0800168c   0x00000014   Code   RO          226    .text.OUTLINED_FUNCTION_5  stm32f3xx_hal_adc_ex.o
    0x080016a0   0x080016a0   0x00000014   Code   RO          232    .text.OUTLINED_FUNCTION_8  stm32f3xx_hal_adc_ex.o
    0x080016b4   0x080016b4   0x00000002   Code   RO          919    .text.PendSV_Handler  stm32f3xx_it.o
    0x080016b6   0x080016b6   0x00000002   Code   RO          915    .text.SVC_Handler   stm32f3xx_it.o
    0x080016b8   0x080016b8   0x0000000e   Code   RO          921    .text.SysTick_Handler  stm32f3xx_it.o
    0x080016c6   0x080016c6   0x0000005c   Code   RO          892    .text.SystemClock_Config  main.o
    0x08001722   0x08001722   0x00000002   PAD
    0x08001724   0x08001724   0x00000068   Code   RO          875    .text.SystemInit    system_stm32f3xx.o
    0x0800178c   0x0800178c   0x00000002   Code   RO          913    .text.UsageFault_Handler  stm32f3xx_it.o
    0x0800178e   0x0800178e   0x00000002   Code   RO          894    .text._Error_Handler  main.o
    0x08001790   0x08001790   0x00000028   Code   RO          890    .text.main          main.o
    0x080017b8   0x080017b8   0x0000000e   Code   RO          999    i.__scatterload_copy  mc_w.l(handlers.o)
    0x080017c6   0x080017c6   0x00000002   Code   RO         1000    i.__scatterload_null  mc_w.l(handlers.o)
    0x080017c8   0x080017c8   0x0000000e   Code   RO         1001    i.__scatterload_zeroinit  mc_w.l(handlers.o)
    0x080017d6   0x080017d6   0x00000010   Data   RO          880    .rodata.AHBPrescTable  system_stm32f3xx.o
    0x080017e6   0x080017e6   0x00000010   Data   RO           92    .rodata.aPLLMULFactorTable  stm32f3xx_hal_rcc.o
    0x080017f6   0x080017f6   0x00000010   Data   RO           93    .rodata.aPredivFactorTable  stm32f3xx_hal_rcc.o
    0x08001806   0x08001806   0x0000000d   Data   RO          959    .rodata.str1.1      adc.o
    0x08001813   0x08001813   0x00000001   PAD
    0x08001814   0x08001814   0x00000020   Data   RO          998    Region$$Table       anon$$obj.o


    Execution Region RW_IRAM1 (Exec base: 0x20000000, Load base: 0x08001838, Size: 0x000004b0, Max: 0x0000a000, ABSOLUTE)

    Exec Addr    Load Addr    Size         Type   Attr      Idx    E Section Name        Object

    0x20000000   0x08001838   0x00000008   Data   RW          857    .data..L_MergedGlobals  stm32f3xx_hal.o
    0x20000008   0x08001840   0x00000004   Data   RW          879    .data.SystemCoreClock  system_stm32f3xx.o
    0x2000000c   0x08001844   0x00000004   PAD
    0x20000010        -       0x00000003   Zero   RW          896    .bss.adc_Valores_Arreglo  main.o
    0x20000013   0x08001844   0x00000001   PAD
    0x20000014        -       0x00000054   Zero   RW          958    .bss.hadc1          adc.o
    0x20000068        -       0x00000044   Zero   RW          960    .bss.hdma_adc1      adc.o
    0x200000ac        -       0x00000004   Zero   RW          856    .bss.uwTick         stm32f3xx_hal.o
    0x200000b0        -       0x00000400   Zero   RW          865    STACK               startup_stm32f303xc.o


==============================================================================

Image component sizes


      Code (inc. data)   RO Data    RW Data    ZI Data      Debug   Object Name

       300         20         13          0        152       5281   adc.o
        44          0          0          0          0       2729   dma.o
        32          4          0          0          0        964   gpio.o
       134          8          0          0          3       3756   main.o
        36          8        392          0       1024        844   startup_stm32f303xc.o
       120          8          0          8          4       6399   stm32f3xx_hal.o
         6          0          0          0          0       6883   stm32f3xx_hal_adc.o
      2144         86          0          0          0      25135   stm32f3xx_hal_adc_ex.o
       214         24          0          0          0       8983   stm32f3xx_hal_cortex.o
       418          8          0          0          0       7234   stm32f3xx_hal_dma.o
       356         16          0          0          0       4679   stm32f3xx_hal_gpio.o
       110          8          0          0          0       2701   stm32f3xx_hal_msp.o
      1552         44         32          0          0      10020   stm32f3xx_hal_rcc.o
        42          4          0          0          0       2710   stm32f3xx_it.o
       104         20         16          4          0       2239   system_stm32f3xx.o

    ----------------------------------------------------------------------
      5624        258        486         12       1188      90557   Object Totals
         0          0         32          0          0          0   (incl. Generated)
        12          0          1          0          5          0   (incl. Padding)

    ----------------------------------------------------------------------

      Code (inc. data)   RO Data    RW Data    ZI Data      Debug   Library Member Name

         0          0          0          0          0          0   entry.o
         0          0          0          0          0          0   entry10a.o
         0          0          0          0          0          0   entry11a.o
         8          4          0          0          0          0   entry2.o
         4          0          0          0          0          0   entry5.o
         0          0          0          0          0          0   entry7b.o
         0          0          0          0          0          0   entry8b.o
         8          4          0          0          0          0   entry9a.o
        30          0          0          0          0          0   handlers.o
        36          8          0          0          0         68   init.o

    ----------------------------------------------------------------------
        86         16          0          0          0         68   Library Totals
         0          0          0          0          0          0   (incl. Padding)

    ----------------------------------------------------------------------

      Code (inc. data)   RO Data    RW Data    ZI Data      Debug   Library Name

        86         16          0          0          0         68   mc_w.l

    ----------------------------------------------------------------------
        86         16          0          0          0         68   Library Totals

    ----------------------------------------------------------------------

==============================================================================


      Code (inc. data)   RO Data    RW Data    ZI Data      Debug   

      5710        274        486         12       1188      90569   Grand Totals
      5710        274        486         12       1188      90569   ELF Image Totals
      5710        274        486         12          0          0   ROM Totals

==============================================================================

    Total RO  Size (Code + RO Data)                 6196 (   6.05kB)
    Total RW  Size (RW Data + ZI Data)              1200 (   1.17kB)
    Total ROM Size (Code + RO Data + RW Data)       6208 (   6.06kB)

==============================================================================

