<html>
<body>
<pre>
<h1>µVision Build Log</h1>
<h2>Tool Versions:</h2>
IDE-Version: µVision V5.37.0.0
Copyright (C) 2022 ARM Ltd and ARM Germany GmbH. All rights reserved.
License Information: Francisco Motta, 4Brinas, LIC=----
 
Tool Versions:
Toolchain:       MDK-Lite  Version: 5.37.0.0
Toolchain Path:  D:\Program Files (x86)\Keil\ARM\ARMCLANG\Bin
C Compiler:      ArmClang.exe V6.18
Assembler:       Armasm.exe V6.18
Linker/Locator:  ArmLink.exe V6.18
Library Manager: ArmAr.exe V6.18
Hex Converter:   FromElf.exe V6.18
CPU DLL:         SARMCM3.DLL V5.37.0.0
Dialog DLL:      DCM.DLL V1.17.5.0
Target DLL:      STLink\ST-LINKIII-KEIL_SWO.dll V3.0.9.0
Dialog DLL:      TCM.DLL V1.56.1.0
 
<h2>Project:</h2>
D:\Escritorio\STM32Discovery\6_DMA_ADC_MULTI_CHANEL\MDK-ARM\6_DMA_ADC_MULTI_CHANEL.uvprojx
Project File Date:  09/16/2022

<h2>Output:</h2>
*** Using Compiler 'V6.18', folder: 'D:\Program Files (x86)\Keil\ARM\ARMCLANG\Bin'
Build target '6_DMA_ADC_MULTI_CHANEL'
compiling stm32f3xx_hal_adc.c...
compiling stm32f3xx_hal_i2c_ex.c...
compiling stm32f3xx_hal_cortex.c...
compiling stm32f3xx_hal_dma.c...
compiling stm32f3xx_hal_flash_ex.c...
compiling stm32f3xx_hal_rcc.c...
compiling stm32f3xx_hal_tim.c...
compiling stm32f3xx_hal_tim_ex.c...
compiling stm32f3xx_hal_pwr_ex.c...
compiling stm32f3xx_hal_rcc_ex.c...
compiling stm32f3xx_hal_flash.c...
compiling stm32f3xx_hal_gpio.c...
compiling stm32f3xx_hal_pwr.c...
compiling stm32f3xx_hal_adc_ex.c...
compiling stm32f3xx_hal.c...
assembling startup_stm32f303xc.s...
compiling system_stm32f3xx.c...
compiling main.c...
compiling stm32f3xx_it.c...
compiling stm32f3xx_hal_i2c.c...
compiling dma.c...
compiling stm32f3xx_hal_msp.c...
compiling adc.c...
compiling gpio.c...
linking...
Program Size: Code=5710 RO-data=486 RW-data=12 ZI-data=1188  
"6_DMA_ADC_MULTI_CHANEL\6_DMA_ADC_MULTI_CHANEL.axf" - 0 Error(s), 0 Warning(s).

<h2>Software Packages used:</h2>

Package Vendor: ARM
                http://www.keil.com/pack/ARM.CMSIS.5.9.0.pack
                ARM.CMSIS.5.9.0
                CMSIS (Common Microcontroller Software Interface Standard)
   * Component: CORE Version: 5.6.0

Package Vendor: Keil
                http://www.keil.com/pack/Keil.STM32F3xx_DFP.2.2.2.pack
                Keil.STM32F3xx_DFP.2.2.2
                STMicroelectronics STM32F3 Series Device Support and Examples

<h2>Collection of Component include folders:</h2>
  ./RTE/_6_DMA_ADC_MULTI_CHANEL
  C:/Users/jmott/AppData/Local/Arm/Packs/ARM/CMSIS/5.9.0/CMSIS/Core/Include
  C:/Users/jmott/AppData/Local/Arm/Packs/Keil/STM32F3xx_DFP/2.2.2/Drivers/CMSIS/Device/ST/STM32F3xx/Include

<h2>Collection of Component Files used:</h2>

   * Component: ARM::CMSIS:CORE:5.6.0
Build Time Elapsed:  00:00:03
</pre>
</body>
</html>
