Component: Arm Compiler for Embedded 6.18 Tool: armlink [5e4cc100]

==============================================================================

Section Cross References

    stm32f3xx_hal_adc_ex.o(.text.HAL_ADC_Init) refers to adc.o(.text.HAL_ADC_MspInit) for HAL_ADC_MspInit
    stm32f3xx_hal_adc_ex.o(.text.HAL_ADC_Init) refers to stm32f3xx_hal_adc_ex.o(.text.OUTLINED_FUNCTION_3) for OUTLINED_FUNCTION_3
    stm32f3xx_hal_adc_ex.o(.text.HAL_ADC_Init) refers to system_stm32f3xx.o(.data.SystemCoreClock) for SystemCoreClock
    stm32f3xx_hal_adc_ex.o(.ARM.exidx.text.HAL_ADC_Init) refers to stm32f3xx_hal_adc_ex.o(.text.HAL_ADC_Init) for [Anonymous Symbol]
    stm32f3xx_hal_adc_ex.o(.text.ADC_Disable) refers to stm32f3xx_hal_adc_ex.o(.text.OUTLINED_FUNCTION_22) for OUTLINED_FUNCTION_22
    stm32f3xx_hal_adc_ex.o(.text.ADC_Disable) refers to stm32f3xx_hal.o(.text.HAL_GetTick) for HAL_GetTick
    stm32f3xx_hal_adc_ex.o(.text.ADC_Disable) refers to stm32f3xx_hal_adc_ex.o(.text.OUTLINED_FUNCTION_8) for OUTLINED_FUNCTION_8
    stm32f3xx_hal_adc_ex.o(.ARM.exidx.text.ADC_Disable) refers to stm32f3xx_hal_adc_ex.o(.text.ADC_Disable) for [Anonymous Symbol]
    stm32f3xx_hal_adc_ex.o(.text.HAL_ADC_DeInit) refers to stm32f3xx_hal_adc_ex.o(.text.ADC_ConversionStop) for ADC_ConversionStop
    stm32f3xx_hal_adc_ex.o(.text.HAL_ADC_DeInit) refers to stm32f3xx_hal_adc_ex.o(.text.OUTLINED_FUNCTION_3) for OUTLINED_FUNCTION_3
    stm32f3xx_hal_adc_ex.o(.text.HAL_ADC_DeInit) refers to adc.o(.text.HAL_ADC_MspDeInit) for HAL_ADC_MspDeInit
    stm32f3xx_hal_adc_ex.o(.text.HAL_ADC_DeInit) refers to stm32f3xx_hal_adc_ex.o(.text.OUTLINED_FUNCTION_17) for OUTLINED_FUNCTION_17
    stm32f3xx_hal_adc_ex.o(.ARM.exidx.text.HAL_ADC_DeInit) refers to stm32f3xx_hal_adc_ex.o(.text.HAL_ADC_DeInit) for [Anonymous Symbol]
    stm32f3xx_hal_adc_ex.o(.text.ADC_ConversionStop) refers to stm32f3xx_hal.o(.text.HAL_GetTick) for HAL_GetTick
    stm32f3xx_hal_adc_ex.o(.ARM.exidx.text.ADC_ConversionStop) refers to stm32f3xx_hal_adc_ex.o(.text.ADC_ConversionStop) for [Anonymous Symbol]
    stm32f3xx_hal_adc_ex.o(.text.HAL_ADC_Start) refers to stm32f3xx_hal_adc_ex.o(.text.OUTLINED_FUNCTION_6) for OUTLINED_FUNCTION_6
    stm32f3xx_hal_adc_ex.o(.text.HAL_ADC_Start) refers to stm32f3xx_hal_adc_ex.o(.text.OUTLINED_FUNCTION_17) for OUTLINED_FUNCTION_17
    stm32f3xx_hal_adc_ex.o(.text.HAL_ADC_Start) refers to stm32f3xx_hal_adc_ex.o(.text.OUTLINED_FUNCTION_11) for OUTLINED_FUNCTION_11
    stm32f3xx_hal_adc_ex.o(.text.HAL_ADC_Start) refers to stm32f3xx_hal_adc_ex.o(.text.OUTLINED_FUNCTION_13) for OUTLINED_FUNCTION_13
    stm32f3xx_hal_adc_ex.o(.text.HAL_ADC_Start) refers to stm32f3xx_hal_adc_ex.o(.text.OUTLINED_FUNCTION_16) for OUTLINED_FUNCTION_16
    stm32f3xx_hal_adc_ex.o(.ARM.exidx.text.HAL_ADC_Start) refers to stm32f3xx_hal_adc_ex.o(.text.HAL_ADC_Start) for [Anonymous Symbol]
    stm32f3xx_hal_adc_ex.o(.text.ADC_Enable) refers to stm32f3xx_hal_adc_ex.o(.text.OUTLINED_FUNCTION_22) for OUTLINED_FUNCTION_22
    stm32f3xx_hal_adc_ex.o(.text.ADC_Enable) refers to stm32f3xx_hal.o(.text.HAL_GetTick) for HAL_GetTick
    stm32f3xx_hal_adc_ex.o(.text.ADC_Enable) refers to stm32f3xx_hal_adc_ex.o(.text.OUTLINED_FUNCTION_8) for OUTLINED_FUNCTION_8
    stm32f3xx_hal_adc_ex.o(.ARM.exidx.text.ADC_Enable) refers to stm32f3xx_hal_adc_ex.o(.text.ADC_Enable) for [Anonymous Symbol]
    stm32f3xx_hal_adc_ex.o(.text.HAL_ADC_Stop) refers to stm32f3xx_hal_adc_ex.o(.text.OUTLINED_FUNCTION_2) for OUTLINED_FUNCTION_2
    stm32f3xx_hal_adc_ex.o(.text.HAL_ADC_Stop) refers to stm32f3xx_hal_adc_ex.o(.text.OUTLINED_FUNCTION_1) for OUTLINED_FUNCTION_1
    stm32f3xx_hal_adc_ex.o(.text.HAL_ADC_Stop) refers to stm32f3xx_hal_adc_ex.o(.text.OUTLINED_FUNCTION_3) for OUTLINED_FUNCTION_3
    stm32f3xx_hal_adc_ex.o(.text.HAL_ADC_Stop) refers to stm32f3xx_hal_adc_ex.o(.text.OUTLINED_FUNCTION_4) for OUTLINED_FUNCTION_4
    stm32f3xx_hal_adc_ex.o(.text.HAL_ADC_Stop) refers to stm32f3xx_hal_adc_ex.o(.text.OUTLINED_FUNCTION_7) for OUTLINED_FUNCTION_7
    stm32f3xx_hal_adc_ex.o(.ARM.exidx.text.HAL_ADC_Stop) refers to stm32f3xx_hal_adc_ex.o(.text.HAL_ADC_Stop) for [Anonymous Symbol]
    stm32f3xx_hal_adc_ex.o(.text.HAL_ADC_PollForConversion) refers to stm32f3xx_hal_adc_ex.o(.text.OUTLINED_FUNCTION_14) for OUTLINED_FUNCTION_14
    stm32f3xx_hal_adc_ex.o(.text.HAL_ADC_PollForConversion) refers to stm32f3xx_hal.o(.text.HAL_GetTick) for HAL_GetTick
    stm32f3xx_hal_adc_ex.o(.text.HAL_ADC_PollForConversion) refers to stm32f3xx_hal_adc_ex.o(.text.OUTLINED_FUNCTION_9) for OUTLINED_FUNCTION_9
    stm32f3xx_hal_adc_ex.o(.ARM.exidx.text.HAL_ADC_PollForConversion) refers to stm32f3xx_hal_adc_ex.o(.text.HAL_ADC_PollForConversion) for [Anonymous Symbol]
    stm32f3xx_hal_adc_ex.o(.text.HAL_ADC_PollForEvent) refers to stm32f3xx_hal.o(.text.HAL_GetTick) for HAL_GetTick
    stm32f3xx_hal_adc_ex.o(.text.HAL_ADC_PollForEvent) refers to stm32f3xx_hal_adc_ex.o(.text.OUTLINED_FUNCTION_12) for OUTLINED_FUNCTION_12
[...]
    Removing stm32f3xx_hal.o(.text.OUTLINED_FUNCTION_0), (10 bytes).
    Removing stm32f3xx_hal.o(.ARM.exidx.text.OUTLINED_FUNCTION_0), (8 bytes).
    Removing stm32f3xx_hal.o(.text.OUTLINED_FUNCTION_1), (10 bytes).
    Removing stm32f3xx_hal.o(.ARM.exidx.text.OUTLINED_FUNCTION_1), (8 bytes).
    Removing stm32f3xx_hal_flash.o(.text), (0 bytes).
    Removing stm32f3xx_hal_flash.o(.text.HAL_FLASH_Program), (144 bytes).
    Removing stm32f3xx_hal_flash.o(.ARM.exidx.text.HAL_FLASH_Program), (8 bytes).
    Removing stm32f3xx_hal_flash.o(.text.FLASH_WaitForLastOperation), (80 bytes).
    Removing stm32f3xx_hal_flash.o(.ARM.exidx.text.FLASH_WaitForLastOperation), (8 bytes).
    Removing stm32f3xx_hal_flash.o(.text.HAL_FLASH_Program_IT), (84 bytes).
    Removing stm32f3xx_hal_flash.o(.ARM.exidx.text.HAL_FLASH_Program_IT), (8 bytes).
    Removing stm32f3xx_hal_flash.o(.text.HAL_FLASH_IRQHandler), (292 bytes).
    Removing stm32f3xx_hal_flash.o(.ARM.exidx.text.HAL_FLASH_IRQHandler), (8 bytes).
    Removing stm32f3xx_hal_flash.o(.text.FLASH_SetErrorCode), (56 bytes).
    Removing stm32f3xx_hal_flash.o(.ARM.exidx.text.FLASH_SetErrorCode), (8 bytes).
    Removing stm32f3xx_hal_flash.o(.text.HAL_FLASH_OperationErrorCallback), (2 bytes).
    Removing stm32f3xx_hal_flash.o(.ARM.exidx.text.HAL_FLASH_OperationErrorCallback), (8 bytes).
    Removing stm32f3xx_hal_flash.o(.text.HAL_FLASH_EndOfOperationCallback), (2 bytes).
    Removing stm32f3xx_hal_flash.o(.ARM.exidx.text.HAL_FLASH_EndOfOperationCallback), (8 bytes).
    Removing stm32f3xx_hal_flash.o(.text.HAL_FLASH_Unlock), (40 bytes).
    Removing stm32f3xx_hal_flash.o(.ARM.exidx.text.HAL_FLASH_Unlock), (8 bytes).
    Removing stm32f3xx_hal_flash.o(.text.HAL_FLASH_Lock), (20 bytes).
    Removing stm32f3xx_hal_flash.o(.ARM.exidx.text.HAL_FLASH_Lock), (8 bytes).
    Removing stm32f3xx_hal_flash.o(.text.HAL_FLASH_OB_Unlock), (36 bytes).
    Removing stm32f3xx_hal_flash.o(.ARM.exidx.text.HAL_FLASH_OB_Unlock), (8 bytes).
    Removing stm32f3xx_hal_flash.o(.text.HAL_FLASH_OB_Lock), (20 bytes).
    Removing stm32f3xx_hal_flash.o(.ARM.exidx.text.HAL_FLASH_OB_Lock), (8 bytes).
    Removing stm32f3xx_hal_flash.o(.text.HAL_FLASH_OB_Launch), (24 bytes).
    Removing stm32f3xx_hal_flash.o(.ARM.exidx.text.HAL_FLASH_OB_Launch), (8 bytes).
    Removing stm32f3xx_hal_flash.o(.text.HAL_FLASH_GetError), (12 bytes).
    Removing stm32f3xx_hal_flash.o(.ARM.exidx.text.HAL_FLASH_GetError), (8 bytes).
    Removing stm32f3xx_hal_flash.o(.bss.pFlash), (32 bytes).
    Removing stm32f3xx_hal_tim.o(.text), (0 bytes).
    Removing stm32f3xx_hal_flash_ex.o(.text), (0 bytes).
    Removing stm32f3xx_hal_flash_ex.o(.text.HAL_FLASHEx_Erase), (144 bytes).
    Removing stm32f3xx_hal_flash_ex.o(.ARM.exidx.text.HAL_FLASHEx_Erase), (8 bytes).
    Removing stm32f3xx_hal_flash_ex.o(.text.FLASH_MassErase), (36 bytes).
    Removing stm32f3xx_hal_flash_ex.o(.ARM.exidx.text.FLASH_MassErase), (8 bytes).
    Removing stm32f3xx_hal_flash_ex.o(.text.FLASH_PageErase), (36 bytes).
    Removing stm32f3xx_hal_flash_ex.o(.ARM.exidx.text.FLASH_PageErase), (8 bytes).
    Removing stm32f3xx_hal_flash_ex.o(.text.HAL_FLASHEx_Erase_IT), (80 bytes).
    Removing stm32f3xx_hal_flash_ex.o(.ARM.exidx.text.HAL_FLASHEx_Erase_IT), (8 bytes).
    Removing stm32f3xx_hal_flash_ex.o(.text.HAL_FLASHEx_OBErase), (96 bytes).
    Removing stm32f3xx_hal_flash_ex.o(.ARM.exidx.text.HAL_FLASHEx_OBErase), (8 bytes).
    Removing stm32f3xx_hal_flash_ex.o(.text.FLASH_OB_RDP_LevelConfig), (92 bytes).
    Removing stm32f3xx_hal_flash_ex.o(.ARM.exidx.text.FLASH_OB_RDP_LevelConfig), (8 bytes).
    Removing stm32f3xx_hal_flash_ex.o(.text.HAL_FLASHEx_OBProgram), (460 bytes).
    Removing stm32f3xx_hal_flash_ex.o(.ARM.exidx.text.HAL_FLASHEx_OBProgram), (8 bytes).
    Removing stm32f3xx_hal_flash_ex.o(.text.HAL_FLASHEx_OBGetConfig), (68 bytes).
    Removing stm32f3xx_hal_flash_ex.o(.ARM.exidx.text.HAL_FLASHEx_OBGetConfig), (8 bytes).
    Removing stm32f3xx_hal_flash_ex.o(.text.HAL_FLASHEx_OBGetUserData), (56 bytes).
    Removing stm32f3xx_hal_flash_ex.o(.ARM.exidx.text.HAL_FLASHEx_OBGetUserData), (8 bytes).
    Removing stm32f3xx_hal_flash_ex.o(.text.OUTLINED_FUNCTION_0), (8 bytes).
    Removing stm32f3xx_hal_flash_ex.o(.ARM.exidx.text.OUTLINED_FUNCTION_0), (8 bytes).
    Removing stm32f3xx_hal_flash_ex.o(.text.OUTLINED_FUNCTION_1), (16 bytes).
    Removing stm32f3xx_hal_flash_ex.o(.ARM.exidx.text.OUTLINED_FUNCTION_1), (8 bytes).
    Removing stm32f3xx_hal_i2c.o(.text), (0 bytes).
    Removing stm32f3xx_hal_i2c.o(.text.HAL_I2C_Init), (156 bytes).
    Removing stm32f3xx_hal_i2c.o(.ARM.exidx.text.HAL_I2C_Init), (8 bytes).
    Removing stm32f3xx_hal_i2c.o(.text.HAL_I2C_MspInit), (2 bytes).
    Removing stm32f3xx_hal_i2c.o(.ARM.exidx.text.HAL_I2C_MspInit), (8 bytes).
    Removing stm32f3xx_hal_i2c.o(.text.HAL_I2C_DeInit), (52 bytes).
    Removing stm32f3xx_hal_i2c.o(.ARM.exidx.text.HAL_I2C_DeInit), (8 bytes).
    Removing stm32f3xx_hal_i2c.o(.text.HAL_I2C_MspDeInit), (2 bytes).
    Removing stm32f3xx_hal_i2c.o(.ARM.exidx.text.HAL_I2C_MspDeInit), (8 bytes).
    Removing stm32f3xx_hal_i2c.o(.text.HAL_I2C_Master_Transmit), (224 bytes).
    Removing stm32f3xx_hal_i2c.o(.ARM.exidx.text.HAL_I2C_Master_Transmit), (8 bytes).
    Removing stm32f3xx_hal_i2c.o(.text.I2C_WaitOnFlagUntilTimeout), (68 bytes).
    Removing stm32f3xx_hal_i2c.o(.ARM.exidx.text.I2C_WaitOnFlagUntilTimeout), (8 bytes).
    Removing stm32f3xx_hal_i2c.o(.text.I2C_TransferConfig), (40 bytes).
    Removing stm32f3xx_hal_i2c.o(.ARM.exidx.text.I2C_TransferConfig), (8 bytes).
    Removing stm32f3xx_hal_i2c.o(.text.I2C_WaitOnTXISFlagUntilTimeout), (62 bytes).
    Removing stm32f3xx_hal_i2c.o(.ARM.exidx.text.I2C_WaitOnTXISFlagUntilTimeout), (8 bytes).
    Removing stm32f3xx_hal_i2c.o(.text.I2C_WaitOnSTOPFlagUntilTimeout), (56 bytes).
    Removing stm32f3xx_hal_i2c.o(.ARM.exidx.text.I2C_WaitOnSTOPFlagUntilTimeout), (8 bytes).
    Removing stm32f3xx_hal_i2c.o(.text.HAL_I2C_Master_Receive), (224 bytes).
    Removing stm32f3xx_hal_i2c.o(.ARM.exidx.text.HAL_I2C_Master_Receive), (8 bytes).
    Removing stm32f3xx_hal_i2c.o(.text.I2C_WaitOnRXNEFlagUntilTimeout), (116 bytes).
    Removing stm32f3xx_hal_i2c.o(.ARM.exidx.text.I2C_WaitOnRXNEFlagUntilTimeout), (8 bytes).
    Removing stm32f3xx_hal_i2c.o(.text.HAL_I2C_Slave_Transmit), (218 bytes).
    Removing stm32f3xx_hal_i2c.o(.ARM.exidx.text.HAL_I2C_Slave_Transmit), (8 bytes).
    Removing stm32f3xx_hal_i2c.o(.text.HAL_I2C_Slave_Receive), (196 bytes).
    Removing stm32f3xx_hal_i2c.o(.ARM.exidx.text.HAL_I2C_Slave_Receive), (8 bytes).
    Removing stm32f3xx_hal_i2c.o(.text.HAL_I2C_Master_Transmit_IT), (100 bytes).
    Removing stm32f3xx_hal_i2c.o(.ARM.exidx.text.HAL_I2C_Master_Transmit_IT), (8 bytes).
    Removing stm32f3xx_hal_i2c.o(.text.I2C_Master_ISR_IT), (246 bytes).
    Removing stm32f3xx_hal_i2c.o(.ARM.exidx.text.I2C_Master_ISR_IT), (8 bytes).
    Removing stm32f3xx_hal_i2c.o(.text.I2C_Enable_IRQ), (104 bytes).
    Removing stm32f3xx_hal_i2c.o(.ARM.exidx.text.I2C_Enable_IRQ), (8 bytes).
    Removing stm32f3xx_hal_i2c.o(.text.HAL_I2C_Master_Receive_IT), (100 bytes).
    Removing stm32f3xx_hal_i2c.o(.ARM.exidx.text.HAL_I2C_Master_Receive_IT), (8 bytes).
    Removing stm32f3xx_hal_i2c.o(.text.HAL_I2C_Slave_Transmit_IT), (64 bytes).
    Removing stm32f3xx_hal_i2c.o(.ARM.exidx.text.HAL_I2C_Slave_Transmit_IT), (8 bytes).
    Removing stm32f3xx_hal_i2c.o(.text.I2C_Slave_ISR_IT), (366 bytes).
    Removing stm32f3xx_hal_i2c.o(.ARM.exidx.text.I2C_Slave_ISR_IT), (8 bytes).
    Removing stm32f3xx_hal_i2c.o(.text.HAL_I2C_Slave_Receive_IT), (64 bytes).
    Removing stm32f3xx_hal_i2c.o(.ARM.exidx.text.HAL_I2C_Slave_Receive_IT), (8 bytes).
    Removing stm32f3xx_hal_i2c.o(.text.HAL_I2C_Master_Transmit_DMA), (160 bytes).
    Removing stm32f3xx_hal_i2c.o(.ARM.exidx.text.HAL_I2C_Master_Transmit_DMA), (8 bytes).
    Removing stm32f3xx_hal_i2c.o(.text.I2C_Master_ISR_DMA), (172 bytes).
    Removing stm32f3xx_hal_i2c.o(.ARM.exidx.text.I2C_Master_ISR_DMA), (8 bytes).
    Removing stm32f3xx_hal_i2c.o(.text.I2C_DMAMasterTransmitCplt), (58 bytes).
    Removing stm32f3xx_hal_i2c.o(.ARM.exidx.text.I2C_DMAMasterTransmitCplt), (8 bytes).
    Removing stm32f3xx_hal_i2c.o(.text.I2C_DMAError), (18 bytes).
    Removing stm32f3xx_hal_i2c.o(.ARM.exidx.text.I2C_DMAError), (8 bytes).
    Removing stm32f3xx_hal_i2c.o(.text.HAL_I2C_Master_Receive_DMA), (180 bytes).
    Removing stm32f3xx_hal_i2c.o(.ARM.exidx.text.HAL_I2C_Master_Receive_DMA), (8 bytes).
    Removing stm32f3xx_hal_i2c.o(.text.I2C_DMAMasterReceiveCplt), (58 bytes).
    Removing stm32f3xx_hal_i2c.o(.ARM.exidx.text.I2C_DMAMasterReceiveCplt), (8 bytes).
    Removing stm32f3xx_hal_i2c.o(.text.HAL_I2C_Slave_Transmit_DMA), (112 bytes).
    Removing stm32f3xx_hal_i2c.o(.ARM.exidx.text.HAL_I2C_Slave_Transmit_DMA), (8 bytes).
    Removing stm32f3xx_hal_i2c.o(.text.I2C_Slave_ISR_DMA), (96 bytes).
    Removing stm32f3xx_hal_i2c.o(.ARM.exidx.text.I2C_Slave_ISR_DMA), (8 bytes).
    Removing stm32f3xx_hal_i2c.o(.text.I2C_DMASlaveTransmitCplt), (2 bytes).
    Removing stm32f3xx_hal_i2c.o(.ARM.exidx.text.I2C_DMASlaveTransmitCplt), (8 bytes).
    Removing stm32f3xx_hal_i2c.o(.text.HAL_I2C_Slave_Receive_DMA), (116 bytes).
    Removing stm32f3xx_hal_i2c.o(.ARM.exidx.text.HAL_I2C_Slave_Receive_DMA), (8 bytes).
    Removing stm32f3xx_hal_i2c.o(.text.I2C_DMASlaveReceiveCplt), (2 bytes).
    Removing stm32f3xx_hal_i2c.o(.ARM.exidx.text.I2C_DMASlaveReceiveCplt), (8 bytes).
    Removing stm32f3xx_hal_i2c.o(.text.HAL_I2C_Mem_Write), (236 bytes).
    Removing stm32f3xx_hal_i2c.o(.ARM.exidx.text.HAL_I2C_Mem_Write), (8 bytes).
    Removing stm32f3xx_hal_i2c.o(.text.I2C_RequestMemoryWrite), (80 bytes).
    Removing stm32f3xx_hal_i2c.o(.ARM.exidx.text.I2C_RequestMemoryWrite), (8 bytes).
    Removing stm32f3xx_hal_i2c.o(.text.HAL_I2C_Mem_Read), (244 bytes).
    Removing stm32f3xx_hal_i2c.o(.ARM.exidx.text.HAL_I2C_Mem_Read), (8 bytes).
    Removing stm32f3xx_hal_i2c.o(.text.I2C_RequestMemoryRead), (80 bytes).
    Removing stm32f3xx_hal_i2c.o(.ARM.exidx.text.I2C_RequestMemoryRead), (8 bytes).
    Removing stm32f3xx_hal_i2c.o(.text.HAL_I2C_Mem_Write_IT), (144 bytes).
    Removing stm32f3xx_hal_i2c.o(.ARM.exidx.text.HAL_I2C_Mem_Write_IT), (8 bytes).
    Removing stm32f3xx_hal_i2c.o(.text.HAL_I2C_Mem_Read_IT), (160 bytes).
    Removing stm32f3xx_hal_i2c.o(.ARM.exidx.text.HAL_I2C_Mem_Read_IT), (8 bytes).
    Removing stm32f3xx_hal_i2c.o(.text.HAL_I2C_Mem_Write_DMA), (180 bytes).
    Removing stm32f3xx_hal_i2c.o(.ARM.exidx.text.HAL_I2C_Mem_Write_DMA), (8 bytes).
    Removing stm32f3xx_hal_i2c.o(.text.HAL_I2C_Mem_Read_DMA), (208 bytes).
    Removing stm32f3xx_hal_i2c.o(.ARM.exidx.text.HAL_I2C_Mem_Read_DMA), (8 bytes).
    Removing stm32f3xx_hal_i2c.o(.text.HAL_I2C_IsDeviceReady), (256 bytes).
    Removing stm32f3xx_hal_i2c.o(.ARM.exidx.text.HAL_I2C_IsDeviceReady), (8 bytes).
    Removing stm32f3xx_hal_i2c.o(.text.HAL_I2C_Master_Sequential_Transmit_IT), (80 bytes).
    Removing stm32f3xx_hal_i2c.o(.ARM.exidx.text.HAL_I2C_Master_Sequential_Transmit_IT), (8 bytes).
    Removing stm32f3xx_hal_i2c.o(.text.HAL_I2C_Master_Sequential_Receive_IT), (80 bytes).
    Removing stm32f3xx_hal_i2c.o(.ARM.exidx.text.HAL_I2C_Master_Sequential_Receive_IT), (8 bytes).
    Removing stm32f3xx_hal_i2c.o(.text.HAL_I2C_Slave_Sequential_Transmit_IT), (100 bytes).
    Removing stm32f3xx_hal_i2c.o(.ARM.exidx.text.HAL_I2C_Slave_Sequential_Transmit_IT), (8 bytes).
    Removing stm32f3xx_hal_i2c.o(.text.I2C_Disable_IRQ), (66 bytes).
    Removing stm32f3xx_hal_i2c.o(.ARM.exidx.text.I2C_Disable_IRQ), (8 bytes).
    Removing stm32f3xx_hal_i2c.o(.text.HAL_I2C_Slave_Sequential_Receive_IT), (100 bytes).
    Removing stm32f3xx_hal_i2c.o(.ARM.exidx.text.HAL_I2C_Slave_Sequential_Receive_IT), (8 bytes).
    Removing stm32f3xx_hal_i2c.o(.text.HAL_I2C_EnableListen_IT), (40 bytes).
    Removing stm32f3xx_hal_i2c.o(.ARM.exidx.text.HAL_I2C_EnableListen_IT), (8 bytes).
    Removing stm32f3xx_hal_i2c.o(.text.HAL_I2C_DisableListen_IT), (58 bytes).
    Removing stm32f3xx_hal_i2c.o(.ARM.exidx.text.HAL_I2C_DisableListen_IT), (8 bytes).
    Removing stm32f3xx_hal_i2c.o(.text.HAL_I2C_Master_Abort_IT), (92 bytes).
    Removing stm32f3xx_hal_i2c.o(.ARM.exidx.text.HAL_I2C_Master_Abort_IT), (8 bytes).
    Removing stm32f3xx_hal_i2c.o(.text.HAL_I2C_EV_IRQHandler), (14 bytes).
    Removing stm32f3xx_hal_i2c.o(.ARM.exidx.text.HAL_I2C_EV_IRQHandler), (8 bytes).
    Removing stm32f3xx_hal_i2c.o(.text.HAL_I2C_ER_IRQHandler), (94 bytes).
    Removing stm32f3xx_hal_i2c.o(.ARM.exidx.text.HAL_I2C_ER_IRQHandler), (8 bytes).
    Removing stm32f3xx_hal_i2c.o(.text.I2C_ITError), (208 bytes).
    Removing stm32f3xx_hal_i2c.o(.ARM.exidx.text.I2C_ITError), (8 bytes).
    Removing stm32f3xx_hal_i2c.o(.text.HAL_I2C_MasterTxCpltCallback), (2 bytes).
    Removing stm32f3xx_hal_i2c.o(.ARM.exidx.text.HAL_I2C_MasterTxCpltCallback), (8 bytes).
    Removing stm32f3xx_hal_i2c.o(.text.HAL_I2C_MasterRxCpltCallback), (2 bytes).
    Removing stm32f3xx_hal_i2c.o(.ARM.exidx.text.HAL_I2C_MasterRxCpltCallback), (8 bytes).
    Removing stm32f3xx_hal_i2c.o(.text.HAL_I2C_SlaveTxCpltCallback), (2 bytes).
    Removing stm32f3xx_hal_i2c.o(.ARM.exidx.text.HAL_I2C_SlaveTxCpltCallback), (8 bytes).
    Removing stm32f3xx_hal_i2c.o(.text.HAL_I2C_SlaveRxCpltCallback), (2 bytes).
    Removing stm32f3xx_hal_i2c.o(.ARM.exidx.text.HAL_I2C_SlaveRxCpltCallback), (8 bytes).
    Removing stm32f3xx_hal_i2c.o(.text.HAL_I2C_AddrCallback), (2 bytes).
    Removing stm32f3xx_hal_i2c.o(.ARM.exidx.text.HAL_I2C_AddrCallback), (8 bytes).
    Removing stm32f3xx_hal_i2c.o(.text.HAL_I2C_ListenCpltCallback), (2 bytes).
    Removing stm32f3xx_hal_i2c.o(.ARM.exidx.text.HAL_I2C_ListenCpltCallback), (8 bytes).
    Removing stm32f3xx_hal_i2c.o(.text.HAL_I2C_MemTxCpltCallback), (2 bytes).
    Removing stm32f3xx_hal_i2c.o(.ARM.exidx.text.HAL_I2C_MemTxCpltCallback), (8 bytes).
    Removing stm32f3xx_hal_i2c.o(.text.HAL_I2C_MemRxCpltCallback), (2 bytes).
    Removing stm32f3xx_hal_i2c.o(.ARM.exidx.text.HAL_I2C_MemRxCpltCallback), (8 bytes).
    Removing stm32f3xx_hal_i2c.o(.text.HAL_I2C_ErrorCallback), (2 bytes).
    Removing stm32f3xx_hal_i2c.o(.ARM.exidx.text.HAL_I2C_ErrorCallback), (8 bytes).
    Removing stm32f3xx_hal_i2c.o(.text.HAL_I2C_AbortCpltCallback), (2 bytes).
    Removing stm32f3xx_hal_i2c.o(.ARM.exidx.text.HAL_I2C_AbortCpltCallback), (8 bytes).
    Removing stm32f3xx_hal_i2c.o(.text.HAL_I2C_GetState), (6 bytes).
    Removing stm32f3xx_hal_i2c.o(.ARM.exidx.text.HAL_I2C_GetState), (8 bytes).
    Removing stm32f3xx_hal_i2c.o(.text.HAL_I2C_GetMode), (6 bytes).
    Removing stm32f3xx_hal_i2c.o(.ARM.exidx.text.HAL_I2C_GetMode), (8 bytes).
    Removing stm32f3xx_hal_i2c.o(.text.HAL_I2C_GetError), (4 bytes).
    Removing stm32f3xx_hal_i2c.o(.ARM.exidx.text.HAL_I2C_GetError), (8 bytes).
    Removing stm32f3xx_hal_i2c.o(.text.I2C_Flush_TXDR), (28 bytes).
    Removing stm32f3xx_hal_i2c.o(.ARM.exidx.text.I2C_Flush_TXDR), (8 bytes).
    Removing stm32f3xx_hal_i2c.o(.text.I2C_ITMasterSequentialCplt), (72 bytes).
    Removing stm32f3xx_hal_i2c.o(.ARM.exidx.text.I2C_ITMasterSequentialCplt), (8 bytes).
    Removing stm32f3xx_hal_i2c.o(.text.I2C_ITMasterCplt), (136 bytes).
    Removing stm32f3xx_hal_i2c.o(.ARM.exidx.text.I2C_ITMasterCplt), (8 bytes).
    Removing stm32f3xx_hal_i2c.o(.text.I2C_ITListenCplt), (80 bytes).
    Removing stm32f3xx_hal_i2c.o(.ARM.exidx.text.I2C_ITListenCplt), (8 bytes).
    Removing stm32f3xx_hal_i2c.o(.text.I2C_ITSlaveSequentialCplt), (82 bytes).
    Removing stm32f3xx_hal_i2c.o(.ARM.exidx.text.I2C_ITSlaveSequentialCplt), (8 bytes).
    Removing stm32f3xx_hal_i2c.o(.text.I2C_ITSlaveCplt), (224 bytes).
    Removing stm32f3xx_hal_i2c.o(.ARM.exidx.text.I2C_ITSlaveCplt), (8 bytes).
    Removing stm32f3xx_hal_i2c.o(.text.I2C_DMAAbort), (54 bytes).
    Removing stm32f3xx_hal_i2c.o(.ARM.exidx.text.I2C_DMAAbort), (8 bytes).
    Removing stm32f3xx_hal_i2c.o(.text.I2C_IsAcknowledgeFailed), (104 bytes).
    Removing stm32f3xx_hal_i2c.o(.ARM.exidx.text.I2C_IsAcknowledgeFailed), (8 bytes).
    Removing stm32f3xx_hal_i2c.o(.text.OUTLINED_FUNCTION_0), (10 bytes).
    Removing stm32f3xx_hal_i2c.o(.ARM.exidx.text.OUTLINED_FUNCTION_0), (8 bytes).
    Removing stm32f3xx_hal_i2c.o(.text.OUTLINED_FUNCTION_1), (48 bytes).
    Removing stm32f3xx_hal_i2c.o(.ARM.exidx.text.OUTLINED_FUNCTION_1), (8 bytes).
    Removing stm32f3xx_hal_i2c.o(.text.OUTLINED_FUNCTION_2), (46 bytes).
    Removing stm32f3xx_hal_i2c.o(.ARM.exidx.text.OUTLINED_FUNCTION_2), (8 bytes).
    Removing stm32f3xx_hal_i2c.o(.text.OUTLINED_FUNCTION_3), (16 bytes).
    Removing stm32f3xx_hal_i2c.o(.ARM.exidx.text.OUTLINED_FUNCTION_3), (8 bytes).
    Removing stm32f3xx_hal_i2c.o(.text.OUTLINED_FUNCTION_4), (8 bytes).
    Removing stm32f3xx_hal_i2c.o(.ARM.exidx.text.OUTLINED_FUNCTION_4), (8 bytes).
    Removing stm32f3xx_hal_i2c.o(.text.OUTLINED_FUNCTION_5), (8 bytes).
    Removing stm32f3xx_hal_i2c.o(.ARM.exidx.text.OUTLINED_FUNCTION_5), (8 bytes).
    Removing stm32f3xx_hal_i2c.o(.text.OUTLINED_FUNCTION_6), (42 bytes).
    Removing stm32f3xx_hal_i2c.o(.ARM.exidx.text.OUTLINED_FUNCTION_6), (8 bytes).
    Removing stm32f3xx_hal_i2c.o(.text.OUTLINED_FUNCTION_7), (16 bytes).
    Removing stm32f3xx_hal_i2c.o(.ARM.exidx.text.OUTLINED_FUNCTION_7), (8 bytes).
    Removing stm32f3xx_hal_i2c.o(.text.OUTLINED_FUNCTION_8), (16 bytes).
    Removing stm32f3xx_hal_i2c.o(.ARM.exidx.text.OUTLINED_FUNCTION_8), (8 bytes).
    Removing stm32f3xx_hal_i2c.o(.text.OUTLINED_FUNCTION_9), (20 bytes).
    Removing stm32f3xx_hal_i2c.o(.ARM.exidx.text.OUTLINED_FUNCTION_9), (8 bytes).
    Removing stm32f3xx_hal_i2c.o(.text.OUTLINED_FUNCTION_10), (10 bytes).
    Removing stm32f3xx_hal_i2c.o(.ARM.exidx.text.OUTLINED_FUNCTION_10), (8 bytes).
    Removing stm32f3xx_hal_i2c.o(.text.OUTLINED_FUNCTION_11), (26 bytes).
    Removing stm32f3xx_hal_i2c.o(.ARM.exidx.text.OUTLINED_FUNCTION_11), (8 bytes).
    Removing stm32f3xx_hal_i2c.o(.text.OUTLINED_FUNCTION_12), (26 bytes).
    Removing stm32f3xx_hal_i2c.o(.ARM.exidx.text.OUTLINED_FUNCTION_12), (8 bytes).
    Removing stm32f3xx_hal_i2c.o(.text.OUTLINED_FUNCTION_13), (30 bytes).
    Removing stm32f3xx_hal_i2c.o(.ARM.exidx.text.OUTLINED_FUNCTION_13), (8 bytes).
    Removing stm32f3xx_hal_i2c.o(.text.OUTLINED_FUNCTION_14), (30 bytes).
    Removing stm32f3xx_hal_i2c.o(.ARM.exidx.text.OUTLINED_FUNCTION_14), (8 bytes).
    Removing stm32f3xx_hal_i2c.o(.text.OUTLINED_FUNCTION_15), (14 bytes).
    Removing stm32f3xx_hal_i2c.o(.ARM.exidx.text.OUTLINED_FUNCTION_15), (8 bytes).
    Removing stm32f3xx_hal_i2c.o(.text.OUTLINED_FUNCTION_16), (8 bytes).
    Removing stm32f3xx_hal_i2c.o(.ARM.exidx.text.OUTLINED_FUNCTION_16), (8 bytes).
    Removing stm32f3xx_hal_i2c.o(.text.OUTLINED_FUNCTION_17), (28 bytes).
    Removing stm32f3xx_hal_i2c.o(.ARM.exidx.text.OUTLINED_FUNCTION_17), (8 bytes).
    Removing stm32f3xx_hal_i2c.o(.text.OUTLINED_FUNCTION_18), (8 bytes).
    Removing stm32f3xx_hal_i2c.o(.ARM.exidx.text.OUTLINED_FUNCTION_18), (8 bytes).
    Removing stm32f3xx_hal_i2c.o(.text.OUTLINED_FUNCTION_19), (26 bytes).
    Removing stm32f3xx_hal_i2c.o(.ARM.exidx.text.OUTLINED_FUNCTION_19), (8 bytes).
    Removing stm32f3xx_hal_i2c.o(.text.OUTLINED_FUNCTION_20), (6 bytes).
    Removing stm32f3xx_hal_i2c.o(.ARM.exidx.text.OUTLINED_FUNCTION_20), (8 bytes).
    Removing stm32f3xx_hal_i2c.o(.text.OUTLINED_FUNCTION_21), (12 bytes).
    Removing stm32f3xx_hal_i2c.o(.ARM.exidx.text.OUTLINED_FUNCTION_21), (8 bytes).
    Removing stm32f3xx_hal_i2c.o(.text.OUTLINED_FUNCTION_22), (12 bytes).
    Removing stm32f3xx_hal_i2c.o(.ARM.exidx.text.OUTLINED_FUNCTION_22), (8 bytes).
    Removing stm32f3xx_hal_i2c.o(.text.OUTLINED_FUNCTION_23), (20 bytes).
    Removing stm32f3xx_hal_i2c.o(.ARM.exidx.text.OUTLINED_FUNCTION_23), (8 bytes).
    Removing stm32f3xx_hal_i2c.o(.text.OUTLINED_FUNCTION_24), (12 bytes).
    Removing stm32f3xx_hal_i2c.o(.ARM.exidx.text.OUTLINED_FUNCTION_24), (8 bytes).
    Removing stm32f3xx_hal_i2c.o(.text.OUTLINED_FUNCTION_25), (40 bytes).
    Removing stm32f3xx_hal_i2c.o(.ARM.exidx.text.OUTLINED_FUNCTION_25), (8 bytes).
    Removing stm32f3xx_hal_i2c.o(.text.OUTLINED_FUNCTION_26), (14 bytes).
    Removing stm32f3xx_hal_i2c.o(.ARM.exidx.text.OUTLINED_FUNCTION_26), (8 bytes).
    Removing stm32f3xx_hal_i2c.o(.text.OUTLINED_FUNCTION_27), (18 bytes).
    Removing stm32f3xx_hal_i2c.o(.ARM.exidx.text.OUTLINED_FUNCTION_27), (8 bytes).
    Removing stm32f3xx_hal_i2c.o(.text.OUTLINED_FUNCTION_28), (14 bytes).
    Removing stm32f3xx_hal_i2c.o(.ARM.exidx.text.OUTLINED_FUNCTION_28), (8 bytes).
    Removing stm32f3xx_hal_i2c.o(.text.OUTLINED_FUNCTION_29), (10 bytes).
    Removing stm32f3xx_hal_i2c.o(.ARM.exidx.text.OUTLINED_FUNCTION_29), (8 bytes).
    Removing stm32f3xx_hal_i2c.o(.text.OUTLINED_FUNCTION_30), (8 bytes).
    Removing stm32f3xx_hal_i2c.o(.ARM.exidx.text.OUTLINED_FUNCTION_30), (8 bytes).
    Removing stm32f3xx_hal_i2c.o(.text.OUTLINED_FUNCTION_31), (10 bytes).
    Removing stm32f3xx_hal_i2c.o(.ARM.exidx.text.OUTLINED_FUNCTION_31), (8 bytes).
    Removing stm32f3xx_hal_i2c.o(.text.OUTLINED_FUNCTION_32), (18 bytes).
    Removing stm32f3xx_hal_i2c.o(.ARM.exidx.text.OUTLINED_FUNCTION_32), (8 bytes).
    Removing stm32f3xx_hal_i2c.o(.text.OUTLINED_FUNCTION_33), (14 bytes).
    Removing stm32f3xx_hal_i2c.o(.ARM.exidx.text.OUTLINED_FUNCTION_33), (8 bytes).
    Removing stm32f3xx_hal_i2c.o(.text.OUTLINED_FUNCTION_34), (36 bytes).
    Removing stm32f3xx_hal_i2c.o(.ARM.exidx.text.OUTLINED_FUNCTION_34), (8 bytes).
    Removing stm32f3xx_hal_i2c.o(.text.OUTLINED_FUNCTION_35), (16 bytes).
    Removing stm32f3xx_hal_i2c.o(.ARM.exidx.text.OUTLINED_FUNCTION_35), (8 bytes).
    Removing stm32f3xx_hal_i2c.o(.text.OUTLINED_FUNCTION_36), (8 bytes).
    Removing stm32f3xx_hal_i2c.o(.ARM.exidx.text.OUTLINED_FUNCTION_36), (8 bytes).
    Removing stm32f3xx_hal_i2c.o(.text.OUTLINED_FUNCTION_37), (16 bytes).
    Removing stm32f3xx_hal_i2c.o(.ARM.exidx.text.OUTLINED_FUNCTION_37), (8 bytes).
    Removing stm32f3xx_hal_i2c.o(.text.OUTLINED_FUNCTION_38), (16 bytes).
    Removing stm32f3xx_hal_i2c.o(.ARM.exidx.text.OUTLINED_FUNCTION_38), (8 bytes).
    Removing stm32f3xx_hal_i2c.o(.text.OUTLINED_FUNCTION_39), (10 bytes).
    Removing stm32f3xx_hal_i2c.o(.ARM.exidx.text.OUTLINED_FUNCTION_39), (8 bytes).
    Removing stm32f3xx_hal_i2c.o(.text.OUTLINED_FUNCTION_40), (12 bytes).
    Removing stm32f3xx_hal_i2c.o(.ARM.exidx.text.OUTLINED_FUNCTION_40), (8 bytes).
    Removing stm32f3xx_hal_i2c.o(.text.OUTLINED_FUNCTION_41), (10 bytes).
    Removing stm32f3xx_hal_i2c.o(.ARM.exidx.text.OUTLINED_FUNCTION_41), (8 bytes).
    Removing stm32f3xx_hal_i2c.o(.text.OUTLINED_FUNCTION_42), (10 bytes).
    Removing stm32f3xx_hal_i2c.o(.ARM.exidx.text.OUTLINED_FUNCTION_42), (8 bytes).
    Removing stm32f3xx_hal_i2c.o(.text.OUTLINED_FUNCTION_43), (18 bytes).
    Removing stm32f3xx_hal_i2c.o(.ARM.exidx.text.OUTLINED_FUNCTION_43), (8 bytes).
    Removing stm32f3xx_hal_i2c.o(.text.OUTLINED_FUNCTION_44), (14 bytes).
    Removing stm32f3xx_hal_i2c.o(.ARM.exidx.text.OUTLINED_FUNCTION_44), (8 bytes).
    Removing stm32f3xx_hal_i2c.o(.text.OUTLINED_FUNCTION_45), (18 bytes).
    Removing stm32f3xx_hal_i2c.o(.ARM.exidx.text.OUTLINED_FUNCTION_45), (8 bytes).
    Removing stm32f3xx_hal_i2c.o(.text.OUTLINED_FUNCTION_46), (18 bytes).
    Removing stm32f3xx_hal_i2c.o(.ARM.exidx.text.OUTLINED_FUNCTION_46), (8 bytes).
    Removing stm32f3xx_hal_i2c.o(.text.OUTLINED_FUNCTION_47), (14 bytes).
    Removing stm32f3xx_hal_i2c.o(.ARM.exidx.text.OUTLINED_FUNCTION_47), (8 bytes).
    Removing stm32f3xx_hal_i2c.o(.text.OUTLINED_FUNCTION_48), (10 bytes).
    Removing stm32f3xx_hal_i2c.o(.ARM.exidx.text.OUTLINED_FUNCTION_48), (8 bytes).
    Removing stm32f3xx_hal_i2c.o(.text.OUTLINED_FUNCTION_49), (8 bytes).
    Removing stm32f3xx_hal_i2c.o(.ARM.exidx.text.OUTLINED_FUNCTION_49), (8 bytes).
    Removing stm32f3xx_hal_i2c.o(.text.OUTLINED_FUNCTION_50), (8 bytes).
    Removing stm32f3xx_hal_i2c.o(.ARM.exidx.text.OUTLINED_FUNCTION_50), (8 bytes).
    Removing stm32f3xx_hal_i2c.o(.text.OUTLINED_FUNCTION_51), (16 bytes).
    Removing stm32f3xx_hal_i2c.o(.ARM.exidx.text.OUTLINED_FUNCTION_51), (8 bytes).
    Removing stm32f3xx_hal_i2c.o(.text.OUTLINED_FUNCTION_52), (16 bytes).
    Removing stm32f3xx_hal_i2c.o(.ARM.exidx.text.OUTLINED_FUNCTION_52), (8 bytes).
    Removing stm32f3xx_hal_i2c.o(.text.OUTLINED_FUNCTION_53), (16 bytes).
    Removing stm32f3xx_hal_i2c.o(.ARM.exidx.text.OUTLINED_FUNCTION_53), (8 bytes).
    Removing stm32f3xx_hal_i2c.o(.text.OUTLINED_FUNCTION_54), (16 bytes).
    Removing stm32f3xx_hal_i2c.o(.ARM.exidx.text.OUTLINED_FUNCTION_54), (8 bytes).
    Removing stm32f3xx_hal_i2c.o(.text.OUTLINED_FUNCTION_55), (8 bytes).
    Removing stm32f3xx_hal_i2c.o(.ARM.exidx.text.OUTLINED_FUNCTION_55), (8 bytes).
    Removing stm32f3xx_hal_i2c.o(.text.OUTLINED_FUNCTION_56), (16 bytes).
    Removing stm32f3xx_hal_i2c.o(.ARM.exidx.text.OUTLINED_FUNCTION_56), (8 bytes).
    Removing stm32f3xx_hal_i2c.o(.text.OUTLINED_FUNCTION_57), (14 bytes).
    Removing stm32f3xx_hal_i2c.o(.ARM.exidx.text.OUTLINED_FUNCTION_57), (8 bytes).
    Removing stm32f3xx_hal_i2c.o(.text.OUTLINED_FUNCTION_58), (14 bytes).
    Removing stm32f3xx_hal_i2c.o(.ARM.exidx.text.OUTLINED_FUNCTION_58), (8 bytes).
    Removing stm32f3xx_hal_i2c.o(.text.OUTLINED_FUNCTION_59), (14 bytes).
    Removing stm32f3xx_hal_i2c.o(.ARM.exidx.text.OUTLINED_FUNCTION_59), (8 bytes).
    Removing stm32f3xx_hal_i2c.o(.text.OUTLINED_FUNCTION_60), (14 bytes).
    Removing stm32f3xx_hal_i2c.o(.ARM.exidx.text.OUTLINED_FUNCTION_60), (8 bytes).
    Removing stm32f3xx_hal_i2c.o(.text.OUTLINED_FUNCTION_61), (14 bytes).
    Removing stm32f3xx_hal_i2c.o(.ARM.exidx.text.OUTLINED_FUNCTION_61), (8 bytes).
    Removing stm32f3xx_hal_i2c.o(.text.OUTLINED_FUNCTION_62), (14 bytes).
    Removing stm32f3xx_hal_i2c.o(.ARM.exidx.text.OUTLINED_FUNCTION_62), (8 bytes).
    Removing stm32f3xx_hal_i2c.o(.text.OUTLINED_FUNCTION_63), (14 bytes).
    Removing stm32f3xx_hal_i2c.o(.ARM.exidx.text.OUTLINED_FUNCTION_63), (8 bytes).
    Removing stm32f3xx_hal_i2c.o(.text.OUTLINED_FUNCTION_64), (10 bytes).
    Removing stm32f3xx_hal_i2c.o(.ARM.exidx.text.OUTLINED_FUNCTION_64), (8 bytes).
    Removing stm32f3xx_hal_i2c.o(.text.OUTLINED_FUNCTION_65), (6 bytes).
    Removing stm32f3xx_hal_i2c.o(.ARM.exidx.text.OUTLINED_FUNCTION_65), (8 bytes).
    Removing stm32f3xx_hal_i2c.o(.text.OUTLINED_FUNCTION_66), (10 bytes).
    Removing stm32f3xx_hal_i2c.o(.ARM.exidx.text.OUTLINED_FUNCTION_66), (8 bytes).
    Removing stm32f3xx_hal_i2c.o(.text.OUTLINED_FUNCTION_67), (10 bytes).
    Removing stm32f3xx_hal_i2c.o(.ARM.exidx.text.OUTLINED_FUNCTION_67), (8 bytes).
    Removing stm32f3xx_hal_i2c.o(.text.OUTLINED_FUNCTION_68), (10 bytes).
    Removing stm32f3xx_hal_i2c.o(.ARM.exidx.text.OUTLINED_FUNCTION_68), (8 bytes).
    Removing stm32f3xx_hal_i2c.o(.text.OUTLINED_FUNCTION_69), (10 bytes).
    Removing stm32f3xx_hal_i2c.o(.ARM.exidx.text.OUTLINED_FUNCTION_69), (8 bytes).
    Removing stm32f3xx_hal_i2c.o(.text.OUTLINED_FUNCTION_70), (14 bytes).
    Removing stm32f3xx_hal_i2c.o(.ARM.exidx.text.OUTLINED_FUNCTION_70), (8 bytes).
    Removing stm32f3xx_hal_i2c_ex.o(.text), (0 bytes).
    Removing stm32f3xx_hal_i2c_ex.o(.text.HAL_I2CEx_ConfigAnalogFilter), (60 bytes).
    Removing stm32f3xx_hal_i2c_ex.o(.ARM.exidx.text.HAL_I2CEx_ConfigAnalogFilter), (8 bytes).
    Removing stm32f3xx_hal_i2c_ex.o(.text.HAL_I2CEx_ConfigDigitalFilter), (58 bytes).
    Removing stm32f3xx_hal_i2c_ex.o(.ARM.exidx.text.HAL_I2CEx_ConfigDigitalFilter), (8 bytes).
    Removing stm32f3xx_hal_i2c_ex.o(.text.HAL_I2CEx_EnableWakeUp), (54 bytes).
    Removing stm32f3xx_hal_i2c_ex.o(.ARM.exidx.text.HAL_I2CEx_EnableWakeUp), (8 bytes).
    Removing stm32f3xx_hal_i2c_ex.o(.text.HAL_I2CEx_DisableWakeUp), (54 bytes).
    Removing stm32f3xx_hal_i2c_ex.o(.ARM.exidx.text.HAL_I2CEx_DisableWakeUp), (8 bytes).
    Removing stm32f3xx_hal_i2c_ex.o(.text.HAL_I2CEx_EnableFastModePlus), (44 bytes).
    Removing stm32f3xx_hal_i2c_ex.o(.ARM.exidx.text.HAL_I2CEx_EnableFastModePlus), (8 bytes).
    Removing stm32f3xx_hal_i2c_ex.o(.text.HAL_I2CEx_DisableFastModePlus), (44 bytes).
    Removing stm32f3xx_hal_i2c_ex.o(.ARM.exidx.text.HAL_I2CEx_DisableFastModePlus), (8 bytes).
    Removing stm32f3xx_hal_i2c_ex.o(.text.OUTLINED_FUNCTION_0), (24 bytes).
    Removing stm32f3xx_hal_i2c_ex.o(.ARM.exidx.text.OUTLINED_FUNCTION_0), (8 bytes).
    Removing stm32f3xx_hal_i2c_ex.o(.text.OUTLINED_FUNCTION_1), (24 bytes).
    Removing stm32f3xx_hal_i2c_ex.o(.ARM.exidx.text.OUTLINED_FUNCTION_1), (8 bytes).
    Removing stm32f3xx_hal_rcc_ex.o(.text), (0 bytes).
    Removing stm32f3xx_hal_rcc_ex.o(.text.HAL_RCCEx_PeriphCLKConfig), (480 bytes).
    Removing stm32f3xx_hal_rcc_ex.o(.ARM.exidx.text.HAL_RCCEx_PeriphCLKConfig), (8 bytes).
    Removing stm32f3xx_hal_rcc_ex.o(.text.HAL_RCCEx_GetPeriphCLKConfig), (128 bytes).
    Removing stm32f3xx_hal_rcc_ex.o(.ARM.exidx.text.HAL_RCCEx_GetPeriphCLKConfig), (8 bytes).
    Removing stm32f3xx_hal_rcc_ex.o(.text.HAL_RCCEx_GetPeriphCLKFreq), (600 bytes).
    Removing stm32f3xx_hal_rcc_ex.o(.ARM.exidx.text.HAL_RCCEx_GetPeriphCLKFreq), (8 bytes).
    Removing stm32f3xx_hal_rcc_ex.o(.text.RCC_GetPLLCLKFreq), (52 bytes).
    Removing stm32f3xx_hal_rcc_ex.o(.ARM.exidx.text.RCC_GetPLLCLKFreq), (8 bytes).
    Removing stm32f3xx_hal_rcc_ex.o(.rodata.cst32), (32 bytes).
    Removing stm32f3xx_hal_dma.o(.text), (0 bytes).
    Removing stm32f3xx_hal_dma.o(.text.HAL_DMA_Init), (92 bytes).
    Removing stm32f3xx_hal_dma.o(.ARM.exidx.text.HAL_DMA_Init), (8 bytes).
    Removing stm32f3xx_hal_dma.o(.text.DMA_CalcBaseAndBitshift), (48 bytes).
    Removing stm32f3xx_hal_dma.o(.ARM.exidx.text.DMA_CalcBaseAndBitshift), (8 bytes).
    Removing stm32f3xx_hal_dma.o(.text.HAL_DMA_DeInit), (54 bytes).
    Removing stm32f3xx_hal_dma.o(.ARM.exidx.text.HAL_DMA_DeInit), (8 bytes).
    Removing stm32f3xx_hal_dma.o(.text.HAL_DMA_Start), (76 bytes).
    Removing stm32f3xx_hal_dma.o(.ARM.exidx.text.HAL_DMA_Start), (8 bytes).
    Removing stm32f3xx_hal_dma.o(.text.DMA_SetConfig), (38 bytes).
    Removing stm32f3xx_hal_dma.o(.ARM.exidx.text.DMA_SetConfig), (8 bytes).
    Removing stm32f3xx_hal_dma.o(.text.HAL_DMA_Start_IT), (102 bytes).
    Removing stm32f3xx_hal_dma.o(.ARM.exidx.text.HAL_DMA_Start_IT), (8 bytes).
    Removing stm32f3xx_hal_dma.o(.text.HAL_DMA_Abort), (40 bytes).
    Removing stm32f3xx_hal_dma.o(.ARM.exidx.text.HAL_DMA_Abort), (8 bytes).
    Removing stm32f3xx_hal_dma.o(.text.HAL_DMA_Abort_IT), (62 bytes).
    Removing stm32f3xx_hal_dma.o(.ARM.exidx.text.HAL_DMA_Abort_IT), (8 bytes).
    Removing stm32f3xx_hal_dma.o(.text.HAL_DMA_PollForTransfer), (172 bytes).
    Removing stm32f3xx_hal_dma.o(.ARM.exidx.text.HAL_DMA_PollForTransfer), (8 bytes).
    Removing stm32f3xx_hal_dma.o(.text.HAL_DMA_IRQHandler), (138 bytes).
    Removing stm32f3xx_hal_dma.o(.ARM.exidx.text.HAL_DMA_IRQHandler), (8 bytes).
    Removing stm32f3xx_hal_dma.o(.text.HAL_DMA_RegisterCallback), (72 bytes).
    Removing stm32f3xx_hal_dma.o(.ARM.exidx.text.HAL_DMA_RegisterCallback), (8 bytes).
    Removing stm32f3xx_hal_dma.o(.text.HAL_DMA_UnRegisterCallback), (80 bytes).
    Removing stm32f3xx_hal_dma.o(.ARM.exidx.text.HAL_DMA_UnRegisterCallback), (8 bytes).
    Removing stm32f3xx_hal_dma.o(.text.HAL_DMA_GetState), (6 bytes).
    Removing stm32f3xx_hal_dma.o(.ARM.exidx.text.HAL_DMA_GetState), (8 bytes).
    Removing stm32f3xx_hal_dma.o(.text.HAL_DMA_GetError), (4 bytes).
    Removing stm32f3xx_hal_dma.o(.ARM.exidx.text.HAL_DMA_GetError), (8 bytes).
    Removing stm32f3xx_hal_cortex.o(.text), (0 bytes).
    Removing stm32f3xx_hal_cortex.o(.ARM.exidx.text.HAL_NVIC_SetPriorityGrouping), (8 bytes).
    Removing stm32f3xx_hal_cortex.o(.ARM.exidx.text.HAL_NVIC_SetPriority), (8 bytes).
    Removing stm32f3xx_hal_cortex.o(.text.HAL_NVIC_EnableIRQ), (20 bytes).
    Removing stm32f3xx_hal_cortex.o(.ARM.exidx.text.HAL_NVIC_EnableIRQ), (8 bytes).
    Removing stm32f3xx_hal_cortex.o(.text.HAL_NVIC_DisableIRQ), (20 bytes).
    Removing stm32f3xx_hal_cortex.o(.ARM.exidx.text.HAL_NVIC_DisableIRQ), (8 bytes).
    Removing stm32f3xx_hal_cortex.o(.text.HAL_NVIC_SystemReset), (36 bytes).
    Removing stm32f3xx_hal_cortex.o(.ARM.exidx.text.HAL_NVIC_SystemReset), (8 bytes).
    Removing stm32f3xx_hal_cortex.o(.ARM.exidx.text.HAL_SYSTICK_Config), (8 bytes).
    Removing stm32f3xx_hal_cortex.o(.text.HAL_MPU_Disable), (20 bytes).
    Removing stm32f3xx_hal_cortex.o(.ARM.exidx.text.HAL_MPU_Disable), (8 bytes).
    Removing stm32f3xx_hal_cortex.o(.text.HAL_MPU_Enable), (24 bytes).
    Removing stm32f3xx_hal_cortex.o(.ARM.exidx.text.HAL_MPU_Enable), (8 bytes).
    Removing stm32f3xx_hal_cortex.o(.text.HAL_MPU_ConfigRegion), (76 bytes).
    Removing stm32f3xx_hal_cortex.o(.ARM.exidx.text.HAL_MPU_ConfigRegion), (8 bytes).
    Removing stm32f3xx_hal_cortex.o(.text.HAL_NVIC_GetPriorityGrouping), (16 bytes).
    Removing stm32f3xx_hal_cortex.o(.ARM.exidx.text.HAL_NVIC_GetPriorityGrouping), (8 bytes).
    Removing stm32f3xx_hal_cortex.o(.text.HAL_NVIC_GetPriority), (80 bytes).
    Removing stm32f3xx_hal_cortex.o(.ARM.exidx.text.HAL_NVIC_GetPriority), (8 bytes).
    Removing stm32f3xx_hal_cortex.o(.text.HAL_NVIC_SetPendingIRQ), (20 bytes).
    Removing stm32f3xx_hal_cortex.o(.ARM.exidx.text.HAL_NVIC_SetPendingIRQ), (8 bytes).
    Removing stm32f3xx_hal_cortex.o(.text.HAL_NVIC_GetPendingIRQ), (12 bytes).
    Removing stm32f3xx_hal_cortex.o(.ARM.exidx.text.HAL_NVIC_GetPendingIRQ), (8 bytes).
    Removing stm32f3xx_hal_cortex.o(.text.HAL_NVIC_ClearPendingIRQ), (20 bytes).
    Removing stm32f3xx_hal_cortex.o(.ARM.exidx.text.HAL_NVIC_ClearPendingIRQ), (8 bytes).
    Removing stm32f3xx_hal_cortex.o(.text.HAL_NVIC_GetActive), (12 bytes).
    Removing stm32f3xx_hal_cortex.o(.ARM.exidx.text.HAL_NVIC_GetActive), (8 bytes).
    Removing stm32f3xx_hal_cortex.o(.ARM.exidx.text.HAL_SYSTICK_CLKSourceConfig), (8 bytes).
    Removing stm32f3xx_hal_cortex.o(.ARM.exidx.text.HAL_SYSTICK_IRQHandler), (8 bytes).
    Removing stm32f3xx_hal_cortex.o(.ARM.exidx.text.HAL_SYSTICK_Callback), (8 bytes).
    Removing stm32f3xx_hal_cortex.o(.text.OUTLINED_FUNCTION_0), (20 bytes).
    Removing stm32f3xx_hal_cortex.o(.ARM.exidx.text.OUTLINED_FUNCTION_0), (8 bytes).
    Removing stm32f3xx_hal_cortex.o(.text.OUTLINED_FUNCTION_1), (14 bytes).
    Removing stm32f3xx_hal_cortex.o(.ARM.exidx.text.OUTLINED_FUNCTION_1), (8 bytes).
    Removing stm32f3xx_hal_cortex.o(.text.OUTLINED_FUNCTION_2), (6 bytes).
    Removing stm32f3xx_hal_cortex.o(.ARM.exidx.text.OUTLINED_FUNCTION_2), (8 bytes).
    Removing stm32f3xx_hal_adc.o(.text), (0 bytes).
    Removing stm32f3xx_hal_adc.o(.text.HAL_ADC_Init), (4 bytes).
    Removing stm32f3xx_hal_adc.o(.ARM.exidx.text.HAL_ADC_Init), (8 bytes).
    Removing stm32f3xx_hal_adc.o(.text.HAL_ADC_DeInit), (4 bytes).
    Removing stm32f3xx_hal_adc.o(.ARM.exidx.text.HAL_ADC_DeInit), (8 bytes).
    Removing stm32f3xx_hal_adc.o(.text.HAL_ADC_MspInit), (2 bytes).
    Removing stm32f3xx_hal_adc.o(.ARM.exidx.text.HAL_ADC_MspInit), (8 bytes).
    Removing stm32f3xx_hal_adc.o(.text.HAL_ADC_MspDeInit), (2 bytes).
    Removing stm32f3xx_hal_adc.o(.ARM.exidx.text.HAL_ADC_MspDeInit), (8 bytes).
    Removing stm32f3xx_hal_adc.o(.text.HAL_ADC_Start), (4 bytes).
    Removing stm32f3xx_hal_adc.o(.ARM.exidx.text.HAL_ADC_Start), (8 bytes).
    Removing stm32f3xx_hal_adc.o(.text.HAL_ADC_Stop), (4 bytes).
    Removing stm32f3xx_hal_adc.o(.ARM.exidx.text.HAL_ADC_Stop), (8 bytes).
    Removing stm32f3xx_hal_adc.o(.text.HAL_ADC_PollForConversion), (4 bytes).
    Removing stm32f3xx_hal_adc.o(.ARM.exidx.text.HAL_ADC_PollForConversion), (8 bytes).
    Removing stm32f3xx_hal_adc.o(.text.HAL_ADC_PollForEvent), (4 bytes).
    Removing stm32f3xx_hal_adc.o(.ARM.exidx.text.HAL_ADC_PollForEvent), (8 bytes).
    Removing stm32f3xx_hal_adc.o(.text.HAL_ADC_Start_IT), (4 bytes).
    Removing stm32f3xx_hal_adc.o(.ARM.exidx.text.HAL_ADC_Start_IT), (8 bytes).
    Removing stm32f3xx_hal_adc.o(.text.HAL_ADC_Stop_IT), (4 bytes).
    Removing stm32f3xx_hal_adc.o(.ARM.exidx.text.HAL_ADC_Stop_IT), (8 bytes).
    Removing stm32f3xx_hal_adc.o(.text.HAL_ADC_Start_DMA), (4 bytes).
    Removing stm32f3xx_hal_adc.o(.ARM.exidx.text.HAL_ADC_Start_DMA), (8 bytes).
    Removing stm32f3xx_hal_adc.o(.text.HAL_ADC_Stop_DMA), (4 bytes).
    Removing stm32f3xx_hal_adc.o(.ARM.exidx.text.HAL_ADC_Stop_DMA), (8 bytes).
    Removing stm32f3xx_hal_adc.o(.text.HAL_ADC_GetValue), (6 bytes).
    Removing stm32f3xx_hal_adc.o(.ARM.exidx.text.HAL_ADC_GetValue), (8 bytes).
    Removing stm32f3xx_hal_adc.o(.text.HAL_ADC_IRQHandler), (2 bytes).
    Removing stm32f3xx_hal_adc.o(.ARM.exidx.text.HAL_ADC_IRQHandler), (8 bytes).
    Removing stm32f3xx_hal_adc.o(.text.HAL_ADC_ConvCpltCallback), (2 bytes).
    Removing stm32f3xx_hal_adc.o(.ARM.exidx.text.HAL_ADC_ConvCpltCallback), (8 bytes).
    Removing stm32f3xx_hal_adc.o(.text.HAL_ADC_ConvHalfCpltCallback), (2 bytes).
    Removing stm32f3xx_hal_adc.o(.ARM.exidx.text.HAL_ADC_ConvHalfCpltCallback), (8 bytes).
    Removing stm32f3xx_hal_adc.o(.text.HAL_ADC_LevelOutOfWindowCallback), (2 bytes).
    Removing stm32f3xx_hal_adc.o(.ARM.exidx.text.HAL_ADC_LevelOutOfWindowCallback), (8 bytes).
    Removing stm32f3xx_hal_adc.o(.text.HAL_ADC_ErrorCallback), (2 bytes).
    Removing stm32f3xx_hal_adc.o(.ARM.exidx.text.HAL_ADC_ErrorCallback), (8 bytes).
    Removing stm32f3xx_hal_adc.o(.text.HAL_ADC_ConfigChannel), (4 bytes).
    Removing stm32f3xx_hal_adc.o(.ARM.exidx.text.HAL_ADC_ConfigChannel), (8 bytes).
    Removing stm32f3xx_hal_adc.o(.text.HAL_ADC_AnalogWDGConfig), (4 bytes).
    Removing stm32f3xx_hal_adc.o(.ARM.exidx.text.HAL_ADC_AnalogWDGConfig), (8 bytes).
    Removing stm32f3xx_hal_adc.o(.text.HAL_ADC_GetState), (4 bytes).
    Removing stm32f3xx_hal_adc.o(.ARM.exidx.text.HAL_ADC_GetState), (8 bytes).
    Removing stm32f3xx_hal_adc.o(.text.HAL_ADC_GetError), (4 bytes).
    Removing stm32f3xx_hal_adc.o(.ARM.exidx.text.HAL_ADC_GetError), (8 bytes).
    Removing stm32f3xx_hal_gpio.o(.text), (0 bytes).
    Removing stm32f3xx_hal_gpio.o(.ARM.exidx.text.HAL_GPIO_Init), (8 bytes).
    Removing stm32f3xx_hal_gpio.o(.text.HAL_GPIO_DeInit), (232 bytes).
    Removing stm32f3xx_hal_gpio.o(.ARM.exidx.text.HAL_GPIO_DeInit), (8 bytes).
    Removing stm32f3xx_hal_gpio.o(.text.HAL_GPIO_ReadPin), (10 bytes).
    Removing stm32f3xx_hal_gpio.o(.ARM.exidx.text.HAL_GPIO_ReadPin), (8 bytes).
    Removing stm32f3xx_hal_gpio.o(.text.HAL_GPIO_WritePin), (12 bytes).
    Removing stm32f3xx_hal_gpio.o(.ARM.exidx.text.HAL_GPIO_WritePin), (8 bytes).
    Removing stm32f3xx_hal_gpio.o(.text.HAL_GPIO_TogglePin), (8 bytes).
    Removing stm32f3xx_hal_gpio.o(.ARM.exidx.text.HAL_GPIO_TogglePin), (8 bytes).
    Removing stm32f3xx_hal_gpio.o(.text.HAL_GPIO_LockPin), (40 bytes).
    Removing stm32f3xx_hal_gpio.o(.ARM.exidx.text.HAL_GPIO_LockPin), (8 bytes).
    Removing stm32f3xx_hal_gpio.o(.text.HAL_GPIO_EXTI_IRQHandler), (20 bytes).
    Removing stm32f3xx_hal_gpio.o(.ARM.exidx.text.HAL_GPIO_EXTI_IRQHandler), (8 bytes).
    Removing stm32f3xx_hal_gpio.o(.text.HAL_GPIO_EXTI_Callback), (2 bytes).
    Removing stm32f3xx_hal_gpio.o(.ARM.exidx.text.HAL_GPIO_EXTI_Callback), (8 bytes).
    Removing stm32f3xx_hal_tim_ex.o(.text), (0 bytes).
    Removing stm32f3xx_hal_rcc.o(.text), (0 bytes).
    Removing stm32f3xx_hal_rcc.o(.text.HAL_RCC_DeInit), (72 bytes).
    Removing stm32f3xx_hal_rcc.o(.ARM.exidx.text.HAL_RCC_DeInit), (8 bytes).
    Removing stm32f3xx_hal_rcc.o(.ARM.exidx.text.HAL_RCC_OscConfig), (8 bytes).
    Removing stm32f3xx_hal_rcc.o(.ARM.exidx.text.HAL_RCC_ClockConfig), (8 bytes).
    Removing stm32f3xx_hal_rcc.o(.ARM.exidx.text.HAL_RCC_GetSysClockFreq), (8 bytes).
    Removing stm32f3xx_hal_rcc.o(.text.HAL_RCC_MCOConfig), (76 bytes).
    Removing stm32f3xx_hal_rcc.o(.ARM.exidx.text.HAL_RCC_MCOConfig), (8 bytes).
    Removing stm32f3xx_hal_rcc.o(.text.HAL_RCC_EnableCSS), (20 bytes).
    Removing stm32f3xx_hal_rcc.o(.ARM.exidx.text.HAL_RCC_EnableCSS), (8 bytes).
    Removing stm32f3xx_hal_rcc.o(.text.HAL_RCC_DisableCSS), (20 bytes).
    Removing stm32f3xx_hal_rcc.o(.ARM.exidx.text.HAL_RCC_DisableCSS), (8 bytes).
    Removing stm32f3xx_hal_rcc.o(.ARM.exidx.text.HAL_RCC_GetHCLKFreq), (8 bytes).
    Removing stm32f3xx_hal_rcc.o(.text.HAL_RCC_GetPCLK1Freq), (48 bytes).
    Removing stm32f3xx_hal_rcc.o(.ARM.exidx.text.HAL_RCC_GetPCLK1Freq), (8 bytes).
    Removing stm32f3xx_hal_rcc.o(.text.HAL_RCC_GetPCLK2Freq), (48 bytes).
    Removing stm32f3xx_hal_rcc.o(.ARM.exidx.text.HAL_RCC_GetPCLK2Freq), (8 bytes).
    Removing stm32f3xx_hal_rcc.o(.text.HAL_RCC_GetOscConfig), (136 bytes).
    Removing stm32f3xx_hal_rcc.o(.ARM.exidx.text.HAL_RCC_GetOscConfig), (8 bytes).
    Removing stm32f3xx_hal_rcc.o(.text.HAL_RCC_GetClockConfig), (64 bytes).
    Removing stm32f3xx_hal_rcc.o(.ARM.exidx.text.HAL_RCC_GetClockConfig), (8 bytes).
    Removing stm32f3xx_hal_rcc.o(.text.HAL_RCC_NMI_IRQHandler), (24 bytes).
    Removing stm32f3xx_hal_rcc.o(.ARM.exidx.text.HAL_RCC_NMI_IRQHandler), (8 bytes).
    Removing stm32f3xx_hal_rcc.o(.text.HAL_RCC_CSSCallback), (2 bytes).
    Removing stm32f3xx_hal_rcc.o(.ARM.exidx.text.HAL_RCC_CSSCallback), (8 bytes).
    Removing stm32f3xx_hal_rcc.o(.ARM.exidx.text.OUTLINED_FUNCTION_0), (8 bytes).
    Removing stm32f3xx_hal_rcc.o(.ARM.exidx.text.OUTLINED_FUNCTION_1), (8 bytes).
    Removing stm32f3xx_hal_rcc.o(.ARM.exidx.text.OUTLINED_FUNCTION_2), (8 bytes).
    Removing stm32f3xx_hal_rcc.o(.text.OUTLINED_FUNCTION_3), (10 bytes).
    Removing stm32f3xx_hal_rcc.o(.ARM.exidx.text.OUTLINED_FUNCTION_3), (8 bytes).
    Removing stm32f3xx_hal_rcc.o(.ARM.exidx.text.OUTLINED_FUNCTION_4), (8 bytes).
    Removing stm32f3xx_hal_pwr.o(.text), (0 bytes).
    Removing stm32f3xx_hal_pwr.o(.text.HAL_PWR_DeInit), (24 bytes).
    Removing stm32f3xx_hal_pwr.o(.ARM.exidx.text.HAL_PWR_DeInit), (8 bytes).
    Removing stm32f3xx_hal_pwr.o(.text.HAL_PWR_EnableBkUpAccess), (16 bytes).
    Removing stm32f3xx_hal_pwr.o(.ARM.exidx.text.HAL_PWR_EnableBkUpAccess), (8 bytes).
    Removing stm32f3xx_hal_pwr.o(.text.HAL_PWR_DisableBkUpAccess), (16 bytes).
    Removing stm32f3xx_hal_pwr.o(.ARM.exidx.text.HAL_PWR_DisableBkUpAccess), (8 bytes).
    Removing stm32f3xx_hal_pwr.o(.text.HAL_PWR_EnableWakeUpPin), (16 bytes).
    Removing stm32f3xx_hal_pwr.o(.ARM.exidx.text.HAL_PWR_EnableWakeUpPin), (8 bytes).
    Removing stm32f3xx_hal_pwr.o(.text.HAL_PWR_DisableWakeUpPin), (16 bytes).
    Removing stm32f3xx_hal_pwr.o(.ARM.exidx.text.HAL_PWR_DisableWakeUpPin), (8 bytes).
    Removing stm32f3xx_hal_pwr.o(.text.HAL_PWR_EnterSLEEPMode), (28 bytes).
    Removing stm32f3xx_hal_pwr.o(.ARM.exidx.text.HAL_PWR_EnterSLEEPMode), (8 bytes).
    Removing stm32f3xx_hal_pwr.o(.text.HAL_PWR_EnterSTOPMode), (52 bytes).
    Removing stm32f3xx_hal_pwr.o(.ARM.exidx.text.HAL_PWR_EnterSTOPMode), (8 bytes).
    Removing stm32f3xx_hal_pwr.o(.text.HAL_PWR_EnterSTANDBYMode), (32 bytes).
    Removing stm32f3xx_hal_pwr.o(.ARM.exidx.text.HAL_PWR_EnterSTANDBYMode), (8 bytes).
    Removing stm32f3xx_hal_pwr.o(.text.HAL_PWR_EnableSleepOnExit), (16 bytes).
    Removing stm32f3xx_hal_pwr.o(.ARM.exidx.text.HAL_PWR_EnableSleepOnExit), (8 bytes).
    Removing stm32f3xx_hal_pwr.o(.text.HAL_PWR_DisableSleepOnExit), (16 bytes).
    Removing stm32f3xx_hal_pwr.o(.ARM.exidx.text.HAL_PWR_DisableSleepOnExit), (8 bytes).
    Removing stm32f3xx_hal_pwr.o(.text.HAL_PWR_EnableSEVOnPend), (16 bytes).
    Removing stm32f3xx_hal_pwr.o(.ARM.exidx.text.HAL_PWR_EnableSEVOnPend), (8 bytes).
    Removing stm32f3xx_hal_pwr.o(.text.HAL_PWR_DisableSEVOnPend), (16 bytes).
    Removing stm32f3xx_hal_pwr.o(.ARM.exidx.text.HAL_PWR_DisableSEVOnPend), (8 bytes).
    Removing stm32f3xx_hal_msp.o(.text), (0 bytes).
    Removing stm32f3xx_hal_msp.o(.ARM.exidx.text.HAL_MspInit), (8 bytes).
    Removing stm32f3xx_hal_msp.o(.ARM.exidx.text.OUTLINED_FUNCTION_0), (8 bytes).
    Removing stm32f3xx_it.o(.text), (0 bytes).
    Removing stm32f3xx_it.o(.ARM.exidx.text.NMI_Handler), (8 bytes).
    Removing stm32f3xx_it.o(.ARM.exidx.text.HardFault_Handler), (8 bytes).
    Removing stm32f3xx_it.o(.ARM.exidx.text.MemManage_Handler), (8 bytes).
    Removing stm32f3xx_it.o(.ARM.exidx.text.BusFault_Handler), (8 bytes).
    Removing stm32f3xx_it.o(.ARM.exidx.text.UsageFault_Handler), (8 bytes).
    Removing stm32f3xx_it.o(.ARM.exidx.text.SVC_Handler), (8 bytes).
    Removing stm32f3xx_it.o(.ARM.exidx.text.DebugMon_Handler), (8 bytes).
    Removing stm32f3xx_it.o(.ARM.exidx.text.PendSV_Handler), (8 bytes).
    Removing stm32f3xx_it.o(.ARM.exidx.text.SysTick_Handler), (8 bytes).
    Removing main.o(.text), (0 bytes).
    Removing main.o(.ARM.exidx.text.main), (8 bytes).
    Removing main.o(.ARM.exidx.text.SystemClock_Config), (8 bytes).
    Removing main.o(.ARM.exidx.text._Error_Handler), (8 bytes).
    Removing main.o(.ARM.use_no_argv), (4 bytes).
    Removing adc.o(.text), (0 bytes).
    Removing adc.o(.ARM.exidx.text.MX_ADC1_Init), (8 bytes).
    Removing adc.o(.ARM.exidx.text.HAL_ADC_MspInit), (8 bytes).
    Removing adc.o(.text.HAL_ADC_MspDeInit), (36 bytes).
    Removing adc.o(.ARM.exidx.text.HAL_ADC_MspDeInit), (8 bytes).
    Removing gpio.o(.text), (0 bytes).
    Removing gpio.o(.ARM.exidx.text.MX_GPIO_Init), (8 bytes).
    Removing system_stm32f3xx.o(.text), (0 bytes).
    Removing system_stm32f3xx.o(.ARM.exidx.text.SystemInit), (8 bytes).
    Removing system_stm32f3xx.o(.text.SystemCoreClockUpdate), (88 bytes).
    Removing system_stm32f3xx.o(.ARM.exidx.text.SystemCoreClockUpdate), (8 bytes).
    Removing system_stm32f3xx.o(.rodata.APBPrescTable), (8 bytes).
    Removing startup_stm32f303xc.o(HEAP), (512 bytes).

758 unused section(s) (total 24460 bytes) removed from the image.

==============================================================================

Image Symbol Table

    Local Symbols

    Symbol Name                              Value     Ov Type        Size  Object(Section)

    ../clib/microlib/init/entry.s            0x00000000   Number         0  entry.o ABSOLUTE
    ../clib/microlib/init/entry.s            0x00000000   Number         0  entry2.o ABSOLUTE
    ../clib/microlib/init/entry.s            0x00000000   Number         0  entry5.o ABSOLUTE
    ../clib/microlib/init/entry.s            0x00000000   Number         0  entry7a.o ABSOLUTE
    ../clib/microlib/init/entry.s            0x00000000   Number         0  entry7b.o ABSOLUTE
    ../clib/microlib/init/entry.s            0x00000000   Number         0  entry8a.o ABSOLUTE
    ../clib/microlib/init/entry.s            0x00000000   Number         0  entry8b.o ABSOLUTE
    ../clib/microlib/init/entry.s            0x00000000   Number         0  entry9a.o ABSOLUTE
    ../clib/microlib/init/entry.s            0x00000000   Number         0  entry9b.o ABSOLUTE
    ../clib/microlib/init/entry.s            0x00000000   Number         0  entry10a.o ABSOLUTE
    ../clib/microlib/init/entry.s            0x00000000   Number         0  entry10b.o ABSOLUTE
    ../clib/microlib/init/entry.s            0x00000000   Number         0  entry11a.o ABSOLUTE
    ../clib/microlib/init/entry.s            0x00000000   Number         0  entry11b.o ABSOLUTE
    ../clib/microlib/longlong.c              0x00000000   Number         0  llushr.o ABSOLUTE
    adc.c                                    0x00000000   Number         0  adc.o ABSOLUTE
    dc.s                                     0x00000000   Number         0  dc.o ABSOLUTE
    gpio.c                                   0x00000000   Number         0  gpio.o ABSOLUTE
    handlers.s                               0x00000000   Number         0  handlers.o ABSOLUTE
    init.s                                   0x00000000   Number         0  init.o ABSOLUTE
    main.c                                   0x00000000   Number         0  main.o ABSOLUTE
    startup_stm32f303xc.s                    0x00000000   Number         0  startup_stm32f303xc.o ABSOLUTE
    stm32f3xx_hal.c                          0x00000000   Number         0  stm32f3xx_hal.o ABSOLUTE
    stm32f3xx_hal_adc.c                      0x00000000   Number         0  stm32f3xx_hal_adc.o ABSOLUTE
    stm32f3xx_hal_adc_ex.c                   0x00000000   Number         0  stm32f3xx_hal_adc_ex.o ABSOLUTE
    stm32f3xx_hal_cortex.c                   0x00000000   Number         0  stm32f3xx_hal_cortex.o ABSOLUTE
    stm32f3xx_hal_dma.c                      0x00000000   Number         0  stm32f3xx_hal_dma.o ABSOLUTE
    stm32f3xx_hal_flash.c                    0x00000000   Number         0  stm32f3xx_hal_flash.o ABSOLUTE
    stm32f3xx_hal_flash_ex.c                 0x00000000   Number         0  stm32f3xx_hal_flash_ex.o ABSOLUTE
    stm32f3xx_hal_gpio.c                     0x00000000   Number         0  stm32f3xx_hal_gpio.o ABSOLUTE
    stm32f3xx_hal_i2c.c                      0x00000000   Number         0  stm32f3xx_hal_i2c.o ABSOLUTE
    stm32f3xx_hal_i2c_ex.c                   0x00000000   Number         0  stm32f3xx_hal_i2c_ex.o ABSOLUTE
    stm32f3xx_hal_msp.c                      0x00000000   Number         0  stm32f3xx_hal_msp.o ABSOLUTE
    stm32f3xx_hal_pwr.c                      0x00000000   Number         0  stm32f3xx_hal_pwr.o ABSOLUTE
    stm32f3xx_hal_pwr_ex.c                   0x00000000   Number         0  stm32f3xx_hal_pwr_ex.o ABSOLUTE
    stm32f3xx_hal_rcc.c                      0x00000000   Number         0  stm32f3xx_hal_rcc.o ABSOLUTE
    stm32f3xx_hal_rcc_ex.c                   0x00000000   Number         0  stm32f3xx_hal_rcc_ex.o ABSOLUTE
    stm32f3xx_hal_tim.c                      0x00000000   Number         0  stm32f3xx_hal_tim.o ABSOLUTE
    stm32f3xx_hal_tim_ex.c                   0x00000000   Number         0  stm32f3xx_hal_tim_ex.o ABSOLUTE
    stm32f3xx_it.c                           0x00000000   Number         0  stm32f3xx_it.o ABSOLUTE
    system_stm32f3xx.c                       0x00000000   Number         0  system_stm32f3xx.o ABSOLUTE
    RESET                                    0x08000000   Section      392  startup_stm32f303xc.o(RESET)
    .ARM.Collect$$$$00000000                 0x08000188   Section        0  entry.o(.ARM.Collect$$$$00000000)
    .ARM.Collect$$$$00000001                 0x08000188   Section        4  entry2.o(.ARM.Collect$$$$00000001)
    .ARM.Collect$$$$00000004                 0x0800018c   Section        4  entry5.o(.ARM.Collect$$$$00000004)
    .ARM.Collect$$$$00000008                 0x08000190   Section        0  entry7b.o(.ARM.Collect$$$$00000008)
    .ARM.Collect$$$$0000000A                 0x08000190   Section        0  entry8b.o(.ARM.Collect$$$$0000000A)
    .ARM.Collect$$$$0000000B                 0x08000190   Section        8  entry9a.o(.ARM.Collect$$$$0000000B)
    __lit__00000000                          0x08000198   Data           4  entry2.o(.ARM.Collect$$$$00002712)
    .ARM.Collect$$$$0000000D                 0x08000198   Section        0  entry10a.o(.ARM.Collect$$$$0000000D)
    .ARM.Collect$$$$0000000F                 0x08000198   Section        0  entry11a.o(.ARM.Collect$$$$0000000F)
    .ARM.Collect$$$$00002712                 0x08000198   Section        4  entry2.o(.ARM.Collect$$$$00002712)
    $v0                                      0x0800019c   Number         0  startup_stm32f303xc.o(.text)
    .text                                    0x0800019c   Section       36  startup_stm32f303xc.o(.text)
    .text                                    0x080001c0   Section       36  init.o(.text)
    ADC_Disable                              0x080001e5   Thumb Code    68  stm32f3xx_hal_adc_ex.o(.text.ADC_Disable)
    [Anonymous Symbol]                       0x080001e4   Section        0  stm32f3xx_hal_adc_ex.o(.text.ADC_Disable)
    ADC_Enable                               0x08000229   Thumb Code    64  stm32f3xx_hal_adc_ex.o(.text.ADC_Enable)
    [Anonymous Symbol]                       0x08000228   Section        0  stm32f3xx_hal_adc_ex.o(.text.ADC_Enable)
    __arm_cp.5_0                             0x08000268   Number         4  stm32f3xx_hal_adc_ex.o(.text.ADC_Enable)
    [Anonymous Symbol]                       0x0800026c   Section        0  stm32f3xx_it.o(.text.BusFault_Handler)
    [Anonymous Symbol]                       0x0800026e   Section        0  stm32f3xx_it.o(.text.DebugMon_Handler)
    [Anonymous Symbol]                       0x08000270   Section        0  stm32f3xx_hal_adc_ex.o(.text.HAL_ADCEx_MultiModeConfigChannel)
    [Anonymous Symbol]                       0x08000360   Section        0  stm32f3xx_hal_adc_ex.o(.text.HAL_ADC_ConfigChannel)
    __arm_cp.38_0                            0x08000648   Number         4  stm32f3xx_hal_adc_ex.o(.text.HAL_ADC_ConfigChannel)
    __arm_cp.38_1                            0x0800064c   Number         4  stm32f3xx_hal_adc_ex.o(.text.HAL_ADC_ConfigChannel)
    [Anonymous Symbol]                       0x08000650   Section        0  stm32f3xx_hal_adc_ex.o(.text.HAL_ADC_GetValue)
    [Anonymous Symbol]                       0x08000658   Section        0  stm32f3xx_hal_adc_ex.o(.text.HAL_ADC_Init)
    __arm_cp.0_0                             0x08000868   Number         4  stm32f3xx_hal_adc_ex.o(.text.HAL_ADC_Init)
    __arm_cp.0_1                             0x0800086c   Number         4  stm32f3xx_hal_adc_ex.o(.text.HAL_ADC_Init)
    __arm_cp.0_2                             0x08000870   Number         4  stm32f3xx_hal_adc_ex.o(.text.HAL_ADC_Init)
    __arm_cp.0_3                             0x08000874   Number         4  stm32f3xx_hal_adc_ex.o(.text.HAL_ADC_Init)
    __arm_cp.0_4                             0x08000878   Number         4  stm32f3xx_hal_adc_ex.o(.text.HAL_ADC_Init)
    __arm_cp.0_5                             0x0800087c   Number         4  stm32f3xx_hal_adc_ex.o(.text.HAL_ADC_Init)
    [Anonymous Symbol]                       0x08000880   Section        0  adc.o(.text.HAL_ADC_MspInit)
    __arm_cp.1_0                             0x080008b8   Number         4  adc.o(.text.HAL_ADC_MspInit)
    [Anonymous Symbol]                       0x080008bc   Section        0  stm32f3xx_hal_adc_ex.o(.text.HAL_ADC_Start)
    __arm_cp.4_0                             0x08000984   Number         4  stm32f3xx_hal_adc_ex.o(.text.HAL_ADC_Start)
    __arm_cp.4_1                             0x08000988   Number         4  stm32f3xx_hal_adc_ex.o(.text.HAL_ADC_Start)
    __arm_cp.4_2                             0x0800098c   Number         4  stm32f3xx_hal_adc_ex.o(.text.HAL_ADC_Start)
    __arm_cp.4_3                             0x08000990   Number         4  stm32f3xx_hal_adc_ex.o(.text.HAL_ADC_Start)
    [Anonymous Symbol]                       0x08000994   Section        0  stm32f3xx_hal_gpio.o(.text.HAL_GPIO_Init)
    __arm_cp.0_0                             0x08000ae8   Number         4  stm32f3xx_hal_gpio.o(.text.HAL_GPIO_Init)
    __arm_cp.0_1                             0x08000aec   Number         4  stm32f3xx_hal_gpio.o(.text.HAL_GPIO_Init)
    __arm_cp.0_2                             0x08000af0   Number         4  stm32f3xx_hal_gpio.o(.text.HAL_GPIO_Init)
    __arm_cp.0_4                             0x08000af4   Number         4  stm32f3xx_hal_gpio.o(.text.HAL_GPIO_Init)
    [Anonymous Symbol]                       0x08000af8   Section        0  stm32f3xx_hal.o(.text.HAL_GetTick)
    [Anonymous Symbol]                       0x08000b00   Section        0  stm32f3xx_hal.o(.text.HAL_IncTick)
    __arm_cp.5_1                             0x08000b10   Number         4  stm32f3xx_hal.o(.text.HAL_IncTick)
    [Anonymous Symbol]                       0x08000b14   Section        0  stm32f3xx_hal.o(.text.HAL_Init)
    [Anonymous Symbol]                       0x08000b34   Section        0  stm32f3xx_hal.o(.text.HAL_InitTick)
    __arm_cp.1_0                             0x08000b6c   Number         4  stm32f3xx_hal.o(.text.HAL_InitTick)
    [Anonymous Symbol]                       0x08000b70   Section        0  stm32f3xx_hal_msp.o(.text.HAL_MspInit)
    __arm_cp.0_0                             0x08000bd0   Number         4  stm32f3xx_hal_msp.o(.text.HAL_MspInit)
    __arm_cp.0_1                             0x08000bd4   Number         4  stm32f3xx_hal_msp.o(.text.HAL_MspInit)
    [Anonymous Symbol]                       0x08000bd8   Section        0  stm32f3xx_hal_cortex.o(.text.HAL_NVIC_SetPriority)
    __arm_cp.1_1                             0x08000c20   Number         4  stm32f3xx_hal_cortex.o(.text.HAL_NVIC_SetPriority)
    [Anonymous Symbol]                       0x08000c24   Section        0  stm32f3xx_hal_cortex.o(.text.HAL_NVIC_SetPriorityGrouping)
    __arm_cp.0_0                             0x08000c3c   Number         4  stm32f3xx_hal_cortex.o(.text.HAL_NVIC_SetPriorityGrouping)
    __arm_cp.0_1                             0x08000c40   Number         4  stm32f3xx_hal_cortex.o(.text.HAL_NVIC_SetPriorityGrouping)
    [Anonymous Symbol]                       0x08000c44   Section        0  stm32f3xx_hal_rcc.o(.text.HAL_RCC_ClockConfig)
    __arm_cp.2_0                             0x08000d9c   Number         4  stm32f3xx_hal_rcc.o(.text.HAL_RCC_ClockConfig)
    __arm_cp.2_2                             0x08000da0   Number         4  stm32f3xx_hal_rcc.o(.text.HAL_RCC_ClockConfig)
    [Anonymous Symbol]                       0x08000da4   Section        0  stm32f3xx_hal_rcc.o(.text.HAL_RCC_GetHCLKFreq)
    __arm_cp.7_0                             0x08000dac   Number         4  stm32f3xx_hal_rcc.o(.text.HAL_RCC_GetHCLKFreq)
    [Anonymous Symbol]                       0x08000db0   Section        0  stm32f3xx_hal_rcc.o(.text.HAL_RCC_GetSysClockFreq)
    __arm_cp.3_0                             0x08000e00   Number         4  stm32f3xx_hal_rcc.o(.text.HAL_RCC_GetSysClockFreq)
    __arm_cp.3_1                             0x08000e04   Number         4  stm32f3xx_hal_rcc.o(.text.HAL_RCC_GetSysClockFreq)
    __arm_cp.3_2                             0x08000e08   Number         4  stm32f3xx_hal_rcc.o(.text.HAL_RCC_GetSysClockFreq)
    __arm_cp.3_3                             0x08000e0c   Number         4  stm32f3xx_hal_rcc.o(.text.HAL_RCC_GetSysClockFreq)
    __arm_cp.3_4                             0x08000e10   Number         4  stm32f3xx_hal_rcc.o(.text.HAL_RCC_GetSysClockFreq)
    [Anonymous Symbol]                       0x08000e14   Section        0  stm32f3xx_hal_rcc.o(.text.HAL_RCC_OscConfig)
    __arm_cp.1_1                             0x08001214   Number         4  stm32f3xx_hal_rcc.o(.text.HAL_RCC_OscConfig)
    __arm_cp.1_2                             0x08001218   Number         4  stm32f3xx_hal_rcc.o(.text.HAL_RCC_OscConfig)
    [Anonymous Symbol]                       0x0800121c   Section        0  stm32f3xx_hal_cortex.o(.text.HAL_SYSTICK_CLKSourceConfig)
    [Anonymous Symbol]                       0x08001230   Section        0  stm32f3xx_hal_cortex.o(.text.HAL_SYSTICK_Callback)
    [Anonymous Symbol]                       0x08001234   Section        0  stm32f3xx_hal_cortex.o(.text.HAL_SYSTICK_Config)
    __arm_cp.5_0                             0x08001254   Number         4  stm32f3xx_hal_cortex.o(.text.HAL_SYSTICK_Config)
    __arm_cp.5_1                             0x08001258   Number         4  stm32f3xx_hal_cortex.o(.text.HAL_SYSTICK_Config)
    [Anonymous Symbol]                       0x0800125c   Section        0  stm32f3xx_hal_cortex.o(.text.HAL_SYSTICK_IRQHandler)
    [Anonymous Symbol]                       0x08001260   Section        0  stm32f3xx_it.o(.text.HardFault_Handler)
    [Anonymous Symbol]                       0x08001264   Section        0  adc.o(.text.MX_ADC1_Init)
    __arm_cp.0_1                             0x080012e0   Number         4  adc.o(.text.MX_ADC1_Init)
    [Anonymous Symbol]                       0x080012e4   Section        0  gpio.o(.text.MX_GPIO_Init)
    __arm_cp.0_0                             0x08001300   Number         4  gpio.o(.text.MX_GPIO_Init)
    [Anonymous Symbol]                       0x08001304   Section        0  stm32f3xx_it.o(.text.MemManage_Handler)
    [Anonymous Symbol]                       0x08001306   Section        0  stm32f3xx_it.o(.text.NMI_Handler)
    OUTLINED_FUNCTION_0                      0x08001309   Thumb Code    14  stm32f3xx_hal_rcc.o(.text.OUTLINED_FUNCTION_0)
    [Anonymous Symbol]                       0x08001308   Section        0  stm32f3xx_hal_rcc.o(.text.OUTLINED_FUNCTION_0)
    OUTLINED_FUNCTION_0                      0x08001317   Thumb Code     6  stm32f3xx_hal_msp.o(.text.OUTLINED_FUNCTION_0)
    [Anonymous Symbol]                       0x08001316   Section        0  stm32f3xx_hal_msp.o(.text.OUTLINED_FUNCTION_0)
    OUTLINED_FUNCTION_1                      0x0800131d   Thumb Code    16  stm32f3xx_hal_rcc.o(.text.OUTLINED_FUNCTION_1)
    [Anonymous Symbol]                       0x0800131c   Section        0  stm32f3xx_hal_rcc.o(.text.OUTLINED_FUNCTION_1)
    OUTLINED_FUNCTION_11                     0x0800132d   Thumb Code    22  stm32f3xx_hal_adc_ex.o(.text.OUTLINED_FUNCTION_11)
    [Anonymous Symbol]                       0x0800132c   Section        0  stm32f3xx_hal_adc_ex.o(.text.OUTLINED_FUNCTION_11)
    OUTLINED_FUNCTION_13                     0x08001343   Thumb Code    10  stm32f3xx_hal_adc_ex.o(.text.OUTLINED_FUNCTION_13)
    [Anonymous Symbol]                       0x08001342   Section        0  stm32f3xx_hal_adc_ex.o(.text.OUTLINED_FUNCTION_13)
    OUTLINED_FUNCTION_16                     0x0800134d   Thumb Code    16  stm32f3xx_hal_adc_ex.o(.text.OUTLINED_FUNCTION_16)
    [Anonymous Symbol]                       0x0800134c   Section        0  stm32f3xx_hal_adc_ex.o(.text.OUTLINED_FUNCTION_16)
    OUTLINED_FUNCTION_17                     0x0800135d   Thumb Code     8  stm32f3xx_hal_adc_ex.o(.text.OUTLINED_FUNCTION_17)
    [Anonymous Symbol]                       0x0800135c   Section        0  stm32f3xx_hal_adc_ex.o(.text.OUTLINED_FUNCTION_17)
    OUTLINED_FUNCTION_2                      0x08001365   Thumb Code    16  stm32f3xx_hal_rcc.o(.text.OUTLINED_FUNCTION_2)
    [Anonymous Symbol]                       0x08001364   Section        0  stm32f3xx_hal_rcc.o(.text.OUTLINED_FUNCTION_2)
    OUTLINED_FUNCTION_22                     0x08001375   Thumb Code    14  stm32f3xx_hal_adc_ex.o(.text.OUTLINED_FUNCTION_22)
    [Anonymous Symbol]                       0x08001374   Section        0  stm32f3xx_hal_adc_ex.o(.text.OUTLINED_FUNCTION_22)
    OUTLINED_FUNCTION_3                      0x08001383   Thumb Code     6  stm32f3xx_hal_adc_ex.o(.text.OUTLINED_FUNCTION_3)
    [Anonymous Symbol]                       0x08001382   Section        0  stm32f3xx_hal_adc_ex.o(.text.OUTLINED_FUNCTION_3)
    OUTLINED_FUNCTION_4                      0x08001389   Thumb Code    10  stm32f3xx_hal_rcc.o(.text.OUTLINED_FUNCTION_4)
    [Anonymous Symbol]                       0x08001388   Section        0  stm32f3xx_hal_rcc.o(.text.OUTLINED_FUNCTION_4)
    OUTLINED_FUNCTION_5                      0x08001393   Thumb Code    20  stm32f3xx_hal_adc_ex.o(.text.OUTLINED_FUNCTION_5)
    [Anonymous Symbol]                       0x08001392   Section        0  stm32f3xx_hal_adc_ex.o(.text.OUTLINED_FUNCTION_5)
    OUTLINED_FUNCTION_6                      0x080013a7   Thumb Code    12  stm32f3xx_hal_adc_ex.o(.text.OUTLINED_FUNCTION_6)
    [Anonymous Symbol]                       0x080013a6   Section        0  stm32f3xx_hal_adc_ex.o(.text.OUTLINED_FUNCTION_6)
    OUTLINED_FUNCTION_8                      0x080013b3   Thumb Code    20  stm32f3xx_hal_adc_ex.o(.text.OUTLINED_FUNCTION_8)
    [Anonymous Symbol]                       0x080013b2   Section        0  stm32f3xx_hal_adc_ex.o(.text.OUTLINED_FUNCTION_8)
    [Anonymous Symbol]                       0x080013c6   Section        0  stm32f3xx_it.o(.text.PendSV_Handler)
    [Anonymous Symbol]                       0x080013c8   Section        0  stm32f3xx_it.o(.text.SVC_Handler)
    [Anonymous Symbol]                       0x080013ca   Section        0  stm32f3xx_it.o(.text.SysTick_Handler)
    [Anonymous Symbol]                       0x080013d8   Section        0  main.o(.text.SystemClock_Config)
    [Anonymous Symbol]                       0x08001434   Section        0  system_stm32f3xx.o(.text.SystemInit)
    __arm_cp.0_0                             0x08001488   Number         4  system_stm32f3xx.o(.text.SystemInit)
    __arm_cp.0_1                             0x0800148c   Number         4  system_stm32f3xx.o(.text.SystemInit)
    __arm_cp.0_2                             0x08001490   Number         4  system_stm32f3xx.o(.text.SystemInit)
    __arm_cp.0_3                             0x08001494   Number         4  system_stm32f3xx.o(.text.SystemInit)
    __arm_cp.0_4                             0x08001498   Number         4  system_stm32f3xx.o(.text.SystemInit)
    [Anonymous Symbol]                       0x0800149c   Section        0  stm32f3xx_it.o(.text.UsageFault_Handler)
    [Anonymous Symbol]                       0x0800149e   Section        0  main.o(.text._Error_Handler)
    [Anonymous Symbol]                       0x080014a0   Section        0  main.o(.text.main)
    __arm_cp.0_0                             0x080014c4   Number         4  main.o(.text.main)
    __arm_cp.0_1                             0x080014c8   Number         4  main.o(.text.main)
    i.__scatterload_copy                     0x080014cc   Section       14  handlers.o(i.__scatterload_copy)
    i.__scatterload_null                     0x080014da   Section        2  handlers.o(i.__scatterload_null)
    i.__scatterload_zeroinit                 0x080014dc   Section       14  handlers.o(i.__scatterload_zeroinit)
    [Anonymous Symbol]                       0x0800151a   Section        0  adc.o(.rodata.str1.1)
    [Anonymous Symbol]                       0x20000000   Section        0  stm32f3xx_hal.o(.data..L_MergedGlobals)
    STACK                                    0x20000070   Section     1024  startup_stm32f303xc.o(STACK)

    Global Symbols

    Symbol Name                              Value     Ov Type        Size  Object(Section)

    BuildAttributes$$THM_ISAv4$E$P$D$K$B$S$7EM$VFPi3$EXTD16$VFPS$VFMA$PE$A:L22UL41UL21$X:L11$S22US41US21$IEEE1$IW$~IW$USESV6$~STKCKD$USESV7$~SHL$OSPACE$EBA8$MICROLIB$REQ8$PRES8$EABIv2 0x00000000   Number         0  anon$$obj.o ABSOLUTE
    __cpp_initialize__aeabi_                  - Undefined Weak Reference
    __cxa_finalize                            - Undefined Weak Reference
    __decompress                              - Undefined Weak Reference
    _clock_init                               - Undefined Weak Reference
    _microlib_exit                            - Undefined Weak Reference
    __Vectors_Size                           0x00000188   Number         0  startup_stm32f303xc.o ABSOLUTE
    __Vectors                                0x08000000   Data           4  startup_stm32f303xc.o(RESET)
    __Vectors_End                            0x08000188   Data           0  startup_stm32f303xc.o(RESET)
    __main                                   0x08000189   Thumb Code     0  entry.o(.ARM.Collect$$$$00000000)
    _main_stk                                0x08000189   Thumb Code     0  entry2.o(.ARM.Collect$$$$00000001)
    _main_scatterload                        0x0800018d   Thumb Code     0  entry5.o(.ARM.Collect$$$$00000004)
    __main_after_scatterload                 0x08000191   Thumb Code     0  entry5.o(.ARM.Collect$$$$00000004)
    _main_clock                              0x08000191   Thumb Code     0  entry7b.o(.ARM.Collect$$$$00000008)
    _main_cpp_init                           0x08000191   Thumb Code     0  entry8b.o(.ARM.Collect$$$$0000000A)
    _main_init                               0x08000191   Thumb Code     0  entry9a.o(.ARM.Collect$$$$0000000B)
    __rt_final_cpp                           0x08000199   Thumb Code     0  entry10a.o(.ARM.Collect$$$$0000000D)
    __rt_final_exit                          0x08000199   Thumb Code     0  entry11a.o(.ARM.Collect$$$$0000000F)
    Reset_Handler                            0x0800019d   Thumb Code     8  startup_stm32f303xc.o(.text)
    ADC1_2_IRQHandler                        0x080001b7   Thumb Code     0  startup_stm32f303xc.o(.text)
    ADC3_IRQHandler                          0x080001b7   Thumb Code     0  startup_stm32f303xc.o(.text)
    ADC4_IRQHandler                          0x080001b7   Thumb Code     0  startup_stm32f303xc.o(.text)
    CAN_RX1_IRQHandler                       0x080001b7   Thumb Code     0  startup_stm32f303xc.o(.text)
    CAN_SCE_IRQHandler                       0x080001b7   Thumb Code     0  startup_stm32f303xc.o(.text)
    COMP1_2_3_IRQHandler                     0x080001b7   Thumb Code     0  startup_stm32f303xc.o(.text)
    COMP4_5_6_IRQHandler                     0x080001b7   Thumb Code     0  startup_stm32f303xc.o(.text)
    COMP7_IRQHandler                         0x080001b7   Thumb Code     0  startup_stm32f303xc.o(.text)
    DMA1_Channel1_IRQHandler                 0x080001b7   Thumb Code     0  startup_stm32f303xc.o(.text)
    DMA1_Channel2_IRQHandler                 0x080001b7   Thumb Code     0  startup_stm32f303xc.o(.text)
    DMA1_Channel3_IRQHandler                 0x080001b7   Thumb Code     0  startup_stm32f303xc.o(.text)
    DMA1_Channel4_IRQHandler                 0x080001b7   Thumb Code     0  startup_stm32f303xc.o(.text)
    DMA1_Channel5_IRQHandler                 0x080001b7   Thumb Code     0  startup_stm32f303xc.o(.text)
    DMA1_Channel6_IRQHandler                 0x080001b7   Thumb Code     0  startup_stm32f303xc.o(.text)
    DMA1_Channel7_IRQHandler                 0x080001b7   Thumb Code     0  startup_stm32f303xc.o(.text)
    DMA2_Channel1_IRQHandler                 0x080001b7   Thumb Code     0  startup_stm32f303xc.o(.text)
    DMA2_Channel2_IRQHandler                 0x080001b7   Thumb Code     0  startup_stm32f303xc.o(.text)
    DMA2_Channel3_IRQHandler                 0x080001b7   Thumb Code     0  startup_stm32f303xc.o(.text)
    DMA2_Channel4_IRQHandler                 0x080001b7   Thumb Code     0  startup_stm32f303xc.o(.text)
    DMA2_Channel5_IRQHandler                 0x080001b7   Thumb Code     0  startup_stm32f303xc.o(.text)
    EXTI0_IRQHandler                         0x080001b7   Thumb Code     0  startup_stm32f303xc.o(.text)
    EXTI15_10_IRQHandler                     0x080001b7   Thumb Code     0  startup_stm32f303xc.o(.text)
    EXTI1_IRQHandler                         0x080001b7   Thumb Code     0  startup_stm32f303xc.o(.text)
    EXTI2_TSC_IRQHandler                     0x080001b7   Thumb Code     0  startup_stm32f303xc.o(.text)
    EXTI3_IRQHandler                         0x080001b7   Thumb Code     0  startup_stm32f303xc.o(.text)
    EXTI4_IRQHandler                         0x080001b7   Thumb Code     0  startup_stm32f303xc.o(.text)
    EXTI9_5_IRQHandler                       0x080001b7   Thumb Code     0  startup_stm32f303xc.o(.text)
    FLASH_IRQHandler                         0x080001b7   Thumb Code     0  startup_stm32f303xc.o(.text)
    FPU_IRQHandler                           0x080001b7   Thumb Code     0  startup_stm32f303xc.o(.text)
    I2C1_ER_IRQHandler                       0x080001b7   Thumb Code     0  startup_stm32f303xc.o(.text)
    I2C1_EV_IRQHandler                       0x080001b7   Thumb Code     0  startup_stm32f303xc.o(.text)
    I2C2_ER_IRQHandler                       0x080001b7   Thumb Code     0  startup_stm32f303xc.o(.text)
    I2C2_EV_IRQHandler                       0x080001b7   Thumb Code     0  startup_stm32f303xc.o(.text)
    PVD_IRQHandler                           0x080001b7   Thumb Code     0  startup_stm32f303xc.o(.text)
    RCC_IRQHandler                           0x080001b7   Thumb Code     0  startup_stm32f303xc.o(.text)
    RTC_Alarm_IRQHandler                     0x080001b7   Thumb Code     0  startup_stm32f303xc.o(.text)
    RTC_WKUP_IRQHandler                      0x080001b7   Thumb Code     0  startup_stm32f303xc.o(.text)
    SPI1_IRQHandler                          0x080001b7   Thumb Code     0  startup_stm32f303xc.o(.text)
    SPI2_IRQHandler                          0x080001b7   Thumb Code     0  startup_stm32f303xc.o(.text)
    SPI3_IRQHandler                          0x080001b7   Thumb Code     0  startup_stm32f303xc.o(.text)
    TAMP_STAMP_IRQHandler                    0x080001b7   Thumb Code     0  startup_stm32f303xc.o(.text)
    TIM1_BRK_TIM15_IRQHandler                0x080001b7   Thumb Code     0  startup_stm32f303xc.o(.text)
    TIM1_CC_IRQHandler                       0x080001b7   Thumb Code     0  startup_stm32f303xc.o(.text)
    TIM1_TRG_COM_TIM17_IRQHandler            0x080001b7   Thumb Code     0  startup_stm32f303xc.o(.text)
    TIM1_UP_TIM16_IRQHandler                 0x080001b7   Thumb Code     0  startup_stm32f303xc.o(.text)
    TIM2_IRQHandler                          0x080001b7   Thumb Code     0  startup_stm32f303xc.o(.text)
    TIM3_IRQHandler                          0x080001b7   Thumb Code     0  startup_stm32f303xc.o(.text)
    TIM4_IRQHandler                          0x080001b7   Thumb Code     0  startup_stm32f303xc.o(.text)
    TIM6_DAC_IRQHandler                      0x080001b7   Thumb Code     0  startup_stm32f303xc.o(.text)
    TIM7_IRQHandler                          0x080001b7   Thumb Code     0  startup_stm32f303xc.o(.text)
    TIM8_BRK_IRQHandler                      0x080001b7   Thumb Code     0  startup_stm32f303xc.o(.text)
    TIM8_CC_IRQHandler                       0x080001b7   Thumb Code     0  startup_stm32f303xc.o(.text)
    TIM8_TRG_COM_IRQHandler                  0x080001b7   Thumb Code     0  startup_stm32f303xc.o(.text)
    TIM8_UP_IRQHandler                       0x080001b7   Thumb Code     0  startup_stm32f303xc.o(.text)
    UART4_IRQHandler                         0x080001b7   Thumb Code     0  startup_stm32f303xc.o(.text)
    UART5_IRQHandler                         0x080001b7   Thumb Code     0  startup_stm32f303xc.o(.text)
    USART1_IRQHandler                        0x080001b7   Thumb Code     0  startup_stm32f303xc.o(.text)
    USART2_IRQHandler                        0x080001b7   Thumb Code     0  startup_stm32f303xc.o(.text)
    USART3_IRQHandler                        0x080001b7   Thumb Code     0  startup_stm32f303xc.o(.text)
    USBWakeUp_IRQHandler                     0x080001b7   Thumb Code     0  startup_stm32f303xc.o(.text)
    USBWakeUp_RMP_IRQHandler                 0x080001b7   Thumb Code     0  startup_stm32f303xc.o(.text)
    USB_HP_CAN_TX_IRQHandler                 0x080001b7   Thumb Code     0  startup_stm32f303xc.o(.text)
    USB_HP_IRQHandler                        0x080001b7   Thumb Code     0  startup_stm32f303xc.o(.text)
    USB_LP_CAN_RX0_IRQHandler                0x080001b7   Thumb Code     0  startup_stm32f303xc.o(.text)
    USB_LP_IRQHandler                        0x080001b7   Thumb Code     0  startup_stm32f303xc.o(.text)
    WWDG_IRQHandler                          0x080001b7   Thumb Code     0  startup_stm32f303xc.o(.text)
    __scatterload                            0x080001c1   Thumb Code    28  init.o(.text)
    __scatterload_rt2                        0x080001c1   Thumb Code     0  init.o(.text)
    BusFault_Handler                         0x0800026d   Thumb Code     2  stm32f3xx_it.o(.text.BusFault_Handler)
    DebugMon_Handler                         0x0800026f   Thumb Code     2  stm32f3xx_it.o(.text.DebugMon_Handler)
    HAL_ADCEx_MultiModeConfigChannel         0x08000271   Thumb Code   240  stm32f3xx_hal_adc_ex.o(.text.HAL_ADCEx_MultiModeConfigChannel)
    HAL_ADC_ConfigChannel                    0x08000361   Thumb Code   744  stm32f3xx_hal_adc_ex.o(.text.HAL_ADC_ConfigChannel)
    HAL_ADC_GetValue                         0x08000651   Thumb Code     6  stm32f3xx_hal_adc_ex.o(.text.HAL_ADC_GetValue)
    HAL_ADC_Init                             0x08000659   Thumb Code   528  stm32f3xx_hal_adc_ex.o(.text.HAL_ADC_Init)
    HAL_ADC_MspInit                          0x08000881   Thumb Code    56  adc.o(.text.HAL_ADC_MspInit)
    HAL_ADC_Start                            0x080008bd   Thumb Code   200  stm32f3xx_hal_adc_ex.o(.text.HAL_ADC_Start)
    HAL_GPIO_Init                            0x08000995   Thumb Code   340  stm32f3xx_hal_gpio.o(.text.HAL_GPIO_Init)
    HAL_GetTick                              0x08000af9   Thumb Code     8  stm32f3xx_hal.o(.text.HAL_GetTick)
    HAL_IncTick                              0x08000b01   Thumb Code    16  stm32f3xx_hal.o(.text.HAL_IncTick)
    HAL_Init                                 0x08000b15   Thumb Code    32  stm32f3xx_hal.o(.text.HAL_Init)
    HAL_InitTick                             0x08000b35   Thumb Code    56  stm32f3xx_hal.o(.text.HAL_InitTick)
    HAL_MspInit                              0x08000b71   Thumb Code    96  stm32f3xx_hal_msp.o(.text.HAL_MspInit)
    HAL_NVIC_SetPriority                     0x08000bd9   Thumb Code    72  stm32f3xx_hal_cortex.o(.text.HAL_NVIC_SetPriority)
    HAL_NVIC_SetPriorityGrouping             0x08000c25   Thumb Code    24  stm32f3xx_hal_cortex.o(.text.HAL_NVIC_SetPriorityGrouping)
    HAL_RCC_ClockConfig                      0x08000c45   Thumb Code   344  stm32f3xx_hal_rcc.o(.text.HAL_RCC_ClockConfig)
    HAL_RCC_GetHCLKFreq                      0x08000da5   Thumb Code     8  stm32f3xx_hal_rcc.o(.text.HAL_RCC_GetHCLKFreq)
    HAL_RCC_GetSysClockFreq                  0x08000db1   Thumb Code    80  stm32f3xx_hal_rcc.o(.text.HAL_RCC_GetSysClockFreq)
    HAL_RCC_OscConfig                        0x08000e15   Thumb Code  1024  stm32f3xx_hal_rcc.o(.text.HAL_RCC_OscConfig)
    HAL_SYSTICK_CLKSourceConfig              0x0800121d   Thumb Code    20  stm32f3xx_hal_cortex.o(.text.HAL_SYSTICK_CLKSourceConfig)
    HAL_SYSTICK_Callback                     0x08001231   Thumb Code     2  stm32f3xx_hal_cortex.o(.text.HAL_SYSTICK_Callback)
    HAL_SYSTICK_Config                       0x08001235   Thumb Code    32  stm32f3xx_hal_cortex.o(.text.HAL_SYSTICK_Config)
    HAL_SYSTICK_IRQHandler                   0x0800125d   Thumb Code     4  stm32f3xx_hal_cortex.o(.text.HAL_SYSTICK_IRQHandler)
    HardFault_Handler                        0x08001261   Thumb Code     2  stm32f3xx_it.o(.text.HardFault_Handler)
    MX_ADC1_Init                             0x08001265   Thumb Code   124  adc.o(.text.MX_ADC1_Init)
    MX_GPIO_Init                             0x080012e5   Thumb Code    28  gpio.o(.text.MX_GPIO_Init)
    MemManage_Handler                        0x08001305   Thumb Code     2  stm32f3xx_it.o(.text.MemManage_Handler)
    NMI_Handler                              0x08001307   Thumb Code     2  stm32f3xx_it.o(.text.NMI_Handler)
    PendSV_Handler                           0x080013c7   Thumb Code     2  stm32f3xx_it.o(.text.PendSV_Handler)
    SVC_Handler                              0x080013c9   Thumb Code     2  stm32f3xx_it.o(.text.SVC_Handler)
    SysTick_Handler                          0x080013cb   Thumb Code    14  stm32f3xx_it.o(.text.SysTick_Handler)
    SystemClock_Config                       0x080013d9   Thumb Code    92  main.o(.text.SystemClock_Config)
    SystemInit                               0x08001435   Thumb Code    84  system_stm32f3xx.o(.text.SystemInit)
    UsageFault_Handler                       0x0800149d   Thumb Code     2  stm32f3xx_it.o(.text.UsageFault_Handler)
    _Error_Handler                           0x0800149f   Thumb Code     2  main.o(.text._Error_Handler)
    main                                     0x080014a1   Thumb Code    36  main.o(.text.main)
    __scatterload_copy                       0x080014cd   Thumb Code    14  handlers.o(i.__scatterload_copy)
    __scatterload_null                       0x080014db   Thumb Code     2  handlers.o(i.__scatterload_null)
    __scatterload_zeroinit                   0x080014dd   Thumb Code    14  handlers.o(i.__scatterload_zeroinit)
    AHBPrescTable                            0x080014ea   Data          16  system_stm32f3xx.o(.rodata.AHBPrescTable)
    aPLLMULFactorTable                       0x080014fa   Data          16  stm32f3xx_hal_rcc.o(.rodata.aPLLMULFactorTable)
    aPredivFactorTable                       0x0800150a   Data          16  stm32f3xx_hal_rcc.o(.rodata.aPredivFactorTable)
    Region$$Table$$Base                      0x08001528   Number         0  anon$$obj.o(Region$$Table)
    Region$$Table$$Limit                     0x08001548   Number         0  anon$$obj.o(Region$$Table)
    uwTickFreq                               0x20000000   Data           1  stm32f3xx_hal.o(.data..L_MergedGlobals)
    uwTickPrio                               0x20000004   Data           4  stm32f3xx_hal.o(.data..L_MergedGlobals)
    SystemCoreClock                          0x20000008   Data           4  system_stm32f3xx.o(.data.SystemCoreClock)
    hadc1                                    0x20000010   Data          84  adc.o(.bss.hadc1)
    uwTick                                   0x20000064   Data           4  stm32f3xx_hal.o(.bss.uwTick)
    valor_ADC                                0x20000068   Data           4  main.o(.bss.valor_ADC)
    __initial_sp                             0x20000470   Data           0  startup_stm32f303xc.o(STACK)



==============================================================================

Memory Map of the image

  Image Entry point : 0x08000189

  Load Region LR_IROM1 (Base: 0x08000000, Size: 0x00001558, Max: 0x00040000, ABSOLUTE)

    Execution Region ER_IROM1 (Exec base: 0x08000000, Load base: 0x08000000, Size: 0x00001548, Max: 0x00040000, ABSOLUTE)

    Exec Addr    Load Addr    Size         Type   Attr      Idx    E Section Name        Object

    0x08000000   0x08000000   0x00000188   Data   RO          957    RESET               startup_stm32f303xc.o
    0x08000188   0x08000188   0x00000000   Code   RO          964  * .ARM.Collect$$$$00000000  mc_w.l(entry.o)
    0x08000188   0x08000188   0x00000004   Code   RO          969    .ARM.Collect$$$$00000001  mc_w.l(entry2.o)
    0x0800018c   0x0800018c   0x00000004   Code   RO          972    .ARM.Collect$$$$00000004  mc_w.l(entry5.o)
    0x08000190   0x08000190   0x00000000   Code   RO          974    .ARM.Collect$$$$00000008  mc_w.l(entry7b.o)
    0x08000190   0x08000190   0x00000000   Code   RO          976    .ARM.Collect$$$$0000000A  mc_w.l(entry8b.o)
    0x08000190   0x08000190   0x00000008   Code   RO          977    .ARM.Collect$$$$0000000B  mc_w.l(entry9a.o)
    0x08000198   0x08000198   0x00000000   Code   RO          979    .ARM.Collect$$$$0000000D  mc_w.l(entry10a.o)
    0x08000198   0x08000198   0x00000000   Code   RO          981    .ARM.Collect$$$$0000000F  mc_w.l(entry11a.o)
    0x08000198   0x08000198   0x00000004   Code   RO          970    .ARM.Collect$$$$00002712  mc_w.l(entry2.o)
    0x0800019c   0x0800019c   0x00000024   Code   RO          958    .text               startup_stm32f303xc.o
    0x080001c0   0x080001c0   0x00000024   Code   RO          983    .text               mc_w.l(init.o)
    0x080001e4   0x080001e4   0x00000044   Code   RO            4    .text.ADC_Disable   stm32f3xx_hal_adc_ex.o
    0x08000228   0x08000228   0x00000044   Code   RO           12    .text.ADC_Enable    stm32f3xx_hal_adc_ex.o
    0x0800026c   0x0800026c   0x00000002   Code   RO          883    .text.BusFault_Handler  stm32f3xx_it.o
    0x0800026e   0x0800026e   0x00000002   Code   RO          889    .text.DebugMon_Handler  stm32f3xx_it.o
    0x08000270   0x08000270   0x000000f0   Code   RO           84    .text.HAL_ADCEx_MultiModeConfigChannel  stm32f3xx_hal_adc_ex.o
    0x08000360   0x08000360   0x000002f0   Code   RO           78    .text.HAL_ADC_ConfigChannel  stm32f3xx_hal_adc_ex.o
    0x08000650   0x08000650   0x00000006   Code   RO           34    .text.HAL_ADC_GetValue  stm32f3xx_hal_adc_ex.o
    0x08000656   0x08000656   0x00000002   PAD
    0x08000658   0x08000658   0x00000228   Code   RO            2    .text.HAL_ADC_Init  stm32f3xx_hal_adc_ex.o
    0x08000880   0x08000880   0x0000003c   Code   RO          919    .text.HAL_ADC_MspInit  adc.o
    0x080008bc   0x080008bc   0x000000d8   Code   RO           10    .text.HAL_ADC_Start  stm32f3xx_hal_adc_ex.o
    0x08000994   0x08000994   0x00000164   Code   RO          761    .text.HAL_GPIO_Init  stm32f3xx_hal_gpio.o
    0x08000af8   0x08000af8   0x00000008   Code   RO          170    .text.HAL_GetTick   stm32f3xx_hal.o
    0x08000b00   0x08000b00   0x00000014   Code   RO          168    .text.HAL_IncTick   stm32f3xx_hal.o
    0x08000b14   0x08000b14   0x00000020   Code   RO          158    .text.HAL_Init      stm32f3xx_hal.o
    0x08000b34   0x08000b34   0x0000003c   Code   RO          160    .text.HAL_InitTick  stm32f3xx_hal.o
    0x08000b70   0x08000b70   0x00000068   Code   RO          866    .text.HAL_MspInit   stm32f3xx_hal_msp.o
    0x08000bd8   0x08000bd8   0x0000004c   Code   RO          661    .text.HAL_NVIC_SetPriority  stm32f3xx_hal_cortex.o
    0x08000c24   0x08000c24   0x00000020   Code   RO          659    .text.HAL_NVIC_SetPriorityGrouping  stm32f3xx_hal_cortex.o
    0x08000c44   0x08000c44   0x00000160   Code   RO          790    .text.HAL_RCC_ClockConfig  stm32f3xx_hal_rcc.o
    0x08000da4   0x08000da4   0x0000000c   Code   RO          800    .text.HAL_RCC_GetHCLKFreq  stm32f3xx_hal_rcc.o
    0x08000db0   0x08000db0   0x00000064   Code   RO          792    .text.HAL_RCC_GetSysClockFreq  stm32f3xx_hal_rcc.o
    0x08000e14   0x08000e14   0x00000408   Code   RO          788    .text.HAL_RCC_OscConfig  stm32f3xx_hal_rcc.o
    0x0800121c   0x0800121c   0x00000014   Code   RO          689    .text.HAL_SYSTICK_CLKSourceConfig  stm32f3xx_hal_cortex.o
    0x08001230   0x08001230   0x00000002   Code   RO          693    .text.HAL_SYSTICK_Callback  stm32f3xx_hal_cortex.o
    0x08001232   0x08001232   0x00000002   PAD
    0x08001234   0x08001234   0x00000028   Code   RO          669    .text.HAL_SYSTICK_Config  stm32f3xx_hal_cortex.o
    0x0800125c   0x0800125c   0x00000004   Code   RO          691    .text.HAL_SYSTICK_IRQHandler  stm32f3xx_hal_cortex.o
    0x08001260   0x08001260   0x00000002   Code   RO          879    .text.HardFault_Handler  stm32f3xx_it.o
    0x08001262   0x08001262   0x00000002   PAD
    0x08001264   0x08001264   0x00000080   Code   RO          917    .text.MX_ADC1_Init  adc.o
    0x080012e4   0x080012e4   0x00000020   Code   RO          933    .text.MX_GPIO_Init  gpio.o
    0x08001304   0x08001304   0x00000002   Code   RO          881    .text.MemManage_Handler  stm32f3xx_it.o
    0x08001306   0x08001306   0x00000002   Code   RO          877    .text.NMI_Handler   stm32f3xx_it.o
    0x08001308   0x08001308   0x0000000e   Code   RO          814    .text.OUTLINED_FUNCTION_0  stm32f3xx_hal_rcc.o
    0x08001316   0x08001316   0x00000006   Code   RO          868    .text.OUTLINED_FUNCTION_0  stm32f3xx_hal_msp.o
    0x0800131c   0x0800131c   0x00000010   Code   RO          816    .text.OUTLINED_FUNCTION_1  stm32f3xx_hal_rcc.o
    0x0800132c   0x0800132c   0x00000016   Code   RO          108    .text.OUTLINED_FUNCTION_11  stm32f3xx_hal_adc_ex.o
    0x08001342   0x08001342   0x0000000a   Code   RO          112    .text.OUTLINED_FUNCTION_13  stm32f3xx_hal_adc_ex.o
    0x0800134c   0x0800134c   0x00000010   Code   RO          118    .text.OUTLINED_FUNCTION_16  stm32f3xx_hal_adc_ex.o
    0x0800135c   0x0800135c   0x00000008   Code   RO          120    .text.OUTLINED_FUNCTION_17  stm32f3xx_hal_adc_ex.o
    0x08001364   0x08001364   0x00000010   Code   RO          818    .text.OUTLINED_FUNCTION_2  stm32f3xx_hal_rcc.o
    0x08001374   0x08001374   0x0000000e   Code   RO          130    .text.OUTLINED_FUNCTION_22  stm32f3xx_hal_adc_ex.o
    0x08001382   0x08001382   0x00000006   Code   RO           92    .text.OUTLINED_FUNCTION_3  stm32f3xx_hal_adc_ex.o
    0x08001388   0x08001388   0x0000000a   Code   RO          822    .text.OUTLINED_FUNCTION_4  stm32f3xx_hal_rcc.o
    0x08001392   0x08001392   0x00000014   Code   RO           96    .text.OUTLINED_FUNCTION_5  stm32f3xx_hal_adc_ex.o
    0x080013a6   0x080013a6   0x0000000c   Code   RO           98    .text.OUTLINED_FUNCTION_6  stm32f3xx_hal_adc_ex.o
    0x080013b2   0x080013b2   0x00000014   Code   RO          102    .text.OUTLINED_FUNCTION_8  stm32f3xx_hal_adc_ex.o
    0x080013c6   0x080013c6   0x00000002   Code   RO          891    .text.PendSV_Handler  stm32f3xx_it.o
    0x080013c8   0x080013c8   0x00000002   Code   RO          887    .text.SVC_Handler   stm32f3xx_it.o
    0x080013ca   0x080013ca   0x0000000e   Code   RO          893    .text.SysTick_Handler  stm32f3xx_it.o
    0x080013d8   0x080013d8   0x0000005c   Code   RO          904    .text.SystemClock_Config  main.o
    0x08001434   0x08001434   0x00000068   Code   RO          941    .text.SystemInit    system_stm32f3xx.o
    0x0800149c   0x0800149c   0x00000002   Code   RO          885    .text.UsageFault_Handler  stm32f3xx_it.o
    0x0800149e   0x0800149e   0x00000002   Code   RO          906    .text._Error_Handler  main.o
    0x080014a0   0x080014a0   0x0000002c   Code   RO          902    .text.main          main.o
    0x080014cc   0x080014cc   0x0000000e   Code   RO          987    i.__scatterload_copy  mc_w.l(handlers.o)
    0x080014da   0x080014da   0x00000002   Code   RO          988    i.__scatterload_null  mc_w.l(handlers.o)
    0x080014dc   0x080014dc   0x0000000e   Code   RO          989    i.__scatterload_zeroinit  mc_w.l(handlers.o)
    0x080014ea   0x080014ea   0x00000010   Data   RO          946    .rodata.AHBPrescTable  system_stm32f3xx.o
    0x080014fa   0x080014fa   0x00000010   Data   RO          824    .rodata.aPLLMULFactorTable  stm32f3xx_hal_rcc.o
    0x0800150a   0x0800150a   0x00000010   Data   RO          825    .rodata.aPredivFactorTable  stm32f3xx_hal_rcc.o
    0x0800151a   0x0800151a   0x0000000d   Data   RO          924    .rodata.str1.1      adc.o
    0x08001527   0x08001527   0x00000001   PAD
    0x08001528   0x08001528   0x00000020   Data   RO          986    Region$$Table       anon$$obj.o


    Execution Region RW_IRAM1 (Exec base: 0x20000000, Load base: 0x08001548, Size: 0x00000470, Max: 0x0000a000, ABSOLUTE)

    Exec Addr    Load Addr    Size         Type   Attr      Idx    E Section Name        Object

    0x20000000   0x08001548   0x00000008   Data   RW          213    .data..L_MergedGlobals  stm32f3xx_hal.o
    0x20000008   0x08001550   0x00000004   Data   RW          945    .data.SystemCoreClock  system_stm32f3xx.o
    0x2000000c   0x08001554   0x00000004   PAD
    0x20000010        -       0x00000054   Zero   RW          923    .bss.hadc1          adc.o
    0x20000064        -       0x00000004   Zero   RW          212    .bss.uwTick         stm32f3xx_hal.o
    0x20000068        -       0x00000004   Zero   RW          908    .bss.valor_ADC      main.o
    0x2000006c   0x08001554   0x00000004   PAD
    0x20000070        -       0x00000400   Zero   RW          955    STACK               startup_stm32f303xc.o


==============================================================================

Image component sizes


      Code (inc. data)   RO Data    RW Data    ZI Data      Debug   Object Name

       188          8         13          0         84       5115   adc.o
        32          4          0          0          0        956   gpio.o
       138          8          0          0          4       3664   main.o
        36          8        392          0       1024        836   startup_stm32f303xc.o
       120          8          0          8          4       6391   stm32f3xx_hal.o
      2030         74          0          0          0      25127   stm32f3xx_hal_adc_ex.o
       174         20          0          0          0       8975   stm32f3xx_hal_cortex.o
       356         16          0          0          0       4671   stm32f3xx_hal_gpio.o
       110          8          0          0          0       2693   stm32f3xx_hal_msp.o
      1552         44         32          0          0      10012   stm32f3xx_hal_rcc.o
        30          0          0          0          0       1167   stm32f3xx_it.o
       104         20         16          4          0       2231   system_stm32f3xx.o

    ----------------------------------------------------------------------
      4876        218        486         12       1124      71838   Object Totals
         0          0         32          0          0          0   (incl. Generated)
         6          0          1          0          8          0   (incl. Padding)

    ----------------------------------------------------------------------

      Code (inc. data)   RO Data    RW Data    ZI Data      Debug   Library Member Name

         0          0          0          0          0          0   entry.o
         0          0          0          0          0          0   entry10a.o
         0          0          0          0          0          0   entry11a.o
         8          4          0          0          0          0   entry2.o
         4          0          0          0          0          0   entry5.o
         0          0          0          0          0          0   entry7b.o
         0          0          0          0          0          0   entry8b.o
         8          4          0          0          0          0   entry9a.o
        30          0          0          0          0          0   handlers.o
        36          8          0          0          0         68   init.o

    ----------------------------------------------------------------------
        86         16          0          0          0         68   Library Totals
         0          0          0          0          0          0   (incl. Padding)

    ----------------------------------------------------------------------

      Code (inc. data)   RO Data    RW Data    ZI Data      Debug   Library Name

        86         16          0          0          0         68   mc_w.l

    ----------------------------------------------------------------------
        86         16          0          0          0         68   Library Totals

    ----------------------------------------------------------------------

==============================================================================


      Code (inc. data)   RO Data    RW Data    ZI Data      Debug   

      4962        234        486         12       1124      71910   Grand Totals
      4962        234        486         12       1124      71910   ELF Image Totals
      4962        234        486         12          0          0   ROM Totals

==============================================================================

    Total RO  Size (Code + RO Data)                 5448 (   5.32kB)
    Total RW  Size (RW Data + ZI Data)              1136 (   1.11kB)
    Total ROM Size (Code + RO Data + RW Data)       5460 (   5.33kB)

==============================================================================

